
Allocating common symbols
Common symbol       size              file

MA_PVal             0x4               Main_Algorithm.o
AA_State            0x4               Alarm_Actuator_Driver.o
AM_state_id         0x1               Alarm_Monitor.o
MA_State            0x4               Main_Algorithm.o
AA_state_id         0x1               Alarm_Actuator_Driver.o
AM_State            0x4               Alarm_Monitor.o
MA_state_id         0x1               main.o
PS_state_id         0x1               main.o
PS_State            0x4               Pressure_sensor_driver.o

Memory Configuration

Name             Origin             Length             Attributes
flash            0x08000000         0x00010000         xr
sram             0x20000000         0x00005000         xrw
*default*        0x00000000         0xffffffff

Linker script and memory map


.text           0x08000000      0x408
 *(.vectors*)
 .vectors       0x08000000       0x1c startup.o
                0x08000000                vectors
 *(.text*)
 .text          0x0800001c       0x78 Alarm_Actuator_Driver.o
                0x0800001c                AA_init
                0x08000028                ST_AA_Waiting
                0x08000054                ST_AA_AlarmOn
                0x08000074                ST_AA_AlarmOff
 .text          0x08000094       0xc8 Alarm_Monitor.o
                0x08000094                AM_init
                0x080000a0                start_alarm
                0x080000bc                stop_alarm
                0x080000d4                ST_AM_AlarmOn
                0x08000118                ST_AM_AlarmOff
 .text          0x0800015c       0xc4 driver.o
                0x0800015c                Delay
                0x0800017c                getPressureVal
                0x08000194                Set_Alarm_actuator
                0x080001d0                GPIO_INITIALIZATION
 .text          0x08000220       0x88 main.o
                0x08000220                setup
                0x08000264                main
 .text          0x080002a8       0x70 Main_Algorithm.o
                0x080002a8                high_pressure_detected
                0x080002d0                ST_MA_High_Pressure_Detection
 .text          0x08000318       0x64 Pressure_sensor_driver.o
                0x08000318                PS_init
                0x08000324                ST_PS_Waiting
                0x0800034c                ST_PS_Reading
 .text          0x0800037c       0x8c startup.o
                0x0800037c                H_Fault_handler
                0x0800037c                NMI_handler
                0x0800037c                MM_Fault_handler
                0x0800037c                Default_Handler
                0x0800037c                Usage_handler
                0x0800037c                Bus_handler
                0x08000388                Reset_handler
 *(.rodata)
                0x08000408                _E_text = .

.glue_7         0x08000408        0x0
 .glue_7        0x08000408        0x0 linker stubs

.glue_7t        0x08000408        0x0
 .glue_7t       0x08000408        0x0 linker stubs

.vfp11_veneer   0x08000408        0x0
 .vfp11_veneer  0x08000408        0x0 linker stubs

.v4_bx          0x08000408        0x0
 .v4_bx         0x08000408        0x0 linker stubs

.iplt           0x08000408        0x0
 .iplt          0x08000408        0x0 Alarm_Actuator_Driver.o

.rel.dyn        0x08000408        0x0
 .rel.iplt      0x08000408        0x0 Alarm_Actuator_Driver.o

.data           0x20000000        0x4 load address 0x08000408
                0x20000000                _S_Data = .
 *(.data)
 .data          0x20000000        0x0 Alarm_Actuator_Driver.o
 .data          0x20000000        0x0 Alarm_Monitor.o
 .data          0x20000000        0x0 driver.o
 .data          0x20000000        0x0 main.o
 .data          0x20000000        0x4 Main_Algorithm.o
                0x20000000                threshold
 .data          0x20000004        0x0 Pressure_sensor_driver.o
 .data          0x20000004        0x0 startup.o
                0x20000004                . = ALIGN (0x4)
                0x20000004                _E_Data = .

.igot.plt       0x20000004        0x0 load address 0x0800040c
 .igot.plt      0x20000004        0x0 Alarm_Actuator_Driver.o

.bss            0x20000004     0x1024 load address 0x0800040c
                0x20000004                _S_bss = .
 *(.bss*)
 .bss           0x20000004        0x0 Alarm_Actuator_Driver.o
 .bss           0x20000004        0x0 Alarm_Monitor.o
 .bss           0x20000004        0x0 driver.o
 .bss           0x20000004        0x0 main.o
 .bss           0x20000004        0x0 Main_Algorithm.o
 .bss           0x20000004        0x4 Pressure_sensor_driver.o
 .bss           0x20000008        0x0 startup.o
                0x20000008                . = ALIGN (0x4)
                0x20000008                _E_bss = .
                0x20000008                . = ALIGN (0x4)
                0x20001008                . = (. + 0x1000)
 *fill*         0x20000008     0x1000 
                0x20001008                _stack_top = .
 COMMON         0x20001008        0x5 Alarm_Actuator_Driver.o
                0x20001008                AA_State
                0x2000100c                AA_state_id
 *fill*         0x2000100d        0x3 
 COMMON         0x20001010        0x8 Alarm_Monitor.o
                0x20001010                AM_state_id
                0x20001014                AM_State
 COMMON         0x20001018        0x2 main.o
                0x20001018                MA_state_id
                0x20001019                PS_state_id
 *fill*         0x2000101a        0x2 
 COMMON         0x2000101c        0x8 Main_Algorithm.o
                0x2000101c                MA_PVal
                0x20001020                MA_State
 COMMON         0x20001024        0x4 Pressure_sensor_driver.o
                0x20001024                PS_State
LOAD Alarm_Actuator_Driver.o
LOAD Alarm_Monitor.o
LOAD driver.o
LOAD main.o
LOAD Main_Algorithm.o
LOAD Pressure_sensor_driver.o
LOAD startup.o
OUTPUT(Pressure-Detection.elf elf32-littlearm)

.debug_info     0x00000000     0x3f02
 .debug_info    0x00000000      0xa2f Alarm_Actuator_Driver.o
 .debug_info    0x00000a2f      0xa46 Alarm_Monitor.o
 .debug_info    0x00001475      0xa05 driver.o
 .debug_info    0x00001e7a      0xaa1 main.o
 .debug_info    0x0000291b      0xa31 Main_Algorithm.o
 .debug_info    0x0000334c      0xa25 Pressure_sensor_driver.o
 .debug_info    0x00003d71      0x191 startup.o

.debug_abbrev   0x00000000      0xc4a
 .debug_abbrev  0x00000000      0x1e1 Alarm_Actuator_Driver.o
 .debug_abbrev  0x000001e1      0x1f9 Alarm_Monitor.o
 .debug_abbrev  0x000003da      0x1de driver.o
 .debug_abbrev  0x000005b8      0x1d6 main.o
 .debug_abbrev  0x0000078e      0x1f4 Main_Algorithm.o
 .debug_abbrev  0x00000982      0x1f0 Pressure_sensor_driver.o
 .debug_abbrev  0x00000b72       0xd8 startup.o

.debug_loc      0x00000000      0x53c
 .debug_loc     0x00000000       0xf8 Alarm_Actuator_Driver.o
 .debug_loc     0x000000f8       0xf4 Alarm_Monitor.o
 .debug_loc     0x000001ec      0x140 driver.o
 .debug_loc     0x0000032c       0x70 main.o
 .debug_loc     0x0000039c       0x88 Main_Algorithm.o
 .debug_loc     0x00000424       0x9c Pressure_sensor_driver.o
 .debug_loc     0x000004c0       0x7c startup.o

.debug_aranges  0x00000000       0xe0
 .debug_aranges
                0x00000000       0x20 Alarm_Actuator_Driver.o
 .debug_aranges
                0x00000020       0x20 Alarm_Monitor.o
 .debug_aranges
                0x00000040       0x20 driver.o
 .debug_aranges
                0x00000060       0x20 main.o
 .debug_aranges
                0x00000080       0x20 Main_Algorithm.o
 .debug_aranges
                0x000000a0       0x20 Pressure_sensor_driver.o
 .debug_aranges
                0x000000c0       0x20 startup.o

.debug_line     0x00000000      0xbda
 .debug_line    0x00000000      0x1bb Alarm_Actuator_Driver.o
 .debug_line    0x000001bb      0x1cf Alarm_Monitor.o
 .debug_line    0x0000038a      0x1b9 driver.o
 .debug_line    0x00000543      0x205 main.o
 .debug_line    0x00000748      0x1a3 Main_Algorithm.o
 .debug_line    0x000008eb      0x1b4 Pressure_sensor_driver.o
 .debug_line    0x00000a9f      0x13b startup.o

.debug_str      0x00000000      0x728
 .debug_str     0x00000000      0x521 Alarm_Actuator_Driver.o
                                0x59b (size before relaxing)
 .debug_str     0x00000521       0x61 Alarm_Monitor.o
                                0x591 (size before relaxing)
 .debug_str     0x00000582       0x4e driver.o
                                0x56f (size before relaxing)
 .debug_str     0x000005d0       0x3c main.o
                                0x5e9 (size before relaxing)
 .debug_str     0x0000060c       0x58 Main_Algorithm.o
                                0x5a1 (size before relaxing)
 .debug_str     0x00000664       0x44 Pressure_sensor_driver.o
                                0x588 (size before relaxing)
 .debug_str     0x000006a8       0x80 startup.o
                                0x1b6 (size before relaxing)

.comment        0x00000000       0x7e
 .comment       0x00000000       0x7e Alarm_Actuator_Driver.o
                                 0x7f (size before relaxing)
 .comment       0x0000007e       0x7f Alarm_Monitor.o
 .comment       0x0000007e       0x7f driver.o
 .comment       0x0000007e       0x7f main.o
 .comment       0x0000007e       0x7f Main_Algorithm.o
 .comment       0x0000007e       0x7f Pressure_sensor_driver.o
 .comment       0x0000007e       0x7f startup.o

.ARM.attributes
                0x00000000       0x33
 .ARM.attributes
                0x00000000       0x33 Alarm_Actuator_Driver.o
 .ARM.attributes
                0x00000033       0x33 Alarm_Monitor.o
 .ARM.attributes
                0x00000066       0x33 driver.o
 .ARM.attributes
                0x00000099       0x33 main.o
 .ARM.attributes
                0x000000cc       0x33 Main_Algorithm.o
 .ARM.attributes
                0x000000ff       0x33 Pressure_sensor_driver.o
 .ARM.attributes
                0x00000132       0x33 startup.o

.debug_frame    0x00000000      0x324
 .debug_frame   0x00000000       0x8c Alarm_Actuator_Driver.o
 .debug_frame   0x0000008c       0xa0 Alarm_Monitor.o
 .debug_frame   0x0000012c       0xa0 driver.o
 .debug_frame   0x000001cc       0x4c main.o
 .debug_frame   0x00000218       0x54 Main_Algorithm.o
 .debug_frame   0x0000026c       0x68 Pressure_sensor_driver.o
 .debug_frame   0x000002d4       0x50 startup.o
