../Core/Src/main.c:83:6:CAN_TX	56	static
../Core/Src/main.c:119:6:CAN_RX	56	static
../Core/Src/main.c:139:6:CAN_RX_Filter_Init	56	static
../Core/Src/main.c:163:6:HAL_CAN_TxMailbox0CompleteCallback	16	static
../Core/Src/main.c:168:6:HAL_CAN_RxFifo0MsgPendingCallback	16	static
../Core/Src/main.c:175:6:HAL_CAN_ErrorCallback	16	static
../Core/Src/main.c:187:5:main	16	static
../Core/Src/main.c:261:6:SystemClock_Config	72	static
../Core/Src/main.c:298:13:MX_CAN_Init	8	static
../Core/Src/main.c:335:13:MX_GPIO_Init	16	static
../Core/Src/main.c:351:6:Error_Handler	4	static,ignoring_inline_asm
