Archive member included to satisfy reference by file (symbol)

c:/users/moham/onedrive/desktop/arm tools/03- imt sdk/03- imt sdk/imt_sdk_win_64/winarm/armgcc/bin/../lib/gcc/arm-none-eabi/7.2.1/thumb/v7e-m\libgcc.a(_aeabi_ldivmod.o)
                              ./src/MCAL/UART/UART_prg.o (__aeabi_ldivmod)
c:/users/moham/onedrive/desktop/arm tools/03- imt sdk/03- imt sdk/imt_sdk_win_64/winarm/armgcc/bin/../lib/gcc/arm-none-eabi/7.2.1/thumb/v7e-m\libgcc.a(_aeabi_uldivmod.o)
                              ./src/MCAL/UART/UART_prg.o (__aeabi_uldivmod)
c:/users/moham/onedrive/desktop/arm tools/03- imt sdk/03- imt sdk/imt_sdk_win_64/winarm/armgcc/bin/../lib/gcc/arm-none-eabi/7.2.1/thumb/v7e-m\libgcc.a(_udivmoddi4.o)
                              c:/users/moham/onedrive/desktop/arm tools/03- imt sdk/03- imt sdk/imt_sdk_win_64/winarm/armgcc/bin/../lib/gcc/arm-none-eabi/7.2.1/thumb/v7e-m\libgcc.a(_aeabi_ldivmod.o) (__udivmoddi4)
c:/users/moham/onedrive/desktop/arm tools/03- imt sdk/03- imt sdk/imt_sdk_win_64/winarm/armgcc/bin/../lib/gcc/arm-none-eabi/7.2.1/thumb/v7e-m\libgcc.a(_dvmd_tls.o)
                              c:/users/moham/onedrive/desktop/arm tools/03- imt sdk/03- imt sdk/imt_sdk_win_64/winarm/armgcc/bin/../lib/gcc/arm-none-eabi/7.2.1/thumb/v7e-m\libgcc.a(_aeabi_ldivmod.o) (__aeabi_ldiv0)
c:/users/moham/onedrive/desktop/arm tools/03- imt sdk/03- imt sdk/imt_sdk_win_64/winarm/armgcc/bin/../lib/gcc/arm-none-eabi/7.2.1/../../../../arm-none-eabi/lib/thumb/v7e-m\libg_nano.a(lib_a-errno.o)
                              ./system/src/newlib/_sbrk.o (__errno)
c:/users/moham/onedrive/desktop/arm tools/03- imt sdk/03- imt sdk/imt_sdk_win_64/winarm/armgcc/bin/../lib/gcc/arm-none-eabi/7.2.1/../../../../arm-none-eabi/lib/thumb/v7e-m\libg_nano.a(lib_a-impure.o)
                              c:/users/moham/onedrive/desktop/arm tools/03- imt sdk/03- imt sdk/imt_sdk_win_64/winarm/armgcc/bin/../lib/gcc/arm-none-eabi/7.2.1/../../../../arm-none-eabi/lib/thumb/v7e-m\libg_nano.a(lib_a-errno.o) (_impure_ptr)

Allocating common symbols
Common symbol       size              file

GLO_u32Source       0x14              ./src/main.o
errno               0x4               ./system/src/newlib/_syscalls.o
uwTick              0x4               ./system/src/stm32f4-hal/stm32f4xx_hal.o
pFlash              0x20              ./system/src/stm32f4-hal/stm32f4xx_hal_flash.o
global_u8String     0x14              ./src/MCAL/UART/UART_prg.o
i                   0x2               ./src/main.o
MUSART2_CallBack    0x4               ./src/MCAL/UART/UART_prg.o
MUSART6_CallBack    0x4               ./src/MCAL/UART/UART_prg.o
MUSART1_CallBack    0x4               ./src/MCAL/UART/UART_prg.o

Discarded input sections

 .text          0x00000000        0x0 ./system/src/stm32f4-hal/stm32f4xx_hal.o
 .data          0x00000000        0x0 ./system/src/stm32f4-hal/stm32f4xx_hal.o
 .bss           0x00000000        0x0 ./system/src/stm32f4-hal/stm32f4xx_hal.o
 .text.HAL_MspInit
                0x00000000        0x2 ./system/src/stm32f4-hal/stm32f4xx_hal.o
 .text.HAL_MspDeInit
                0x00000000        0x2 ./system/src/stm32f4-hal/stm32f4xx_hal.o
 .text.HAL_DeInit
                0x00000000       0x2c ./system/src/stm32f4-hal/stm32f4xx_hal.o
 .text.HAL_InitTick
                0x00000000       0x28 ./system/src/stm32f4-hal/stm32f4xx_hal.o
 .text.HAL_Init
                0x00000000       0x34 ./system/src/stm32f4-hal/stm32f4xx_hal.o
 .text.HAL_IncTick
                0x00000000       0x10 ./system/src/stm32f4-hal/stm32f4xx_hal.o
 .text.HAL_GetTick
                0x00000000        0xc ./system/src/stm32f4-hal/stm32f4xx_hal.o
 .text.HAL_Delay
                0x00000000       0x1a ./system/src/stm32f4-hal/stm32f4xx_hal.o
 .text.HAL_SuspendTick
                0x00000000       0x10 ./system/src/stm32f4-hal/stm32f4xx_hal.o
 .text.HAL_ResumeTick
                0x00000000       0x10 ./system/src/stm32f4-hal/stm32f4xx_hal.o
 .text.HAL_GetHalVersion
                0x00000000        0x8 ./system/src/stm32f4-hal/stm32f4xx_hal.o
 .text.HAL_GetREVID
                0x00000000        0xc ./system/src/stm32f4-hal/stm32f4xx_hal.o
 .text.HAL_GetDEVID
                0x00000000       0x10 ./system/src/stm32f4-hal/stm32f4xx_hal.o
 .text.HAL_DBGMCU_EnableDBGSleepMode
                0x00000000       0x10 ./system/src/stm32f4-hal/stm32f4xx_hal.o
 .text.HAL_DBGMCU_DisableDBGSleepMode
                0x00000000       0x10 ./system/src/stm32f4-hal/stm32f4xx_hal.o
 .text.HAL_DBGMCU_EnableDBGStopMode
                0x00000000       0x10 ./system/src/stm32f4-hal/stm32f4xx_hal.o
 .text.HAL_DBGMCU_DisableDBGStopMode
                0x00000000       0x10 ./system/src/stm32f4-hal/stm32f4xx_hal.o
 .text.HAL_DBGMCU_EnableDBGStandbyMode
                0x00000000       0x10 ./system/src/stm32f4-hal/stm32f4xx_hal.o
 .text.HAL_DBGMCU_DisableDBGStandbyMode
                0x00000000       0x10 ./system/src/stm32f4-hal/stm32f4xx_hal.o
 .text.HAL_EnableCompensationCell
                0x00000000       0x18 ./system/src/stm32f4-hal/stm32f4xx_hal.o
 .text.HAL_DisableCompensationCell
                0x00000000       0x1c ./system/src/stm32f4-hal/stm32f4xx_hal.o
 .debug_info    0x00000000     0x108c ./system/src/stm32f4-hal/stm32f4xx_hal.o
 .debug_abbrev  0x00000000      0x340 ./system/src/stm32f4-hal/stm32f4xx_hal.o
 .debug_loc     0x00000000       0x92 ./system/src/stm32f4-hal/stm32f4xx_hal.o
 .debug_aranges
                0x00000000       0xb8 ./system/src/stm32f4-hal/stm32f4xx_hal.o
 .debug_ranges  0x00000000       0xa8 ./system/src/stm32f4-hal/stm32f4xx_hal.o
 .debug_line    0x00000000      0x45f ./system/src/stm32f4-hal/stm32f4xx_hal.o
 .debug_str     0x00000000      0xd42 ./system/src/stm32f4-hal/stm32f4xx_hal.o
 .comment       0x00000000       0x7f ./system/src/stm32f4-hal/stm32f4xx_hal.o
 .debug_frame   0x00000000      0x184 ./system/src/stm32f4-hal/stm32f4xx_hal.o
 .ARM.attributes
                0x00000000       0x33 ./system/src/stm32f4-hal/stm32f4xx_hal.o
 COMMON         0x00000000        0x4 ./system/src/stm32f4-hal/stm32f4xx_hal.o
 .text          0x00000000        0x0 ./system/src/stm32f4-hal/stm32f4xx_hal_cortex.o
 .data          0x00000000        0x0 ./system/src/stm32f4-hal/stm32f4xx_hal_cortex.o
 .bss           0x00000000        0x0 ./system/src/stm32f4-hal/stm32f4xx_hal_cortex.o
 .text.HAL_NVIC_SetPriorityGrouping
                0x00000000       0x24 ./system/src/stm32f4-hal/stm32f4xx_hal_cortex.o
 .text.HAL_NVIC_SetPriority
                0x00000000       0x68 ./system/src/stm32f4-hal/stm32f4xx_hal_cortex.o
 .text.HAL_NVIC_EnableIRQ
                0x00000000       0x18 ./system/src/stm32f4-hal/stm32f4xx_hal_cortex.o
 .text.HAL_NVIC_DisableIRQ
                0x00000000       0x1c ./system/src/stm32f4-hal/stm32f4xx_hal_cortex.o
 .text.HAL_NVIC_SystemReset
                0x00000000       0x24 ./system/src/stm32f4-hal/stm32f4xx_hal_cortex.o
 .text.HAL_SYSTICK_Config
                0x00000000       0x2c ./system/src/stm32f4-hal/stm32f4xx_hal_cortex.o
 .text.HAL_MPU_ConfigRegion
                0x00000000       0x50 ./system/src/stm32f4-hal/stm32f4xx_hal_cortex.o
 .text.HAL_NVIC_GetPriorityGrouping
                0x00000000       0x10 ./system/src/stm32f4-hal/stm32f4xx_hal_cortex.o
 .text.HAL_NVIC_GetPriority
                0x00000000       0x5c ./system/src/stm32f4-hal/stm32f4xx_hal_cortex.o
 .text.HAL_NVIC_SetPendingIRQ
                0x00000000       0x1c ./system/src/stm32f4-hal/stm32f4xx_hal_cortex.o
 .text.HAL_NVIC_GetPendingIRQ
                0x00000000       0x1c ./system/src/stm32f4-hal/stm32f4xx_hal_cortex.o
 .text.HAL_NVIC_ClearPendingIRQ
                0x00000000       0x1c ./system/src/stm32f4-hal/stm32f4xx_hal_cortex.o
 .text.HAL_NVIC_GetActive
                0x00000000       0x1c ./system/src/stm32f4-hal/stm32f4xx_hal_cortex.o
 .text.HAL_SYSTICK_CLKSourceConfig
                0x00000000       0x18 ./system/src/stm32f4-hal/stm32f4xx_hal_cortex.o
 .text.HAL_SYSTICK_Callback
                0x00000000        0x2 ./system/src/stm32f4-hal/stm32f4xx_hal_cortex.o
 .text.HAL_SYSTICK_IRQHandler
                0x00000000        0x8 ./system/src/stm32f4-hal/stm32f4xx_hal_cortex.o
 .debug_info    0x00000000     0x15f2 ./system/src/stm32f4-hal/stm32f4xx_hal_cortex.o
 .debug_abbrev  0x00000000      0x3d3 ./system/src/stm32f4-hal/stm32f4xx_hal_cortex.o
 .debug_loc     0x00000000      0x47a ./system/src/stm32f4-hal/stm32f4xx_hal_cortex.o
 .debug_aranges
                0x00000000       0x98 ./system/src/stm32f4-hal/stm32f4xx_hal_cortex.o
 .debug_ranges  0x00000000      0x128 ./system/src/stm32f4-hal/stm32f4xx_hal_cortex.o
 .debug_line    0x00000000      0x4dc ./system/src/stm32f4-hal/stm32f4xx_hal_cortex.o
 .debug_str     0x00000000      0xe94 ./system/src/stm32f4-hal/stm32f4xx_hal_cortex.o
 .comment       0x00000000       0x7f ./system/src/stm32f4-hal/stm32f4xx_hal_cortex.o
 .debug_frame   0x00000000      0x138 ./system/src/stm32f4-hal/stm32f4xx_hal_cortex.o
 .ARM.attributes
                0x00000000       0x33 ./system/src/stm32f4-hal/stm32f4xx_hal_cortex.o
 .text          0x00000000        0x0 ./system/src/stm32f4-hal/stm32f4xx_hal_dfsdm.o
 .data          0x00000000        0x0 ./system/src/stm32f4-hal/stm32f4xx_hal_dfsdm.o
 .bss           0x00000000        0x0 ./system/src/stm32f4-hal/stm32f4xx_hal_dfsdm.o
 .debug_info    0x00000000      0x8d5 ./system/src/stm32f4-hal/stm32f4xx_hal_dfsdm.o
 .debug_abbrev  0x00000000      0x192 ./system/src/stm32f4-hal/stm32f4xx_hal_dfsdm.o
 .debug_aranges
                0x00000000       0x18 ./system/src/stm32f4-hal/stm32f4xx_hal_dfsdm.o
 .debug_line    0x00000000      0x220 ./system/src/stm32f4-hal/stm32f4xx_hal_dfsdm.o
 .debug_str     0x00000000      0x5e9 ./system/src/stm32f4-hal/stm32f4xx_hal_dfsdm.o
 .comment       0x00000000       0x7f ./system/src/stm32f4-hal/stm32f4xx_hal_dfsdm.o
 .ARM.attributes
                0x00000000       0x33 ./system/src/stm32f4-hal/stm32f4xx_hal_dfsdm.o
 .text          0x00000000        0x0 ./system/src/stm32f4-hal/stm32f4xx_hal_flash.o
 .data          0x00000000        0x0 ./system/src/stm32f4-hal/stm32f4xx_hal_flash.o
 .bss           0x00000000        0x0 ./system/src/stm32f4-hal/stm32f4xx_hal_flash.o
 .text.FLASH_Program_Word
                0x00000000       0x24 ./system/src/stm32f4-hal/stm32f4xx_hal_flash.o
 .text.FLASH_Program_HalfWord
                0x00000000       0x24 ./system/src/stm32f4-hal/stm32f4xx_hal_flash.o
 .text.FLASH_SetErrorCode
                0x00000000       0x8c ./system/src/stm32f4-hal/stm32f4xx_hal_flash.o
 .text.HAL_FLASH_Program_IT
                0x00000000       0x90 ./system/src/stm32f4-hal/stm32f4xx_hal_flash.o
 .text.HAL_FLASH_EndOfOperationCallback
                0x00000000        0x2 ./system/src/stm32f4-hal/stm32f4xx_hal_flash.o
 .text.HAL_FLASH_OperationErrorCallback
                0x00000000        0x2 ./system/src/stm32f4-hal/stm32f4xx_hal_flash.o
 .text.HAL_FLASH_IRQHandler
                0x00000000       0xc8 ./system/src/stm32f4-hal/stm32f4xx_hal_flash.o
 .text.HAL_FLASH_Unlock
                0x00000000       0x24 ./system/src/stm32f4-hal/stm32f4xx_hal_flash.o
 .text.HAL_FLASH_Lock
                0x00000000       0x14 ./system/src/stm32f4-hal/stm32f4xx_hal_flash.o
 .text.HAL_FLASH_OB_Unlock
                0x00000000       0x24 ./system/src/stm32f4-hal/stm32f4xx_hal_flash.o
 .text.HAL_FLASH_OB_Lock
                0x00000000       0x14 ./system/src/stm32f4-hal/stm32f4xx_hal_flash.o
 .text.HAL_FLASH_GetError
                0x00000000        0xc ./system/src/stm32f4-hal/stm32f4xx_hal_flash.o
 .text.FLASH_WaitForLastOperation
                0x00000000       0x5c ./system/src/stm32f4-hal/stm32f4xx_hal_flash.o
 .text.HAL_FLASH_Program
                0x00000000       0xa8 ./system/src/stm32f4-hal/stm32f4xx_hal_flash.o
 .text.HAL_FLASH_OB_Launch
                0x00000000       0x18 ./system/src/stm32f4-hal/stm32f4xx_hal_flash.o
 .debug_info    0x00000000      0xf2d ./system/src/stm32f4-hal/stm32f4xx_hal_flash.o
 .debug_abbrev  0x00000000      0x3c5 ./system/src/stm32f4-hal/stm32f4xx_hal_flash.o
 .debug_loc     0x00000000      0x2ac ./system/src/stm32f4-hal/stm32f4xx_hal_flash.o
 .debug_aranges
                0x00000000       0x88 ./system/src/stm32f4-hal/stm32f4xx_hal_flash.o
 .debug_ranges  0x00000000       0xa8 ./system/src/stm32f4-hal/stm32f4xx_hal_flash.o
 .debug_line    0x00000000      0x4ee ./system/src/stm32f4-hal/stm32f4xx_hal_flash.o
 .debug_str     0x00000000      0x967 ./system/src/stm32f4-hal/stm32f4xx_hal_flash.o
 .comment       0x00000000       0x7f ./system/src/stm32f4-hal/stm32f4xx_hal_flash.o
 .debug_frame   0x00000000      0x13c ./system/src/stm32f4-hal/stm32f4xx_hal_flash.o
 .ARM.attributes
                0x00000000       0x33 ./system/src/stm32f4-hal/stm32f4xx_hal_flash.o
 COMMON         0x00000000       0x20 ./system/src/stm32f4-hal/stm32f4xx_hal_flash.o
 .text          0x00000000        0x0 ./system/src/stm32f4-hal/stm32f4xx_hal_gpio.o
 .data          0x00000000        0x0 ./system/src/stm32f4-hal/stm32f4xx_hal_gpio.o
 .bss           0x00000000        0x0 ./system/src/stm32f4-hal/stm32f4xx_hal_gpio.o
 .text.HAL_GPIO_Init
                0x00000000      0x1ac ./system/src/stm32f4-hal/stm32f4xx_hal_gpio.o
 .text.HAL_GPIO_DeInit
                0x00000000       0xec ./system/src/stm32f4-hal/stm32f4xx_hal_gpio.o
 .text.HAL_GPIO_ReadPin
                0x00000000        0xc ./system/src/stm32f4-hal/stm32f4xx_hal_gpio.o
 .text.HAL_GPIO_WritePin
                0x00000000        0xa ./system/src/stm32f4-hal/stm32f4xx_hal_gpio.o
 .text.HAL_GPIO_TogglePin
                0x00000000        0x8 ./system/src/stm32f4-hal/stm32f4xx_hal_gpio.o
 .text.HAL_GPIO_LockPin
                0x00000000       0x2a ./system/src/stm32f4-hal/stm32f4xx_hal_gpio.o
 .text.HAL_GPIO_EXTI_Callback
                0x00000000        0x2 ./system/src/stm32f4-hal/stm32f4xx_hal_gpio.o
 .text.HAL_GPIO_EXTI_IRQHandler
                0x00000000       0x18 ./system/src/stm32f4-hal/stm32f4xx_hal_gpio.o
 .debug_info    0x00000000      0xf79 ./system/src/stm32f4-hal/stm32f4xx_hal_gpio.o
 .debug_abbrev  0x00000000      0x2a2 ./system/src/stm32f4-hal/stm32f4xx_hal_gpio.o
 .debug_loc     0x00000000      0x381 ./system/src/stm32f4-hal/stm32f4xx_hal_gpio.o
 .debug_aranges
                0x00000000       0x58 ./system/src/stm32f4-hal/stm32f4xx_hal_gpio.o
 .debug_ranges  0x00000000       0x68 ./system/src/stm32f4-hal/stm32f4xx_hal_gpio.o
 .debug_line    0x00000000      0x46f ./system/src/stm32f4-hal/stm32f4xx_hal_gpio.o
 .debug_str     0x00000000      0x915 ./system/src/stm32f4-hal/stm32f4xx_hal_gpio.o
 .comment       0x00000000       0x7f ./system/src/stm32f4-hal/stm32f4xx_hal_gpio.o
 .debug_frame   0x00000000       0xd8 ./system/src/stm32f4-hal/stm32f4xx_hal_gpio.o
 .ARM.attributes
                0x00000000       0x33 ./system/src/stm32f4-hal/stm32f4xx_hal_gpio.o
 .text          0x00000000        0x0 ./system/src/stm32f4-hal/stm32f4xx_hal_iwdg.o
 .data          0x00000000        0x0 ./system/src/stm32f4-hal/stm32f4xx_hal_iwdg.o
 .bss           0x00000000        0x0 ./system/src/stm32f4-hal/stm32f4xx_hal_iwdg.o
 .text.HAL_IWDG_Init
                0x00000000       0x42 ./system/src/stm32f4-hal/stm32f4xx_hal_iwdg.o
 .text.HAL_IWDG_Refresh
                0x00000000        0xc ./system/src/stm32f4-hal/stm32f4xx_hal_iwdg.o
 .debug_info    0x00000000      0xa56 ./system/src/stm32f4-hal/stm32f4xx_hal_iwdg.o
 .debug_abbrev  0x00000000      0x21e ./system/src/stm32f4-hal/stm32f4xx_hal_iwdg.o
 .debug_loc     0x00000000       0x73 ./system/src/stm32f4-hal/stm32f4xx_hal_iwdg.o
 .debug_aranges
                0x00000000       0x28 ./system/src/stm32f4-hal/stm32f4xx_hal_iwdg.o
 .debug_ranges  0x00000000       0x18 ./system/src/stm32f4-hal/stm32f4xx_hal_iwdg.o
 .debug_line    0x00000000      0x308 ./system/src/stm32f4-hal/stm32f4xx_hal_iwdg.o
 .debug_str     0x00000000      0x6b1 ./system/src/stm32f4-hal/stm32f4xx_hal_iwdg.o
 .comment       0x00000000       0x7f ./system/src/stm32f4-hal/stm32f4xx_hal_iwdg.o
 .debug_frame   0x00000000       0x3c ./system/src/stm32f4-hal/stm32f4xx_hal_iwdg.o
 .ARM.attributes
                0x00000000       0x33 ./system/src/stm32f4-hal/stm32f4xx_hal_iwdg.o
 .text          0x00000000        0x0 ./system/src/stm32f4-hal/stm32f4xx_hal_pwr.o
 .data          0x00000000        0x0 ./system/src/stm32f4-hal/stm32f4xx_hal_pwr.o
 .bss           0x00000000        0x0 ./system/src/stm32f4-hal/stm32f4xx_hal_pwr.o
 .text.HAL_PWR_DeInit
                0x00000000       0x18 ./system/src/stm32f4-hal/stm32f4xx_hal_pwr.o
 .text.HAL_PWR_EnableBkUpAccess
                0x00000000       0x1c ./system/src/stm32f4-hal/stm32f4xx_hal_pwr.o
 .text.HAL_PWR_DisableBkUpAccess
                0x00000000       0x1c ./system/src/stm32f4-hal/stm32f4xx_hal_pwr.o
 .text.HAL_PWR_ConfigPVD
                0x00000000       0x70 ./system/src/stm32f4-hal/stm32f4xx_hal_pwr.o
 .text.HAL_PWR_EnablePVD
                0x00000000       0x1a ./system/src/stm32f4-hal/stm32f4xx_hal_pwr.o
 .text.HAL_PWR_DisablePVD
                0x00000000       0x1a ./system/src/stm32f4-hal/stm32f4xx_hal_pwr.o
 .text.HAL_PWR_EnableWakeUpPin
                0x00000000       0x10 ./system/src/stm32f4-hal/stm32f4xx_hal_pwr.o
 .text.HAL_PWR_DisableWakeUpPin
                0x00000000       0x10 ./system/src/stm32f4-hal/stm32f4xx_hal_pwr.o
 .text.HAL_PWR_EnterSLEEPMode
                0x00000000       0x20 ./system/src/stm32f4-hal/stm32f4xx_hal_pwr.o
 .text.HAL_PWR_EnterSTOPMode
                0x00000000       0x38 ./system/src/stm32f4-hal/stm32f4xx_hal_pwr.o
 .text.HAL_PWR_EnterSTANDBYMode
                0x00000000       0x20 ./system/src/stm32f4-hal/stm32f4xx_hal_pwr.o
 .text.HAL_PWR_PVDCallback
                0x00000000        0x2 ./system/src/stm32f4-hal/stm32f4xx_hal_pwr.o
 .text.HAL_PWR_PVD_IRQHandler
                0x00000000       0x1c ./system/src/stm32f4-hal/stm32f4xx_hal_pwr.o
 .text.HAL_PWR_EnableSleepOnExit
                0x00000000       0x10 ./system/src/stm32f4-hal/stm32f4xx_hal_pwr.o
 .text.HAL_PWR_DisableSleepOnExit
                0x00000000       0x10 ./system/src/stm32f4-hal/stm32f4xx_hal_pwr.o
 .text.HAL_PWR_EnableSEVOnPend
                0x00000000       0x10 ./system/src/stm32f4-hal/stm32f4xx_hal_pwr.o
 .text.HAL_PWR_DisableSEVOnPend
                0x00000000       0x10 ./system/src/stm32f4-hal/stm32f4xx_hal_pwr.o
 .debug_info    0x00000000     0x10b9 ./system/src/stm32f4-hal/stm32f4xx_hal_pwr.o
 .debug_abbrev  0x00000000      0x2d7 ./system/src/stm32f4-hal/stm32f4xx_hal_pwr.o
 .debug_loc     0x00000000       0xd8 ./system/src/stm32f4-hal/stm32f4xx_hal_pwr.o
 .debug_aranges
                0x00000000       0xa0 ./system/src/stm32f4-hal/stm32f4xx_hal_pwr.o
 .debug_ranges  0x00000000       0x90 ./system/src/stm32f4-hal/stm32f4xx_hal_pwr.o
 .debug_line    0x00000000      0x458 ./system/src/stm32f4-hal/stm32f4xx_hal_pwr.o
 .debug_str     0x00000000      0x992 ./system/src/stm32f4-hal/stm32f4xx_hal_pwr.o
 .comment       0x00000000       0x7f ./system/src/stm32f4-hal/stm32f4xx_hal_pwr.o
 .debug_frame   0x00000000      0x128 ./system/src/stm32f4-hal/stm32f4xx_hal_pwr.o
 .ARM.attributes
                0x00000000       0x33 ./system/src/stm32f4-hal/stm32f4xx_hal_pwr.o
 .text          0x00000000        0x0 ./system/src/stm32f4-hal/stm32f4xx_hal_rcc.o
 .data          0x00000000        0x0 ./system/src/stm32f4-hal/stm32f4xx_hal_rcc.o
 .bss           0x00000000        0x0 ./system/src/stm32f4-hal/stm32f4xx_hal_rcc.o
 .text.HAL_RCC_DeInit
                0x00000000        0x2 ./system/src/stm32f4-hal/stm32f4xx_hal_rcc.o
 .text.HAL_RCC_OscConfig
                0x00000000      0x2d8 ./system/src/stm32f4-hal/stm32f4xx_hal_rcc.o
 .text.HAL_RCC_MCOConfig
                0x00000000       0x94 ./system/src/stm32f4-hal/stm32f4xx_hal_rcc.o
 .text.HAL_RCC_EnableCSS
                0x00000000        0xc ./system/src/stm32f4-hal/stm32f4xx_hal_rcc.o
 .text.HAL_RCC_DisableCSS
                0x00000000        0xc ./system/src/stm32f4-hal/stm32f4xx_hal_rcc.o
 .text.HAL_RCC_GetSysClockFreq
                0x00000000       0x74 ./system/src/stm32f4-hal/stm32f4xx_hal_rcc.o
 .text.HAL_RCC_ClockConfig
                0x00000000      0x168 ./system/src/stm32f4-hal/stm32f4xx_hal_rcc.o
 .text.HAL_RCC_GetHCLKFreq
                0x00000000        0xc ./system/src/stm32f4-hal/stm32f4xx_hal_rcc.o
 .text.HAL_RCC_GetPCLK1Freq
                0x00000000       0x30 ./system/src/stm32f4-hal/stm32f4xx_hal_rcc.o
 .text.HAL_RCC_GetPCLK2Freq
                0x00000000       0x30 ./system/src/stm32f4-hal/stm32f4xx_hal_rcc.o
 .text.HAL_RCC_GetOscConfig
                0x00000000       0xcc ./system/src/stm32f4-hal/stm32f4xx_hal_rcc.o
 .text.HAL_RCC_GetClockConfig
                0x00000000       0x3c ./system/src/stm32f4-hal/stm32f4xx_hal_rcc.o
 .text.HAL_RCC_CSSCallback
                0x00000000        0x2 ./system/src/stm32f4-hal/stm32f4xx_hal_rcc.o
 .text.HAL_RCC_NMI_IRQHandler
                0x00000000       0x20 ./system/src/stm32f4-hal/stm32f4xx_hal_rcc.o
 .rodata.APBAHBPrescTable
                0x00000000       0x10 ./system/src/stm32f4-hal/stm32f4xx_hal_rcc.o
 .debug_info    0x00000000     0x14d3 ./system/src/stm32f4-hal/stm32f4xx_hal_rcc.o
 .debug_abbrev  0x00000000      0x3ef ./system/src/stm32f4-hal/stm32f4xx_hal_rcc.o
 .debug_loc     0x00000000      0x495 ./system/src/stm32f4-hal/stm32f4xx_hal_rcc.o
 .debug_aranges
                0x00000000       0x80 ./system/src/stm32f4-hal/stm32f4xx_hal_rcc.o
 .debug_ranges  0x00000000      0x168 ./system/src/stm32f4-hal/stm32f4xx_hal_rcc.o
 .debug_line    0x00000000      0x649 ./system/src/stm32f4-hal/stm32f4xx_hal_rcc.o
 .debug_str     0x00000000      0xae0 ./system/src/stm32f4-hal/stm32f4xx_hal_rcc.o
 .comment       0x00000000       0x7f ./system/src/stm32f4-hal/stm32f4xx_hal_rcc.o
 .debug_frame   0x00000000      0x140 ./system/src/stm32f4-hal/stm32f4xx_hal_rcc.o
 .ARM.attributes
                0x00000000       0x33 ./system/src/stm32f4-hal/stm32f4xx_hal_rcc.o
 .text          0x00000000        0x0 ./system/src/newlib/_cxx.o
 .data          0x00000000        0x0 ./system/src/newlib/_cxx.o
 .bss           0x00000000        0x0 ./system/src/newlib/_cxx.o
 .text._ZN9__gnu_cxx27__verbose_terminate_handlerEv
                0x00000000        0x6 ./system/src/newlib/_cxx.o
 .text.__cxa_pure_virtual
                0x00000000        0x6 ./system/src/newlib/_cxx.o
 .debug_info    0x00000000      0xe8c ./system/src/newlib/_cxx.o
 .debug_abbrev  0x00000000      0x2ed ./system/src/newlib/_cxx.o
 .debug_aranges
                0x00000000       0x20 ./system/src/newlib/_cxx.o
 .debug_ranges  0x00000000       0x10 ./system/src/newlib/_cxx.o
 .debug_line    0x00000000      0x36b ./system/src/newlib/_cxx.o
 .debug_str     0x00000000      0x7e7 ./system/src/newlib/_cxx.o
 .comment       0x00000000       0x7f ./system/src/newlib/_cxx.o
 .debug_frame   0x00000000       0x40 ./system/src/newlib/_cxx.o
 .ARM.attributes
                0x00000000       0x33 ./system/src/newlib/_cxx.o
 .text          0x00000000        0x0 ./system/src/newlib/_exit.o
 .data          0x00000000        0x0 ./system/src/newlib/_exit.o
 .bss           0x00000000        0x0 ./system/src/newlib/_exit.o
 .text.abort    0x00000000        0x8 ./system/src/newlib/_exit.o
 .text          0x00000000        0x0 ./system/src/newlib/_sbrk.o
 .data          0x00000000        0x0 ./system/src/newlib/_sbrk.o
 .bss           0x00000000        0x0 ./system/src/newlib/_sbrk.o
 .text._sbrk    0x00000000       0x3c ./system/src/newlib/_sbrk.o
 .bss.current_heap_end.4441
                0x00000000        0x4 ./system/src/newlib/_sbrk.o
 .debug_info    0x00000000      0x93e ./system/src/newlib/_sbrk.o
 .debug_abbrev  0x00000000      0x1f9 ./system/src/newlib/_sbrk.o
 .debug_loc     0x00000000       0x6a ./system/src/newlib/_sbrk.o
 .debug_aranges
                0x00000000       0x20 ./system/src/newlib/_sbrk.o
 .debug_ranges  0x00000000       0x10 ./system/src/newlib/_sbrk.o
 .debug_line    0x00000000      0x19d ./system/src/newlib/_sbrk.o
 .debug_str     0x00000000      0x604 ./system/src/newlib/_sbrk.o
 .comment       0x00000000       0x7f ./system/src/newlib/_sbrk.o
 .debug_frame   0x00000000       0x28 ./system/src/newlib/_sbrk.o
 .ARM.attributes
                0x00000000       0x33 ./system/src/newlib/_sbrk.o
 .text          0x00000000        0x0 ./system/src/newlib/_startup.o
 .data          0x00000000        0x0 ./system/src/newlib/_startup.o
 .bss           0x00000000        0x0 ./system/src/newlib/_startup.o
 .text.__initialize_data
                0x00000000       0x10 ./system/src/newlib/_startup.o
 .text.__initialize_bss
                0x00000000        0xe ./system/src/newlib/_startup.o
 .text.__run_init_array
                0x00000000       0x44 ./system/src/newlib/_startup.o
 .text.__run_fini_array
                0x00000000       0x24 ./system/src/newlib/_startup.o
 .text          0x00000000        0x0 ./system/src/newlib/_syscalls.o
 .data          0x00000000        0x0 ./system/src/newlib/_syscalls.o
 .bss           0x00000000        0x0 ./system/src/newlib/_syscalls.o
 .text.raise    0x00000000       0x10 ./system/src/newlib/_syscalls.o
 .text.kill     0x00000000       0x10 ./system/src/newlib/_syscalls.o
 .text._chown   0x00000000       0x10 ./system/src/newlib/_syscalls.o
 .text._close   0x00000000       0x10 ./system/src/newlib/_syscalls.o
 .text._execve  0x00000000       0x10 ./system/src/newlib/_syscalls.o
 .text._fork    0x00000000       0x10 ./system/src/newlib/_syscalls.o
 .text._fstat   0x00000000       0x10 ./system/src/newlib/_syscalls.o
 .text._getpid  0x00000000        0x4 ./system/src/newlib/_syscalls.o
 .text._gettimeofday
                0x00000000       0x10 ./system/src/newlib/_syscalls.o
 .text._isatty  0x00000000        0xe ./system/src/newlib/_syscalls.o
 .text._kill    0x00000000       0x10 ./system/src/newlib/_syscalls.o
 .text._link    0x00000000       0x10 ./system/src/newlib/_syscalls.o
 .text._lseek   0x00000000       0x10 ./system/src/newlib/_syscalls.o
 .text._open    0x00000000       0x10 ./system/src/newlib/_syscalls.o
 .text._read    0x00000000       0x10 ./system/src/newlib/_syscalls.o
 .text._readlink
                0x00000000       0x10 ./system/src/newlib/_syscalls.o
 .text._stat    0x00000000       0x10 ./system/src/newlib/_syscalls.o
 .text._symlink
                0x00000000       0x10 ./system/src/newlib/_syscalls.o
 .text._times   0x00000000       0x10 ./system/src/newlib/_syscalls.o
 .text._unlink  0x00000000       0x10 ./system/src/newlib/_syscalls.o
 .text._wait    0x00000000       0x10 ./system/src/newlib/_syscalls.o
 .text._write   0x00000000       0x10 ./system/src/newlib/_syscalls.o
 .bss.__dso_handle
                0x00000000        0x4 ./system/src/newlib/_syscalls.o
 .bss.__env     0x00000000        0x4 ./system/src/newlib/_syscalls.o
 .data.environ  0x00000000        0x4 ./system/src/newlib/_syscalls.o
 COMMON         0x00000000        0x4 ./system/src/newlib/_syscalls.o
 .text          0x00000000        0x0 ./system/src/newlib/assert.o
 .data          0x00000000        0x0 ./system/src/newlib/assert.o
 .bss           0x00000000        0x0 ./system/src/newlib/assert.o
 .text.__assert_func
                0x00000000        0x6 ./system/src/newlib/assert.o
 .debug_info    0x00000000      0x96b ./system/src/newlib/assert.o
 .debug_abbrev  0x00000000      0x1fe ./system/src/newlib/assert.o
 .debug_loc     0x00000000       0x84 ./system/src/newlib/assert.o
 .debug_aranges
                0x00000000       0x20 ./system/src/newlib/assert.o
 .debug_ranges  0x00000000       0x10 ./system/src/newlib/assert.o
 .debug_line    0x00000000      0x232 ./system/src/newlib/assert.o
 .debug_str     0x00000000      0x60d ./system/src/newlib/assert.o
 .comment       0x00000000       0x7f ./system/src/newlib/assert.o
 .debug_frame   0x00000000       0x28 ./system/src/newlib/assert.o
 .ARM.attributes
                0x00000000       0x33 ./system/src/newlib/assert.o
 .text          0x00000000        0x0 ./system/src/diag/Trace.o
 .data          0x00000000        0x0 ./system/src/diag/Trace.o
 .bss           0x00000000        0x0 ./system/src/diag/Trace.o
 .debug_line    0x00000000        0x0 ./system/src/diag/Trace.o
 .debug_str     0x00000000      0x120 ./system/src/diag/Trace.o
 .comment       0x00000000       0x7f ./system/src/diag/Trace.o
 .ARM.attributes
                0x00000000       0x33 ./system/src/diag/Trace.o
 .text          0x00000000        0x0 ./system/src/diag/trace_impl.o
 .data          0x00000000        0x0 ./system/src/diag/trace_impl.o
 .bss           0x00000000        0x0 ./system/src/diag/trace_impl.o
 .debug_line    0x00000000        0x0 ./system/src/diag/trace_impl.o
 .debug_str     0x00000000      0x125 ./system/src/diag/trace_impl.o
 .comment       0x00000000       0x7f ./system/src/diag/trace_impl.o
 .ARM.attributes
                0x00000000       0x33 ./system/src/diag/trace_impl.o
 .text          0x00000000        0x0 ./system/src/cortexm/_initialize_hardware.o
 .data          0x00000000        0x0 ./system/src/cortexm/_initialize_hardware.o
 .bss           0x00000000        0x0 ./system/src/cortexm/_initialize_hardware.o
 .text.__initialize_hardware
                0x00000000        0x4 ./system/src/cortexm/_initialize_hardware.o
 .text          0x00000000        0x0 ./system/src/cortexm/_reset_hardware.o
 .data          0x00000000        0x0 ./system/src/cortexm/_reset_hardware.o
 .bss           0x00000000        0x0 ./system/src/cortexm/_reset_hardware.o
 .text          0x00000000        0x0 ./system/src/cortexm/exception_handlers.o
 .data          0x00000000        0x0 ./system/src/cortexm/exception_handlers.o
 .bss           0x00000000        0x0 ./system/src/cortexm/exception_handlers.o
 .text          0x00000000        0x0 ./system/src/cmsis/system_stm32f4xx.o
 .data          0x00000000        0x0 ./system/src/cmsis/system_stm32f4xx.o
 .bss           0x00000000        0x0 ./system/src/cmsis/system_stm32f4xx.o
 .text.SystemCoreClockUpdate
                0x00000000       0x74 ./system/src/cmsis/system_stm32f4xx.o
 .data.SystemCoreClock
                0x00000000        0x4 ./system/src/cmsis/system_stm32f4xx.o
 .rodata.AHBPrescTable
                0x00000000       0x10 ./system/src/cmsis/system_stm32f4xx.o
 .text          0x00000000        0x0 ./system/src/cmsis/vectors_stm32f401xc.o
 .data          0x00000000        0x0 ./system/src/cmsis/vectors_stm32f401xc.o
 .bss           0x00000000        0x0 ./system/src/cmsis/vectors_stm32f401xc.o
 .text          0x00000000        0x0 ./src/MCAL/UART/UART_prg.o
 .data          0x00000000        0x0 ./src/MCAL/UART/UART_prg.o
 .bss           0x00000000        0x0 ./src/MCAL/UART/UART_prg.o
 .text.MUSART_voidInit
                0x00000000       0xe0 ./src/MCAL/UART/UART_prg.o
 .text.MUSART_Enable
                0x00000000        0xa ./src/MCAL/UART/UART_prg.o
 .text.MUSART_Disable
                0x00000000        0xa ./src/MCAL/UART/UART_prg.o
 .text.MUSART_voidTransmitByte
                0x00000000       0x18 ./src/MCAL/UART/UART_prg.o
 .text.MUSART_voidTransmitString
                0x00000000       0x1a ./src/MCAL/UART/UART_prg.o
 .text.MUSART_u8ReceiveByteSynchNonBlocking
                0x00000000       0x24 ./src/MCAL/UART/UART_prg.o
 .text.MUSART_ptrReceiveStringSynchNonBlocking
                0x00000000       0x28 ./src/MCAL/UART/UART_prg.o
 .text.MUSART_u8ReadDataRegister
                0x00000000        0x6 ./src/MCAL/UART/UART_prg.o
 .text.MUSART_voidClearFlags
                0x00000000        0x6 ./src/MCAL/UART/UART_prg.o
 .text.MUSART_RxIntSetStatus
                0x00000000       0x18 ./src/MCAL/UART/UART_prg.o
 .text.MUSART1_voidSetCallBack
                0x00000000        0xc ./src/MCAL/UART/UART_prg.o
 .text.MUSART2_voidSetCallBack
                0x00000000        0xc ./src/MCAL/UART/UART_prg.o
 .text.MUSART6_voidSetCallBack
                0x00000000        0xc ./src/MCAL/UART/UART_prg.o
 .text          0x00000000        0x0 ./src/MCAL/SYSTICK/SYSTICK_prg.o
 .data          0x00000000        0x0 ./src/MCAL/SYSTICK/SYSTICK_prg.o
 .bss           0x00000000        0x0 ./src/MCAL/SYSTICK/SYSTICK_prg.o
 .text.MSTK_vInit
                0x00000000       0x10 ./src/MCAL/SYSTICK/SYSTICK_prg.o
 .text.MSTK_vStartTimer
                0x00000000       0x14 ./src/MCAL/SYSTICK/SYSTICK_prg.o
 .text.MSTK_vStopTimer
                0x00000000       0x10 ./src/MCAL/SYSTICK/SYSTICK_prg.o
 .text.MSTK_vSetBusyWait
                0x00000000       0x24 ./src/MCAL/SYSTICK/SYSTICK_prg.o
 .text.MSTK_vSetInterval_Single
                0x00000000       0x28 ./src/MCAL/SYSTICK/SYSTICK_prg.o
 .text.MSTK_vSetInterval_Periodic
                0x00000000       0x28 ./src/MCAL/SYSTICK/SYSTICK_prg.o
 .text.MSTK_u32GetElapsedTime
                0x00000000       0x10 ./src/MCAL/SYSTICK/SYSTICK_prg.o
 .text.MSTK_u32GetRemainingTime
                0x00000000        0xc ./src/MCAL/SYSTICK/SYSTICK_prg.o
 .text.Systick_Handler
                0x00000000       0x2c ./src/MCAL/SYSTICK/SYSTICK_prg.o
 .bss.G_u8SingleFlag
                0x00000000        0x1 ./src/MCAL/SYSTICK/SYSTICK_prg.o
 .bss.STK_Callback
                0x00000000        0x4 ./src/MCAL/SYSTICK/SYSTICK_prg.o
 .debug_info    0x00000000      0x1ea ./src/MCAL/SYSTICK/SYSTICK_prg.o
 .debug_abbrev  0x00000000       0xf6 ./src/MCAL/SYSTICK/SYSTICK_prg.o
 .debug_aranges
                0x00000000       0x60 ./src/MCAL/SYSTICK/SYSTICK_prg.o
 .debug_ranges  0x00000000       0x50 ./src/MCAL/SYSTICK/SYSTICK_prg.o
 .debug_line    0x00000000      0x131 ./src/MCAL/SYSTICK/SYSTICK_prg.o
 .debug_str     0x00000000      0x2b7 ./src/MCAL/SYSTICK/SYSTICK_prg.o
 .comment       0x00000000       0x7f ./src/MCAL/SYSTICK/SYSTICK_prg.o
 .debug_frame   0x00000000       0xa8 ./src/MCAL/SYSTICK/SYSTICK_prg.o
 .ARM.attributes
                0x00000000       0x33 ./src/MCAL/SYSTICK/SYSTICK_prg.o
 .text          0x00000000        0x0 ./src/MCAL/SPI/SPI_prg.o
 .data          0x00000000        0x0 ./src/MCAL/SPI/SPI_prg.o
 .bss           0x00000000        0x0 ./src/MCAL/SPI/SPI_prg.o
 .text.MSPI_vInit
                0x00000000       0xa8 ./src/MCAL/SPI/SPI_prg.o
 .text.MSPI_u16Tranceive
                0x00000000       0x14 ./src/MCAL/SPI/SPI_prg.o
 .rodata        0x00000000       0x15 ./src/MCAL/SPI/SPI_prg.o
 .debug_info    0x00000000      0x217 ./src/MCAL/SPI/SPI_prg.o
 .debug_abbrev  0x00000000       0xfc ./src/MCAL/SPI/SPI_prg.o
 .debug_loc     0x00000000       0x21 ./src/MCAL/SPI/SPI_prg.o
 .debug_aranges
                0x00000000       0x28 ./src/MCAL/SPI/SPI_prg.o
 .debug_ranges  0x00000000       0x18 ./src/MCAL/SPI/SPI_prg.o
 .debug_line    0x00000000       0xf6 ./src/MCAL/SPI/SPI_prg.o
 .debug_str     0x00000000      0x244 ./src/MCAL/SPI/SPI_prg.o
 .comment       0x00000000       0x7f ./src/MCAL/SPI/SPI_prg.o
 .debug_frame   0x00000000       0x3c ./src/MCAL/SPI/SPI_prg.o
 .ARM.attributes
                0x00000000       0x33 ./src/MCAL/SPI/SPI_prg.o
 .text          0x00000000        0x0 ./src/MCAL/RCC/RCC_prg.o
 .data          0x00000000        0x0 ./src/MCAL/RCC/RCC_prg.o
 .bss           0x00000000        0x0 ./src/MCAL/RCC/RCC_prg.o
 .text.MRCC_vDisableClock
                0x00000000       0x5c ./src/MCAL/RCC/RCC_prg.o
 .text          0x00000000        0x0 ./src/MCAL/NVIC/NVIC_prg.o
 .data          0x00000000        0x0 ./src/MCAL/NVIC/NVIC_prg.o
 .bss           0x00000000        0x0 ./src/MCAL/NVIC/NVIC_prg.o
 .text.MNVIC_VoidDisablePeripheral
                0x00000000       0x1c ./src/MCAL/NVIC/NVIC_prg.o
 .text.MNVIC_VoidSetPending
                0x00000000       0x1c ./src/MCAL/NVIC/NVIC_prg.o
 .text.MNVIC_VoidClearPending
                0x00000000       0x1c ./src/MCAL/NVIC/NVIC_prg.o
 .text.MNVIC_u8GetActive
                0x00000000       0x1c ./src/MCAL/NVIC/NVIC_prg.o
 .text.MNVIC_voidSetPriorityConfig
                0x00000000       0x1c ./src/MCAL/NVIC/NVIC_prg.o
 .text.MNVIC_VoidSetPriority
                0x00000000       0xa4 ./src/MCAL/NVIC/NVIC_prg.o
 .bss.globalStatic_u32GroupConf
                0x00000000        0x4 ./src/MCAL/NVIC/NVIC_prg.o
 .text          0x00000000        0x0 ./src/MCAL/GPIO/GPIO_prg.o
 .data          0x00000000        0x0 ./src/MCAL/GPIO/GPIO_prg.o
 .bss           0x00000000        0x0 ./src/MCAL/GPIO/GPIO_prg.o
 .text.MGPIO_vGetPinInputValue
                0x00000000       0x28 ./src/MCAL/GPIO/GPIO_prg.o
 .text.MGPIO_vSetPortValue
                0x00000000       0x30 ./src/MCAL/GPIO/GPIO_prg.o
 .text.MGPIO_vTogglePinValue
                0x00000000       0x30 ./src/MCAL/GPIO/GPIO_prg.o
 .text          0x00000000        0x0 ./src/MCAL/EXTI/EXTI_prg.o
 .data          0x00000000        0x0 ./src/MCAL/EXTI/EXTI_prg.o
 .bss           0x00000000        0x0 ./src/MCAL/EXTI/EXTI_prg.o
 .text.SYSCFG_vSetExtiPort
                0x00000000       0x2c ./src/MCAL/EXTI/EXTI_prg.o
 .text.MEXTI_vInit
                0x00000000       0x1c ./src/MCAL/EXTI/EXTI_prg.o
 .text.MEXTI_vEnableLine
                0x00000000       0x50 ./src/MCAL/EXTI/EXTI_prg.o
 .text.MEXTI_vDisableLine
                0x00000000       0x1c ./src/MCAL/EXTI/EXTI_prg.o
 .text.MEXTI_vSoftwareTrigger
                0x00000000       0x18 ./src/MCAL/EXTI/EXTI_prg.o
 .text.MEXTI_vSetTrigger
                0x00000000       0x50 ./src/MCAL/EXTI/EXTI_prg.o
 .text.MEXTI_vSetCallback
                0x00000000        0xc ./src/MCAL/EXTI/EXTI_prg.o
 .text          0x00000000        0x0 ./src/MCAL/DMA/DMA_prg.o
 .data          0x00000000        0x0 ./src/MCAL/DMA/DMA_prg.o
 .bss           0x00000000        0x0 ./src/MCAL/DMA/DMA_prg.o
 .text          0x00000000        0x0 ./src/_write.o
 .data          0x00000000        0x0 ./src/_write.o
 .bss           0x00000000        0x0 ./src/_write.o
 .text._write   0x00000000       0x10 ./src/_write.o
 .debug_info    0x00000000      0x983 ./src/_write.o
 .debug_abbrev  0x00000000      0x1ea ./src/_write.o
 .debug_loc     0x00000000       0x63 ./src/_write.o
 .debug_aranges
                0x00000000       0x20 ./src/_write.o
 .debug_ranges  0x00000000       0x10 ./src/_write.o
 .debug_line    0x00000000      0x18e ./src/_write.o
 .debug_str     0x00000000      0x5f0 ./src/_write.o
 .comment       0x00000000       0x7f ./src/_write.o
 .debug_frame   0x00000000       0x28 ./src/_write.o
 .ARM.attributes
                0x00000000       0x33 ./src/_write.o
 .text          0x00000000        0x0 ./src/main.o
 .data          0x00000000        0x0 ./src/main.o
 .bss           0x00000000        0x0 ./src/main.o
 .text          0x00000000        0x0 ./src/stm32f4xx_hal_msp.o
 .data          0x00000000        0x0 ./src/stm32f4xx_hal_msp.o
 .bss           0x00000000        0x0 ./src/stm32f4xx_hal_msp.o
 .text.HAL_MspInit
                0x00000000        0x2 ./src/stm32f4xx_hal_msp.o
 .text.HAL_MspDeInit
                0x00000000        0x2 ./src/stm32f4xx_hal_msp.o
 .text.HAL_PPP_MspInit
                0x00000000        0x2 ./src/stm32f4xx_hal_msp.o
 .text.HAL_PPP_MspDeInit
                0x00000000        0x2 ./src/stm32f4xx_hal_msp.o
 .debug_info    0x00000000      0x909 ./src/stm32f4xx_hal_msp.o
 .debug_abbrev  0x00000000      0x1c6 ./src/stm32f4xx_hal_msp.o
 .debug_aranges
                0x00000000       0x20 ./src/stm32f4xx_hal_msp.o
 .debug_ranges  0x00000000       0x10 ./src/stm32f4xx_hal_msp.o
 .debug_line    0x00000000      0x24f ./src/stm32f4xx_hal_msp.o
 .debug_str     0x00000000      0x610 ./src/stm32f4xx_hal_msp.o
 .comment       0x00000000       0x7f ./src/stm32f4xx_hal_msp.o
 .debug_frame   0x00000000       0x50 ./src/stm32f4xx_hal_msp.o
 .ARM.attributes
                0x00000000       0x33 ./src/stm32f4xx_hal_msp.o
 .text          0x00000000       0xa0 c:/users/moham/onedrive/desktop/arm tools/03- imt sdk/03- imt sdk/imt_sdk_win_64/winarm/armgcc/bin/../lib/gcc/arm-none-eabi/7.2.1/thumb/v7e-m\libgcc.a(_aeabi_ldivmod.o)
 .data          0x00000000        0x0 c:/users/moham/onedrive/desktop/arm tools/03- imt sdk/03- imt sdk/imt_sdk_win_64/winarm/armgcc/bin/../lib/gcc/arm-none-eabi/7.2.1/thumb/v7e-m\libgcc.a(_aeabi_ldivmod.o)
 .bss           0x00000000        0x0 c:/users/moham/onedrive/desktop/arm tools/03- imt sdk/03- imt sdk/imt_sdk_win_64/winarm/armgcc/bin/../lib/gcc/arm-none-eabi/7.2.1/thumb/v7e-m\libgcc.a(_aeabi_ldivmod.o)
 .debug_frame   0x00000000       0x44 c:/users/moham/onedrive/desktop/arm tools/03- imt sdk/03- imt sdk/imt_sdk_win_64/winarm/armgcc/bin/../lib/gcc/arm-none-eabi/7.2.1/thumb/v7e-m\libgcc.a(_aeabi_ldivmod.o)
 .ARM.attributes
                0x00000000       0x1e c:/users/moham/onedrive/desktop/arm tools/03- imt sdk/03- imt sdk/imt_sdk_win_64/winarm/armgcc/bin/../lib/gcc/arm-none-eabi/7.2.1/thumb/v7e-m\libgcc.a(_aeabi_ldivmod.o)
 .text          0x00000000       0x30 c:/users/moham/onedrive/desktop/arm tools/03- imt sdk/03- imt sdk/imt_sdk_win_64/winarm/armgcc/bin/../lib/gcc/arm-none-eabi/7.2.1/thumb/v7e-m\libgcc.a(_aeabi_uldivmod.o)
 .data          0x00000000        0x0 c:/users/moham/onedrive/desktop/arm tools/03- imt sdk/03- imt sdk/imt_sdk_win_64/winarm/armgcc/bin/../lib/gcc/arm-none-eabi/7.2.1/thumb/v7e-m\libgcc.a(_aeabi_uldivmod.o)
 .bss           0x00000000        0x0 c:/users/moham/onedrive/desktop/arm tools/03- imt sdk/03- imt sdk/imt_sdk_win_64/winarm/armgcc/bin/../lib/gcc/arm-none-eabi/7.2.1/thumb/v7e-m\libgcc.a(_aeabi_uldivmod.o)
 .debug_frame   0x00000000       0x2c c:/users/moham/onedrive/desktop/arm tools/03- imt sdk/03- imt sdk/imt_sdk_win_64/winarm/armgcc/bin/../lib/gcc/arm-none-eabi/7.2.1/thumb/v7e-m\libgcc.a(_aeabi_uldivmod.o)
 .ARM.attributes
                0x00000000       0x1e c:/users/moham/onedrive/desktop/arm tools/03- imt sdk/03- imt sdk/imt_sdk_win_64/winarm/armgcc/bin/../lib/gcc/arm-none-eabi/7.2.1/thumb/v7e-m\libgcc.a(_aeabi_uldivmod.o)
 .text          0x00000000      0x2cc c:/users/moham/onedrive/desktop/arm tools/03- imt sdk/03- imt sdk/imt_sdk_win_64/winarm/armgcc/bin/../lib/gcc/arm-none-eabi/7.2.1/thumb/v7e-m\libgcc.a(_udivmoddi4.o)
 .data          0x00000000        0x0 c:/users/moham/onedrive/desktop/arm tools/03- imt sdk/03- imt sdk/imt_sdk_win_64/winarm/armgcc/bin/../lib/gcc/arm-none-eabi/7.2.1/thumb/v7e-m\libgcc.a(_udivmoddi4.o)
 .bss           0x00000000        0x0 c:/users/moham/onedrive/desktop/arm tools/03- imt sdk/03- imt sdk/imt_sdk_win_64/winarm/armgcc/bin/../lib/gcc/arm-none-eabi/7.2.1/thumb/v7e-m\libgcc.a(_udivmoddi4.o)
 .ARM.extab     0x00000000        0x0 c:/users/moham/onedrive/desktop/arm tools/03- imt sdk/03- imt sdk/imt_sdk_win_64/winarm/armgcc/bin/../lib/gcc/arm-none-eabi/7.2.1/thumb/v7e-m\libgcc.a(_udivmoddi4.o)
 .ARM.exidx     0x00000000        0x8 c:/users/moham/onedrive/desktop/arm tools/03- imt sdk/03- imt sdk/imt_sdk_win_64/winarm/armgcc/bin/../lib/gcc/arm-none-eabi/7.2.1/thumb/v7e-m\libgcc.a(_udivmoddi4.o)
 .debug_frame   0x00000000       0x34 c:/users/moham/onedrive/desktop/arm tools/03- imt sdk/03- imt sdk/imt_sdk_win_64/winarm/armgcc/bin/../lib/gcc/arm-none-eabi/7.2.1/thumb/v7e-m\libgcc.a(_udivmoddi4.o)
 .ARM.attributes
                0x00000000       0x2e c:/users/moham/onedrive/desktop/arm tools/03- imt sdk/03- imt sdk/imt_sdk_win_64/winarm/armgcc/bin/../lib/gcc/arm-none-eabi/7.2.1/thumb/v7e-m\libgcc.a(_udivmoddi4.o)
 .text          0x00000000        0x4 c:/users/moham/onedrive/desktop/arm tools/03- imt sdk/03- imt sdk/imt_sdk_win_64/winarm/armgcc/bin/../lib/gcc/arm-none-eabi/7.2.1/thumb/v7e-m\libgcc.a(_dvmd_tls.o)
 .data          0x00000000        0x0 c:/users/moham/onedrive/desktop/arm tools/03- imt sdk/03- imt sdk/imt_sdk_win_64/winarm/armgcc/bin/../lib/gcc/arm-none-eabi/7.2.1/thumb/v7e-m\libgcc.a(_dvmd_tls.o)
 .bss           0x00000000        0x0 c:/users/moham/onedrive/desktop/arm tools/03- imt sdk/03- imt sdk/imt_sdk_win_64/winarm/armgcc/bin/../lib/gcc/arm-none-eabi/7.2.1/thumb/v7e-m\libgcc.a(_dvmd_tls.o)
 .ARM.attributes
                0x00000000       0x1e c:/users/moham/onedrive/desktop/arm tools/03- imt sdk/03- imt sdk/imt_sdk_win_64/winarm/armgcc/bin/../lib/gcc/arm-none-eabi/7.2.1/thumb/v7e-m\libgcc.a(_dvmd_tls.o)
 .text          0x00000000        0x0 c:/users/moham/onedrive/desktop/arm tools/03- imt sdk/03- imt sdk/imt_sdk_win_64/winarm/armgcc/bin/../lib/gcc/arm-none-eabi/7.2.1/../../../../arm-none-eabi/lib/thumb/v7e-m\libg_nano.a(lib_a-errno.o)
 .data          0x00000000        0x0 c:/users/moham/onedrive/desktop/arm tools/03- imt sdk/03- imt sdk/imt_sdk_win_64/winarm/armgcc/bin/../lib/gcc/arm-none-eabi/7.2.1/../../../../arm-none-eabi/lib/thumb/v7e-m\libg_nano.a(lib_a-errno.o)
 .bss           0x00000000        0x0 c:/users/moham/onedrive/desktop/arm tools/03- imt sdk/03- imt sdk/imt_sdk_win_64/winarm/armgcc/bin/../lib/gcc/arm-none-eabi/7.2.1/../../../../arm-none-eabi/lib/thumb/v7e-m\libg_nano.a(lib_a-errno.o)
 .text.__errno  0x00000000        0xc c:/users/moham/onedrive/desktop/arm tools/03- imt sdk/03- imt sdk/imt_sdk_win_64/winarm/armgcc/bin/../lib/gcc/arm-none-eabi/7.2.1/../../../../arm-none-eabi/lib/thumb/v7e-m\libg_nano.a(lib_a-errno.o)
 .debug_frame   0x00000000       0x20 c:/users/moham/onedrive/desktop/arm tools/03- imt sdk/03- imt sdk/imt_sdk_win_64/winarm/armgcc/bin/../lib/gcc/arm-none-eabi/7.2.1/../../../../arm-none-eabi/lib/thumb/v7e-m\libg_nano.a(lib_a-errno.o)
 .ARM.attributes
                0x00000000       0x2e c:/users/moham/onedrive/desktop/arm tools/03- imt sdk/03- imt sdk/imt_sdk_win_64/winarm/armgcc/bin/../lib/gcc/arm-none-eabi/7.2.1/../../../../arm-none-eabi/lib/thumb/v7e-m\libg_nano.a(lib_a-errno.o)
 .text          0x00000000        0x0 c:/users/moham/onedrive/desktop/arm tools/03- imt sdk/03- imt sdk/imt_sdk_win_64/winarm/armgcc/bin/../lib/gcc/arm-none-eabi/7.2.1/../../../../arm-none-eabi/lib/thumb/v7e-m\libg_nano.a(lib_a-impure.o)
 .data          0x00000000        0x0 c:/users/moham/onedrive/desktop/arm tools/03- imt sdk/03- imt sdk/imt_sdk_win_64/winarm/armgcc/bin/../lib/gcc/arm-none-eabi/7.2.1/../../../../arm-none-eabi/lib/thumb/v7e-m\libg_nano.a(lib_a-impure.o)
 .bss           0x00000000        0x0 c:/users/moham/onedrive/desktop/arm tools/03- imt sdk/03- imt sdk/imt_sdk_win_64/winarm/armgcc/bin/../lib/gcc/arm-none-eabi/7.2.1/../../../../arm-none-eabi/lib/thumb/v7e-m\libg_nano.a(lib_a-impure.o)
 .data._impure_ptr
                0x00000000        0x4 c:/users/moham/onedrive/desktop/arm tools/03- imt sdk/03- imt sdk/imt_sdk_win_64/winarm/armgcc/bin/../lib/gcc/arm-none-eabi/7.2.1/../../../../arm-none-eabi/lib/thumb/v7e-m\libg_nano.a(lib_a-impure.o)
 .data.impure_data
                0x00000000       0x60 c:/users/moham/onedrive/desktop/arm tools/03- imt sdk/03- imt sdk/imt_sdk_win_64/winarm/armgcc/bin/../lib/gcc/arm-none-eabi/7.2.1/../../../../arm-none-eabi/lib/thumb/v7e-m\libg_nano.a(lib_a-impure.o)
 .rodata._global_impure_ptr
                0x00000000        0x4 c:/users/moham/onedrive/desktop/arm tools/03- imt sdk/03- imt sdk/imt_sdk_win_64/winarm/armgcc/bin/../lib/gcc/arm-none-eabi/7.2.1/../../../../arm-none-eabi/lib/thumb/v7e-m\libg_nano.a(lib_a-impure.o)
 .ARM.attributes
                0x00000000       0x2e c:/users/moham/onedrive/desktop/arm tools/03- imt sdk/03- imt sdk/imt_sdk_win_64/winarm/armgcc/bin/../lib/gcc/arm-none-eabi/7.2.1/../../../../arm-none-eabi/lib/thumb/v7e-m\libg_nano.a(lib_a-impure.o)

Memory Configuration

Name             Origin             Length             Attributes
RAM              0x20000000         0x00010000         xrw
CCMRAM           0x10000000         0x00000000         xrw
FLASH            0x08000000         0x00040000         xr
FLASHB1          0x00000000         0x00000000         xr
EXTMEMB0         0x00000000         0x00000000         xr
EXTMEMB1         0x00000000         0x00000000         xr
EXTMEMB2         0x00000000         0x00000000         xr
EXTMEMB3         0x00000000         0x00000000         xr
*default*        0x00000000         0xffffffff

Linker script and memory map

LOAD ./system/src/stm32f4-hal/stm32f4xx_hal.o
LOAD ./system/src/stm32f4-hal/stm32f4xx_hal_cortex.o
LOAD ./system/src/stm32f4-hal/stm32f4xx_hal_dfsdm.o
LOAD ./system/src/stm32f4-hal/stm32f4xx_hal_flash.o
LOAD ./system/src/stm32f4-hal/stm32f4xx_hal_gpio.o
LOAD ./system/src/stm32f4-hal/stm32f4xx_hal_iwdg.o
LOAD ./system/src/stm32f4-hal/stm32f4xx_hal_pwr.o
LOAD ./system/src/stm32f4-hal/stm32f4xx_hal_rcc.o
LOAD ./system/src/newlib/_cxx.o
LOAD ./system/src/newlib/_exit.o
LOAD ./system/src/newlib/_sbrk.o
LOAD ./system/src/newlib/_startup.o
LOAD ./system/src/newlib/_syscalls.o
LOAD ./system/src/newlib/assert.o
LOAD ./system/src/diag/Trace.o
LOAD ./system/src/diag/trace_impl.o
LOAD ./system/src/cortexm/_initialize_hardware.o
LOAD ./system/src/cortexm/_reset_hardware.o
LOAD ./system/src/cortexm/exception_handlers.o
LOAD ./system/src/cmsis/system_stm32f4xx.o
LOAD ./system/src/cmsis/vectors_stm32f401xc.o
LOAD ./src/MCAL/UART/UART_prg.o
LOAD ./src/MCAL/SYSTICK/SYSTICK_prg.o
LOAD ./src/MCAL/SPI/SPI_prg.o
LOAD ./src/MCAL/RCC/RCC_prg.o
LOAD ./src/MCAL/NVIC/NVIC_prg.o
LOAD ./src/MCAL/GPIO/GPIO_prg.o
LOAD ./src/MCAL/EXTI/EXTI_prg.o
LOAD ./src/MCAL/DMA/DMA_prg.o
LOAD ./src/_write.o
LOAD ./src/main.o
LOAD ./src/stm32f4xx_hal_msp.o
LOAD c:/users/moham/onedrive/desktop/arm tools/03- imt sdk/03- imt sdk/imt_sdk_win_64/winarm/armgcc/bin/../lib/gcc/arm-none-eabi/7.2.1/../../../../arm-none-eabi/lib/thumb/v7e-m\libstdc++_nano.a
LOAD c:/users/moham/onedrive/desktop/arm tools/03- imt sdk/03- imt sdk/imt_sdk_win_64/winarm/armgcc/bin/../lib/gcc/arm-none-eabi/7.2.1/../../../../arm-none-eabi/lib/thumb/v7e-m\libm.a
START GROUP
LOAD c:/users/moham/onedrive/desktop/arm tools/03- imt sdk/03- imt sdk/imt_sdk_win_64/winarm/armgcc/bin/../lib/gcc/arm-none-eabi/7.2.1/thumb/v7e-m\libgcc.a
LOAD c:/users/moham/onedrive/desktop/arm tools/03- imt sdk/03- imt sdk/imt_sdk_win_64/winarm/armgcc/bin/../lib/gcc/arm-none-eabi/7.2.1/../../../../arm-none-eabi/lib/thumb/v7e-m\libg_nano.a
LOAD c:/users/moham/onedrive/desktop/arm tools/03- imt sdk/03- imt sdk/imt_sdk_win_64/winarm/armgcc/bin/../lib/gcc/arm-none-eabi/7.2.1/../../../../arm-none-eabi/lib/thumb/v7e-m\libc_nano.a
END GROUP
START GROUP
LOAD c:/users/moham/onedrive/desktop/arm tools/03- imt sdk/03- imt sdk/imt_sdk_win_64/winarm/armgcc/bin/../lib/gcc/arm-none-eabi/7.2.1/thumb/v7e-m\libgcc.a
LOAD c:/users/moham/onedrive/desktop/arm tools/03- imt sdk/03- imt sdk/imt_sdk_win_64/winarm/armgcc/bin/../lib/gcc/arm-none-eabi/7.2.1/../../../../arm-none-eabi/lib/thumb/v7e-m\libc_nano.a
END GROUP
                0x20010000                __stack = (ORIGIN (RAM) + LENGTH (RAM))
                0x20010000                _estack = __stack
                0x00000400                __Main_Stack_Size = 0x400
                [!provide]                PROVIDE (_Main_Stack_Size, __Main_Stack_Size)
                0x2000fc00                __Main_Stack_Limit = (__stack - __Main_Stack_Size)
                [!provide]                PROVIDE (_Main_Stack_Limit, __Main_Stack_Limit)
                0x00000100                _Minimum_Stack_Size = 0x100
                0x2000004c                PROVIDE (_Heap_Begin, _end_noinit)
                0x2000fc00                PROVIDE (_Heap_Limit, (__stack - __Main_Stack_Size))

.isr_vector     0x08000000      0x2c6
 FILL mask 0xff
                0x08000000                __vectors_start = ABSOLUTE (.)
                0x08000000                __vectors_start__ = ABSOLUTE (.)
 *(.isr_vector)
 .isr_vector    0x08000000      0x194 ./system/src/cmsis/vectors_stm32f401xc.o
                0x08000000                __isr_vectors
 *(.cfmconfig)
 *(.after_vectors .after_vectors.*)
 .after_vectors
                0x08000194       0xcc ./system/src/newlib/_startup.o
                0x08000194                _start
 .after_vectors
                0x08000260       0x64 ./system/src/cortexm/exception_handlers.o
                0x08000260                Reset_Handler
                0x08000264                NMI_Handler
                0x08000266                HardFault_Handler
                0x0800027a                HardFault_Handler_C
                0x0800027c                MemManage_Handler
                0x0800027e                BusFault_Handler
                0x08000292                BusFault_Handler_C
                0x08000294                UsageFault_Handler
                0x080002a8                UsageFault_Handler_C
                0x080002aa                SVC_Handler
                0x080002ac                DebugMon_Handler
                0x080002ae                PendSV_Handler
                0x080002b0                SysTick_Handler
 .after_vectors
                0x080002c4        0x2 ./system/src/cmsis/vectors_stm32f401xc.o
                0x080002c4                RTC_Alarm_IRQHandler
                0x080002c4                EXTI2_IRQHandler
                0x080002c4                SPI4_IRQHandler
                0x080002c4                TIM1_CC_IRQHandler
                0x080002c4                DMA2_Stream5_IRQHandler
                0x080002c4                DMA1_Stream5_IRQHandler
                0x080002c4                PVD_IRQHandler
                0x080002c4                SDIO_IRQHandler
                0x080002c4                TAMP_STAMP_IRQHandler
                0x080002c4                EXTI3_IRQHandler
                0x080002c4                TIM1_UP_TIM10_IRQHandler
                0x080002c4                I2C3_ER_IRQHandler
                0x080002c4                I2C2_EV_IRQHandler
                0x080002c4                DMA1_Stream2_IRQHandler
                0x080002c4                FPU_IRQHandler
                0x080002c4                DMA2_Stream2_IRQHandler
                0x080002c4                SPI1_IRQHandler
                0x080002c4                TIM1_BRK_TIM9_IRQHandler
                0x080002c4                DMA2_Stream3_IRQHandler
                0x080002c4                TIM4_IRQHandler
                0x080002c4                I2C1_EV_IRQHandler
                0x080002c4                DMA1_Stream6_IRQHandler
                0x080002c4                DMA1_Stream1_IRQHandler
                0x080002c4                TIM3_IRQHandler
                0x080002c4                RCC_IRQHandler
                0x080002c4                Default_Handler
                0x080002c4                EXTI15_10_IRQHandler
                0x080002c4                ADC_IRQHandler
                0x080002c4                DMA1_Stream7_IRQHandler
                0x080002c4                TIM5_IRQHandler
                0x080002c4                DMA2_Stream7_IRQHandler
                0x080002c4                I2C3_EV_IRQHandler
                0x080002c4                EXTI9_5_IRQHandler
                0x080002c4                RTC_WKUP_IRQHandler
                0x080002c4                SPI2_IRQHandler
                0x080002c4                DMA1_Stream0_IRQHandler
                0x080002c4                EXTI4_IRQHandler
                0x080002c4                WWDG_IRQHandler
                0x080002c4                TIM2_IRQHandler
                0x080002c4                OTG_FS_WKUP_IRQHandler
                0x080002c4                TIM1_TRG_COM_TIM11_IRQHandler
                0x080002c4                EXTI1_IRQHandler
                0x080002c4                I2C2_ER_IRQHandler
                0x080002c4                DMA2_Stream1_IRQHandler
                0x080002c4                FLASH_IRQHandler
                0x080002c4                DMA2_Stream4_IRQHandler
                0x080002c4                OTG_FS_IRQHandler
                0x080002c4                SPI3_IRQHandler
                0x080002c4                DMA1_Stream4_IRQHandler
                0x080002c4                I2C1_ER_IRQHandler
                0x080002c4                DMA2_Stream6_IRQHandler
                0x080002c4                DMA1_Stream3_IRQHandler

.inits          0x080002c8       0x28
                0x080002c8                __data_regions_array_start = .
                0x080002c8        0x4 LONG 0x80008a4 LOADADDR (.data)
                0x080002cc        0x4 LONG 0x20000000 ADDR (.data)
                0x080002d0        0x4 LONG 0x20000008 (ADDR (.data) + SIZEOF (.data))
                0x080002d4        0x4 LONG 0x80008a4 LOADADDR (.data_CCMRAM)
                0x080002d8        0x4 LONG 0x10000000 ADDR (.data_CCMRAM)
                0x080002dc        0x4 LONG 0x10000000 (ADDR (.data_CCMRAM) + SIZEOF (.data_CCMRAM))
                0x080002e0                __data_regions_array_end = .
                0x080002e0                __bss_regions_array_start = .
                0x080002e0        0x4 LONG 0x20000008 ADDR (.bss)
                0x080002e4        0x4 LONG 0x2000004c (ADDR (.bss) + SIZEOF (.bss))
                0x080002e8        0x4 LONG 0x10000000 ADDR (.bss_CCMRAM)
                0x080002ec        0x4 LONG 0x10000000 (ADDR (.bss_CCMRAM) + SIZEOF (.bss_CCMRAM))
                0x080002f0                __bss_regions_array_end = .
 *(.init)
 *(.fini)
                0x080002f0                . = ALIGN (0x4)
                0x080002f0                PROVIDE (__preinit_array_start, .)
 *(.preinit_array_sysinit .preinit_array_sysinit.*)
 *(.preinit_array_platform .preinit_array_platform.*)
 *(.preinit_array .preinit_array.*)
                0x080002f0                PROVIDE (__preinit_array_end, .)
                0x080002f0                . = ALIGN (0x4)
                0x080002f0                PROVIDE (__init_array_start, .)
 *(SORT_BY_NAME(.init_array.*))
 *(.init_array)
                0x080002f0                PROVIDE (__init_array_end, .)
                0x080002f0                . = ALIGN (0x4)
                0x080002f0                PROVIDE (__fini_array_start, .)
 *(SORT_BY_NAME(.fini_array.*))
 *(.fini_array)
                0x080002f0                PROVIDE (__fini_array_end, .)

.flashtext
 *(.flashtext .flashtext.*)

.text           0x080002f0      0x5b4
 *(.text .text.*)
 .text._exit    0x080002f0        0x6 ./system/src/newlib/_exit.o
                0x080002f0                _exit
 *fill*         0x080002f6        0x2 
 .text.__initialize_args
                0x080002f8       0x10 ./system/src/newlib/_syscalls.o
                0x080002f8                __initialize_args
 .text.__initialize_hardware_early
                0x08000308       0x18 ./system/src/cortexm/_initialize_hardware.o
                0x08000308                __initialize_hardware_early
 .text.__reset_hardware
                0x08000320       0x24 ./system/src/cortexm/_reset_hardware.o
                0x08000320                __reset_hardware
 .text.SystemInit
                0x08000344       0x40 ./system/src/cmsis/system_stm32f4xx.o
                0x08000344                SystemInit
 .text.USART1_IRQHandler
                0x08000384       0x14 ./src/MCAL/UART/UART_prg.o
                0x08000384                USART1_IRQHandler
 .text.USART2_IRQHandler
                0x08000398       0x14 ./src/MCAL/UART/UART_prg.o
                0x08000398                USART2_IRQHandler
 .text.USART6_IRQHandler
                0x080003ac       0x14 ./src/MCAL/UART/UART_prg.o
                0x080003ac                USART6_IRQHandler
 .text.MRCC_vInit
                0x080003c0       0x4c ./src/MCAL/RCC/RCC_prg.o
                0x080003c0                MRCC_vInit
 .text.MRCC_vEnableClock
                0x0800040c       0x54 ./src/MCAL/RCC/RCC_prg.o
                0x0800040c                MRCC_vEnableClock
 .text.MNVIC_VoidEnablePeripheral
                0x08000460       0x18 ./src/MCAL/NVIC/NVIC_prg.o
                0x08000460                MNVIC_VoidEnablePeripheral
 .text.MGPIO_vSetPinMode
                0x08000478       0x40 ./src/MCAL/GPIO/GPIO_prg.o
                0x08000478                MGPIO_vSetPinMode
 .text.MGPIO_vSetPinOutputType
                0x080004b8       0x68 ./src/MCAL/GPIO/GPIO_prg.o
                0x080004b8                MGPIO_vSetPinOutputType
 .text.MGPIO_vSetPinOutputSpeed
                0x08000520       0x40 ./src/MCAL/GPIO/GPIO_prg.o
                0x08000520                MGPIO_vSetPinOutputSpeed
 .text.MGPIO_vSetPinInputPull
                0x08000560       0x40 ./src/MCAL/GPIO/GPIO_prg.o
                0x08000560                MGPIO_vSetPinInputPull
 .text.MGPIO_vSetPinValue
                0x080005a0       0x68 ./src/MCAL/GPIO/GPIO_prg.o
                0x080005a0                MGPIO_vSetPinValue
 .text.MGPIO_vSetAlternativeFunction
                0x08000608       0x78 ./src/MCAL/GPIO/GPIO_prg.o
                0x08000608                MGPIO_vSetAlternativeFunction
 .text.MGPIO_vInit
                0x08000680       0x3a ./src/MCAL/GPIO/GPIO_prg.o
                0x08000680                MGPIO_vInit
 *fill*         0x080006ba        0x2 
 .text.EXTI0_IRQHandler
                0x080006bc       0x20 ./src/MCAL/EXTI/EXTI_prg.o
                0x080006bc                EXTI0_IRQHandler
 .text.MDMA_vInit
                0x080006dc       0x9c ./src/MCAL/DMA/DMA_prg.o
                0x080006dc                MDMA_vInit
 .text.MDMA_voidSetAddress
                0x08000778       0x24 ./src/MCAL/DMA/DMA_prg.o
                0x08000778                MDMA_voidSetAddress
 .text.MDMA_voidClearFlagChannel0
                0x0800079c       0x10 ./src/MCAL/DMA/DMA_prg.o
                0x0800079c                MDMA_voidClearFlagChannel0
 .text.MDMA_vEnableStream
                0x080007ac       0x1c ./src/MCAL/DMA/DMA_prg.o
                0x080007ac                MDMA_vEnableStream
 .text.MDMA_vSetStreamCallback
                0x080007c8        0xc ./src/MCAL/DMA/DMA_prg.o
                0x080007c8                MDMA_vSetStreamCallback
 .text.DMA2_Stream0_IRQHandler
                0x080007d4       0x14 ./src/MCAL/DMA/DMA_prg.o
                0x080007d4                DMA2_Stream0_IRQHandler
 .text.App_voidTest
                0x080007e8       0x14 ./src/main.o
                0x080007e8                App_voidTest
 .text.__initialize_hardware
                0x080007fc        0x2 ./src/main.o
                0x080007fc                __initialize_hardware
 *fill*         0x080007fe        0x2 
 .text.startup.main
                0x08000800       0xa4 ./src/main.o
                0x08000800                main
 *(.rodata .rodata.* .constdata .constdata.*)
 *(vtable)
 *(.eh_frame*)
 *(.glue_7)
 .glue_7        0x080008a4        0x0 linker stubs
 *(.glue_7t)
 .glue_7t       0x080008a4        0x0 linker stubs

.vfp11_veneer   0x080008a4        0x0
 .vfp11_veneer  0x080008a4        0x0 linker stubs

.v4_bx          0x080008a4        0x0
 .v4_bx         0x080008a4        0x0 linker stubs

.iplt           0x080008a4        0x0
 .iplt          0x080008a4        0x0 ./system/src/newlib/_exit.o

.rel.dyn        0x080008a4        0x0
 .rel.iplt      0x080008a4        0x0 ./system/src/newlib/_exit.o

.ARM.extab
 *(.ARM.extab* .gnu.linkonce.armextab.*)
                0x080008a4                . = ALIGN (0x4)
                0x080008a4                __exidx_start = .

.ARM.exidx
 *(.ARM.exidx* .gnu.linkonce.armexidx.*)
                0x080008a4                __exidx_end = .
                0x080008a4                . = ALIGN (0x4)
                0x080008a4                _etext = .
                0x080008a4                __etext = .

.data_CCMRAM    0x10000000        0x0 load address 0x080008a4
 FILL mask 0xff
 *(.data.CCMRAM .data.CCMRAM.*)
                0x10000000                . = ALIGN (0x4)
                0x080008a4                _sidata = LOADADDR (.data)

.data           0x20000000        0x8 load address 0x080008a4
 FILL mask 0xff
                0x20000000                _sdata = .
                0x20000000                __data_start__ = .
 *(.data_begin .data_begin.*)
 *(.data .data.*)
 .data.argv.4790
                0x20000000        0x8 ./system/src/newlib/_syscalls.o
 *(.data_end .data_end.*)
                0x20000008                . = ALIGN (0x4)
                0x20000008                _edata = .
                0x20000008                __data_end__ = .

.igot.plt       0x20000008        0x0 load address 0x080008ac
 .igot.plt      0x20000008        0x0 ./system/src/newlib/_exit.o

.bss_CCMRAM     0x10000000        0x0
 *(.bss.CCMRAM .bss.CCMRAM.*)

.bss            0x20000008       0x44
                0x20000008                __bss_start__ = .
                0x20000008                _sbss = .
 *(.bss_begin .bss_begin.*)
 *(.bss .bss.*)
 .bss.name.4789
                0x20000008        0x1 ./system/src/newlib/_syscalls.o
 *fill*         0x20000009        0x3 
 .bss.EXTI_LINE_0_Callback
                0x2000000c        0x4 ./src/MCAL/EXTI/EXTI_prg.o
 .bss.MDMA_CAllBackPtr
                0x20000010        0x4 ./src/MCAL/DMA/DMA_prg.o
 *(COMMON)
 COMMON         0x20000014       0x20 ./src/MCAL/UART/UART_prg.o
                0x20000014                global_u8String
                0x20000028                MUSART2_CallBack
                0x2000002c                MUSART6_CallBack
                0x20000030                MUSART1_CallBack
 COMMON         0x20000034       0x16 ./src/main.o
                0x20000034                GLO_u32Source
                0x20000048                i
 *(.bss_end .bss_end.*)
                0x2000004c                . = ALIGN (0x4)
 *fill*         0x2000004a        0x2 
                0x2000004c                __bss_end__ = .
                0x2000004c                _ebss = .

.noinit_CCMRAM
 *(.noinit.CCMRAM .noinit.CCMRAM.*)

.noinit         0x2000004c        0x0
                0x2000004c                _noinit = .
 *(.noinit .noinit.*)
                0x2000004c                . = ALIGN (0x4)
                0x2000004c                _end_noinit = .
                [!provide]                PROVIDE (end, _end_noinit)
                [!provide]                PROVIDE (_end, _end_noinit)
                [!provide]                PROVIDE (__end, _end_noinit)
                [!provide]                PROVIDE (__end__, _end_noinit)

._check_stack   0x2000004c      0x100
                0x2000014c                . = (. + _Minimum_Stack_Size)
 *fill*         0x2000004c      0x100 

.b1text
 *(.b1text)
 *(.b1rodata)
 *(.b1rodata.*)

.eb0text
 *(.eb0text)
 *(.eb0rodata)
 *(.eb0rodata.*)

.eb1text
 *(.eb1text)
 *(.eb1rodata)
 *(.eb1rodata.*)

.eb2text
 *(.eb2text)
 *(.eb2rodata)
 *(.eb2rodata.*)

.eb3text
 *(.eb3text)
 *(.eb3rodata)
 *(.eb3rodata.*)

.stab
 *(.stab)

.stabstr
 *(.stabstr)

.stab.excl
 *(.stab.excl)

.stab.exclstr
 *(.stab.exclstr)

.stab.index
 *(.stab.index)

.stab.indexstr
 *(.stab.indexstr)

.comment        0x00000000       0x7e
 *(.comment)
 .comment       0x00000000       0x7e ./system/src/newlib/_exit.o
                                 0x7f (size before relaxing)
 .comment       0x0000007e       0x7f ./system/src/newlib/_startup.o
 .comment       0x0000007e       0x7f ./system/src/newlib/_syscalls.o
 .comment       0x0000007e       0x7f ./system/src/cortexm/_initialize_hardware.o
 .comment       0x0000007e       0x7f ./system/src/cortexm/_reset_hardware.o
 .comment       0x0000007e       0x7f ./system/src/cortexm/exception_handlers.o
 .comment       0x0000007e       0x7f ./system/src/cmsis/system_stm32f4xx.o
 .comment       0x0000007e       0x7f ./system/src/cmsis/vectors_stm32f401xc.o
 .comment       0x0000007e       0x7f ./src/MCAL/UART/UART_prg.o
 .comment       0x0000007e       0x7f ./src/MCAL/RCC/RCC_prg.o
 .comment       0x0000007e       0x7f ./src/MCAL/NVIC/NVIC_prg.o
 .comment       0x0000007e       0x7f ./src/MCAL/GPIO/GPIO_prg.o
 .comment       0x0000007e       0x7f ./src/MCAL/EXTI/EXTI_prg.o
 .comment       0x0000007e       0x7f ./src/MCAL/DMA/DMA_prg.o
 .comment       0x0000007e       0x7f ./src/main.o

.ARM.attributes
                0x00000000       0x33
 .ARM.attributes
                0x00000000       0x33 ./system/src/newlib/_exit.o
 .ARM.attributes
                0x00000033       0x33 ./system/src/newlib/_startup.o
 .ARM.attributes
                0x00000066       0x33 ./system/src/newlib/_syscalls.o
 .ARM.attributes
                0x00000099       0x33 ./system/src/cortexm/_initialize_hardware.o
 .ARM.attributes
                0x000000cc       0x33 ./system/src/cortexm/_reset_hardware.o
 .ARM.attributes
                0x000000ff       0x33 ./system/src/cortexm/exception_handlers.o
 .ARM.attributes
                0x00000132       0x33 ./system/src/cmsis/system_stm32f4xx.o
 .ARM.attributes
                0x00000165       0x33 ./system/src/cmsis/vectors_stm32f401xc.o
 .ARM.attributes
                0x00000198       0x33 ./src/MCAL/UART/UART_prg.o
 .ARM.attributes
                0x000001cb       0x33 ./src/MCAL/RCC/RCC_prg.o
 .ARM.attributes
                0x000001fe       0x33 ./src/MCAL/NVIC/NVIC_prg.o
 .ARM.attributes
                0x00000231       0x33 ./src/MCAL/GPIO/GPIO_prg.o
 .ARM.attributes
                0x00000264       0x33 ./src/MCAL/EXTI/EXTI_prg.o
 .ARM.attributes
                0x00000297       0x33 ./src/MCAL/DMA/DMA_prg.o
 .ARM.attributes
                0x000002ca       0x33 ./src/main.o

.debug
 *(.debug)

.line
 *(.line)

.debug_srcinfo
 *(.debug_srcinfo)

.debug_sfnames
 *(.debug_sfnames)

.debug_aranges  0x00000000      0x458
 *(.debug_aranges)
 .debug_aranges
                0x00000000       0x28 ./system/src/newlib/_exit.o
 .debug_aranges
                0x00000028       0x40 ./system/src/newlib/_startup.o
 .debug_aranges
                0x00000068       0x90 ./system/src/newlib/_syscalls.o
 .debug_aranges
                0x000000f8       0x28 ./system/src/cortexm/_initialize_hardware.o
 .debug_aranges
                0x00000120       0x20 ./system/src/cortexm/_reset_hardware.o
 .debug_aranges
                0x00000140       0x80 ./system/src/cortexm/exception_handlers.o
 .debug_aranges
                0x000001c0       0x28 ./system/src/cmsis/system_stm32f4xx.o
 .debug_aranges
                0x000001e8       0x20 ./system/src/cmsis/vectors_stm32f401xc.o
 .debug_aranges
                0x00000208       0x98 ./src/MCAL/UART/UART_prg.o
 .debug_aranges
                0x000002a0       0x30 ./src/MCAL/RCC/RCC_prg.o
 .debug_aranges
                0x000002d0       0x50 ./src/MCAL/NVIC/NVIC_prg.o
 .debug_aranges
                0x00000320       0x68 ./src/MCAL/GPIO/GPIO_prg.o
 .debug_aranges
                0x00000388       0x58 ./src/MCAL/EXTI/EXTI_prg.o
 .debug_aranges
                0x000003e0       0x48 ./src/MCAL/DMA/DMA_prg.o
 .debug_aranges
                0x00000428       0x30 ./src/main.o

.debug_pubnames
 *(.debug_pubnames)

.debug_info     0x00000000     0x6601
 *(.debug_info .gnu.linkonce.wi.*)
 .debug_info    0x00000000      0x960 ./system/src/newlib/_exit.o
 .debug_info    0x00000960      0x457 ./system/src/newlib/_startup.o
 .debug_info    0x00000db7     0x115e ./system/src/newlib/_syscalls.o
 .debug_info    0x00001f15      0xafb ./system/src/cortexm/_initialize_hardware.o
 .debug_info    0x00002a10      0xb0d ./system/src/cortexm/_reset_hardware.o
 .debug_info    0x0000351d      0xafb ./system/src/cortexm/exception_handlers.o
 .debug_info    0x00004018      0xd1b ./system/src/cmsis/system_stm32f4xx.o
 .debug_info    0x00004d33       0xc6 ./system/src/cmsis/vectors_stm32f401xc.o
 .debug_info    0x00004df9      0x4e4 ./src/MCAL/UART/UART_prg.o
 .debug_info    0x000052dd      0x234 ./src/MCAL/RCC/RCC_prg.o
 .debug_info    0x00005511      0x341 ./src/MCAL/NVIC/NVIC_prg.o
 .debug_info    0x00005852      0x532 ./src/MCAL/GPIO/GPIO_prg.o
 .debug_info    0x00005d84      0x304 ./src/MCAL/EXTI/EXTI_prg.o
 .debug_info    0x00006088      0x24f ./src/MCAL/DMA/DMA_prg.o
 .debug_info    0x000062d7      0x32a ./src/main.o

.debug_abbrev   0x00000000     0x1809
 *(.debug_abbrev)
 .debug_abbrev  0x00000000      0x210 ./system/src/newlib/_exit.o
 .debug_abbrev  0x00000210      0x1bf ./system/src/newlib/_startup.o
 .debug_abbrev  0x000003cf      0x339 ./system/src/newlib/_syscalls.o
 .debug_abbrev  0x00000708      0x1e9 ./system/src/cortexm/_initialize_hardware.o
 .debug_abbrev  0x000008f1      0x201 ./system/src/cortexm/_reset_hardware.o
 .debug_abbrev  0x00000af2      0x1fe ./system/src/cortexm/exception_handlers.o
 .debug_abbrev  0x00000cf0      0x213 ./system/src/cmsis/system_stm32f4xx.o
 .debug_abbrev  0x00000f03       0x9a ./system/src/cmsis/vectors_stm32f401xc.o
 .debug_abbrev  0x00000f9d      0x156 ./src/MCAL/UART/UART_prg.o
 .debug_abbrev  0x000010f3       0xa5 ./src/MCAL/RCC/RCC_prg.o
 .debug_abbrev  0x00001198      0x130 ./src/MCAL/NVIC/NVIC_prg.o
 .debug_abbrev  0x000012c8      0x168 ./src/MCAL/GPIO/GPIO_prg.o
 .debug_abbrev  0x00001430      0x13e ./src/MCAL/EXTI/EXTI_prg.o
 .debug_abbrev  0x0000156e      0x137 ./src/MCAL/DMA/DMA_prg.o
 .debug_abbrev  0x000016a5      0x164 ./src/main.o

.debug_line     0x00000000     0x1ae5
 *(.debug_line)
 .debug_line    0x00000000      0x236 ./system/src/newlib/_exit.o
 .debug_line    0x00000236      0x131 ./system/src/newlib/_startup.o
 .debug_line    0x00000367      0x3df ./system/src/newlib/_syscalls.o
 .debug_line    0x00000746      0x275 ./system/src/cortexm/_initialize_hardware.o
 .debug_line    0x000009bb      0x281 ./system/src/cortexm/_reset_hardware.o
 .debug_line    0x00000c3c      0x2c7 ./system/src/cortexm/exception_handlers.o
 .debug_line    0x00000f03      0x2a1 ./system/src/cmsis/system_stm32f4xx.o
 .debug_line    0x000011a4       0x5a ./system/src/cmsis/vectors_stm32f401xc.o
 .debug_line    0x000011fe      0x1f0 ./src/MCAL/UART/UART_prg.o
 .debug_line    0x000013ee       0xbf ./src/MCAL/RCC/RCC_prg.o
 .debug_line    0x000014ad      0x12d ./src/MCAL/NVIC/NVIC_prg.o
 .debug_line    0x000015da      0x1b7 ./src/MCAL/GPIO/GPIO_prg.o
 .debug_line    0x00001791      0x14b ./src/MCAL/EXTI/EXTI_prg.o
 .debug_line    0x000018dc       0xf1 ./src/MCAL/DMA/DMA_prg.o
 .debug_line    0x000019cd      0x118 ./src/main.o

.debug_frame    0x00000000      0x8e0
 *(.debug_frame)
 .debug_frame   0x00000000       0x40 ./system/src/newlib/_exit.o
 .debug_frame   0x00000040       0x80 ./system/src/newlib/_startup.o
 .debug_frame   0x000000c0      0x228 ./system/src/newlib/_syscalls.o
 .debug_frame   0x000002e8       0x38 ./system/src/cortexm/_initialize_hardware.o
 .debug_frame   0x00000320       0x20 ./system/src/cortexm/_reset_hardware.o
 .debug_frame   0x00000340       0xe0 ./system/src/cortexm/exception_handlers.o
 .debug_frame   0x00000420       0x38 ./system/src/cmsis/system_stm32f4xx.o
 .debug_frame   0x00000458       0x20 ./system/src/cmsis/vectors_stm32f401xc.o
 .debug_frame   0x00000478      0x138 ./src/MCAL/UART/UART_prg.o
 .debug_frame   0x000005b0       0x40 ./src/MCAL/RCC/RCC_prg.o
 .debug_frame   0x000005f0       0x88 ./src/MCAL/NVIC/NVIC_prg.o
 .debug_frame   0x00000678       0xdc ./src/MCAL/GPIO/GPIO_prg.o
 .debug_frame   0x00000754       0xa8 ./src/MCAL/EXTI/EXTI_prg.o
 .debug_frame   0x000007fc       0x8c ./src/MCAL/DMA/DMA_prg.o
 .debug_frame   0x00000888       0x58 ./src/main.o

.debug_str      0x00000000     0x18ee
 *(.debug_str)
 .debug_str     0x00000000      0x570 ./system/src/newlib/_exit.o
                                0x5f7 (size before relaxing)
 .debug_str     0x00000570      0x1a3 ./system/src/newlib/_startup.o
                                0x35f (size before relaxing)
 .debug_str     0x00000713      0x2b3 ./system/src/newlib/_syscalls.o
                                0x8ce (size before relaxing)
 .debug_str     0x000009c6       0xed ./system/src/cortexm/_initialize_hardware.o
                                0x6b9 (size before relaxing)
 .debug_str     0x00000ab3       0x45 ./system/src/cortexm/_reset_hardware.o
                                0x67f (size before relaxing)
 .debug_str     0x00000af8      0x11f ./system/src/cortexm/exception_handlers.o
                                0x705 (size before relaxing)
 .debug_str     0x00000c17      0x127 ./system/src/cmsis/system_stm32f4xx.o
                                0x79e (size before relaxing)
 .debug_str     0x00000d3e       0x59 ./system/src/cmsis/vectors_stm32f401xc.o
                                0x1e2 (size before relaxing)
 .debug_str     0x00000d97      0x33c ./src/MCAL/UART/UART_prg.o
                                0x4be (size before relaxing)
 .debug_str     0x000010d3      0x107 ./src/MCAL/RCC/RCC_prg.o
                                0x2d3 (size before relaxing)
 .debug_str     0x000011da      0x18c ./src/MCAL/NVIC/NVIC_prg.o
                                0x34e (size before relaxing)
 .debug_str     0x00001366      0x1c2 ./src/MCAL/GPIO/GPIO_prg.o
                                0x370 (size before relaxing)
 .debug_str     0x00001528      0x211 ./src/MCAL/EXTI/EXTI_prg.o
                                0x399 (size before relaxing)
 .debug_str     0x00001739      0x143 ./src/MCAL/DMA/DMA_prg.o
                                0x2d0 (size before relaxing)
 .debug_str     0x0000187c       0x72 ./src/main.o
                                0x313 (size before relaxing)

.debug_loc      0x00000000     0x157d
 *(.debug_loc)
 .debug_loc     0x00000000       0x21 ./system/src/newlib/_exit.o
 .debug_loc     0x00000021      0x22d ./system/src/newlib/_startup.o
 .debug_loc     0x0000024e      0x39c ./system/src/newlib/_syscalls.o
 .debug_loc     0x000005ea      0x11c ./system/src/cmsis/system_stm32f4xx.o
 .debug_loc     0x00000706      0x270 ./src/MCAL/UART/UART_prg.o
 .debug_loc     0x00000976      0x1b0 ./src/MCAL/RCC/RCC_prg.o
 .debug_loc     0x00000b26      0x1c3 ./src/MCAL/NVIC/NVIC_prg.o
 .debug_loc     0x00000ce9      0x650 ./src/MCAL/GPIO/GPIO_prg.o
 .debug_loc     0x00001339      0x17c ./src/MCAL/EXTI/EXTI_prg.o
 .debug_loc     0x000014b5       0x90 ./src/MCAL/DMA/DMA_prg.o
 .debug_loc     0x00001545       0x38 ./src/main.o

.debug_macinfo
 *(.debug_macinfo)

.debug_weaknames
 *(.debug_weaknames)

.debug_funcnames
 *(.debug_funcnames)

.debug_typenames
 *(.debug_typenames)

.debug_varnames
 *(.debug_varnames)
OUTPUT(DMA_driver.elf elf32-littlearm)

.debug_ranges   0x00000000      0x420
 .debug_ranges  0x00000000       0x18 ./system/src/newlib/_exit.o
 .debug_ranges  0x00000018       0xd0 ./system/src/newlib/_startup.o
 .debug_ranges  0x000000e8       0x80 ./system/src/newlib/_syscalls.o
 .debug_ranges  0x00000168       0x18 ./system/src/cortexm/_initialize_hardware.o
 .debug_ranges  0x00000180       0x10 ./system/src/cortexm/_reset_hardware.o
 .debug_ranges  0x00000190       0x70 ./system/src/cortexm/exception_handlers.o
 .debug_ranges  0x00000200       0x18 ./system/src/cmsis/system_stm32f4xx.o
 .debug_ranges  0x00000218       0x10 ./system/src/cmsis/vectors_stm32f401xc.o
 .debug_ranges  0x00000228       0x88 ./src/MCAL/UART/UART_prg.o
 .debug_ranges  0x000002b0       0x20 ./src/MCAL/RCC/RCC_prg.o
 .debug_ranges  0x000002d0       0x40 ./src/MCAL/NVIC/NVIC_prg.o
 .debug_ranges  0x00000310       0x70 ./src/MCAL/GPIO/GPIO_prg.o
 .debug_ranges  0x00000380       0x48 ./src/MCAL/EXTI/EXTI_prg.o
 .debug_ranges  0x000003c8       0x38 ./src/MCAL/DMA/DMA_prg.o
 .debug_ranges  0x00000400       0x20 ./src/main.o
