Archive member included to satisfy reference by file (symbol)

c:/users/moham/onedrive/desktop/arm tools/03- imt sdk/03- imt sdk/imt_sdk_win_64/winarm/armgcc/bin/../lib/gcc/arm-none-eabi/7.2.1/../../../../arm-none-eabi/lib/thumb/v7e-m\libg_nano.a(lib_a-errno.o)
                              ./system/src/newlib/_sbrk.o (__errno)
c:/users/moham/onedrive/desktop/arm tools/03- imt sdk/03- imt sdk/imt_sdk_win_64/winarm/armgcc/bin/../lib/gcc/arm-none-eabi/7.2.1/../../../../arm-none-eabi/lib/thumb/v7e-m\libg_nano.a(lib_a-impure.o)
                              c:/users/moham/onedrive/desktop/arm tools/03- imt sdk/03- imt sdk/imt_sdk_win_64/winarm/armgcc/bin/../lib/gcc/arm-none-eabi/7.2.1/../../../../arm-none-eabi/lib/thumb/v7e-m\libg_nano.a(lib_a-errno.o) (_impure_ptr)
c:/users/moham/onedrive/desktop/arm tools/03- imt sdk/03- imt sdk/imt_sdk_win_64/winarm/armgcc/bin/../lib/gcc/arm-none-eabi/7.2.1/../../../../arm-none-eabi/lib/thumb/v7e-m\libg_nano.a(lib_a-strlen.o)
                              ./system/src/diag/Trace.o (strlen)
c:/users/moham/onedrive/desktop/arm tools/03- imt sdk/03- imt sdk/imt_sdk_win_64/winarm/armgcc/bin/../lib/gcc/arm-none-eabi/7.2.1/../../../../arm-none-eabi/lib/thumb/v7e-m\libg_nano.a(lib_a-vsnprintf.o)
                              ./system/src/diag/Trace.o (vsnprintf)
c:/users/moham/onedrive/desktop/arm tools/03- imt sdk/03- imt sdk/imt_sdk_win_64/winarm/armgcc/bin/../lib/gcc/arm-none-eabi/7.2.1/../../../../arm-none-eabi/lib/thumb/v7e-m\libg_nano.a(lib_a-nano-svfprintf.o)
                              c:/users/moham/onedrive/desktop/arm tools/03- imt sdk/03- imt sdk/imt_sdk_win_64/winarm/armgcc/bin/../lib/gcc/arm-none-eabi/7.2.1/../../../../arm-none-eabi/lib/thumb/v7e-m\libg_nano.a(lib_a-vsnprintf.o) (_svfprintf_r)
c:/users/moham/onedrive/desktop/arm tools/03- imt sdk/03- imt sdk/imt_sdk_win_64/winarm/armgcc/bin/../lib/gcc/arm-none-eabi/7.2.1/../../../../arm-none-eabi/lib/thumb/v7e-m\libg_nano.a(lib_a-nano-vfprintf_i.o)
                              c:/users/moham/onedrive/desktop/arm tools/03- imt sdk/03- imt sdk/imt_sdk_win_64/winarm/armgcc/bin/../lib/gcc/arm-none-eabi/7.2.1/../../../../arm-none-eabi/lib/thumb/v7e-m\libg_nano.a(lib_a-nano-svfprintf.o) (_printf_i)
c:/users/moham/onedrive/desktop/arm tools/03- imt sdk/03- imt sdk/imt_sdk_win_64/winarm/armgcc/bin/../lib/gcc/arm-none-eabi/7.2.1/../../../../arm-none-eabi/lib/thumb/v7e-m\libg_nano.a(lib_a-memchr.o)
                              c:/users/moham/onedrive/desktop/arm tools/03- imt sdk/03- imt sdk/imt_sdk_win_64/winarm/armgcc/bin/../lib/gcc/arm-none-eabi/7.2.1/../../../../arm-none-eabi/lib/thumb/v7e-m\libg_nano.a(lib_a-nano-svfprintf.o) (memchr)
c:/users/moham/onedrive/desktop/arm tools/03- imt sdk/03- imt sdk/imt_sdk_win_64/winarm/armgcc/bin/../lib/gcc/arm-none-eabi/7.2.1/../../../../arm-none-eabi/lib/thumb/v7e-m\libg_nano.a(lib_a-memcpy-stub.o)
                              c:/users/moham/onedrive/desktop/arm tools/03- imt sdk/03- imt sdk/imt_sdk_win_64/winarm/armgcc/bin/../lib/gcc/arm-none-eabi/7.2.1/../../../../arm-none-eabi/lib/thumb/v7e-m\libg_nano.a(lib_a-nano-svfprintf.o) (memcpy)
c:/users/moham/onedrive/desktop/arm tools/03- imt sdk/03- imt sdk/imt_sdk_win_64/winarm/armgcc/bin/../lib/gcc/arm-none-eabi/7.2.1/../../../../arm-none-eabi/lib/thumb/v7e-m\libg_nano.a(lib_a-memmove.o)
                              c:/users/moham/onedrive/desktop/arm tools/03- imt sdk/03- imt sdk/imt_sdk_win_64/winarm/armgcc/bin/../lib/gcc/arm-none-eabi/7.2.1/../../../../arm-none-eabi/lib/thumb/v7e-m\libg_nano.a(lib_a-nano-svfprintf.o) (memmove)
c:/users/moham/onedrive/desktop/arm tools/03- imt sdk/03- imt sdk/imt_sdk_win_64/winarm/armgcc/bin/../lib/gcc/arm-none-eabi/7.2.1/../../../../arm-none-eabi/lib/thumb/v7e-m\libg_nano.a(lib_a-nano-freer.o)
                              c:/users/moham/onedrive/desktop/arm tools/03- imt sdk/03- imt sdk/imt_sdk_win_64/winarm/armgcc/bin/../lib/gcc/arm-none-eabi/7.2.1/../../../../arm-none-eabi/lib/thumb/v7e-m\libg_nano.a(lib_a-nano-svfprintf.o) (_free_r)
c:/users/moham/onedrive/desktop/arm tools/03- imt sdk/03- imt sdk/imt_sdk_win_64/winarm/armgcc/bin/../lib/gcc/arm-none-eabi/7.2.1/../../../../arm-none-eabi/lib/thumb/v7e-m\libg_nano.a(lib_a-nano-mallocr.o)
                              c:/users/moham/onedrive/desktop/arm tools/03- imt sdk/03- imt sdk/imt_sdk_win_64/winarm/armgcc/bin/../lib/gcc/arm-none-eabi/7.2.1/../../../../arm-none-eabi/lib/thumb/v7e-m\libg_nano.a(lib_a-nano-svfprintf.o) (_malloc_r)
c:/users/moham/onedrive/desktop/arm tools/03- imt sdk/03- imt sdk/imt_sdk_win_64/winarm/armgcc/bin/../lib/gcc/arm-none-eabi/7.2.1/../../../../arm-none-eabi/lib/thumb/v7e-m\libg_nano.a(lib_a-nano-reallocr.o)
                              c:/users/moham/onedrive/desktop/arm tools/03- imt sdk/03- imt sdk/imt_sdk_win_64/winarm/armgcc/bin/../lib/gcc/arm-none-eabi/7.2.1/../../../../arm-none-eabi/lib/thumb/v7e-m\libg_nano.a(lib_a-nano-svfprintf.o) (_realloc_r)
[...]
Memory Configuration

Name             Origin             Length             Attributes
RAM              0x20000000         0x00010000         xrw
CCMRAM           0x10000000         0x00000000         xrw
FLASH            0x08000000         0x00040000         xr
FLASHB1          0x00000000         0x00000000         xr
EXTMEMB0         0x00000000         0x00000000         xr
EXTMEMB1         0x00000000         0x00000000         xr
EXTMEMB2         0x00000000         0x00000000         xr
EXTMEMB3         0x00000000         0x00000000         xr
*default*        0x00000000         0xffffffff

Linker script and memory map

LOAD ./system/src/stm32f4-hal/stm32f4xx_hal.o
LOAD ./system/src/stm32f4-hal/stm32f4xx_hal_cortex.o
LOAD ./system/src/stm32f4-hal/stm32f4xx_hal_dfsdm.o
LOAD ./system/src/stm32f4-hal/stm32f4xx_hal_flash.o
LOAD ./system/src/stm32f4-hal/stm32f4xx_hal_gpio.o
LOAD ./system/src/stm32f4-hal/stm32f4xx_hal_iwdg.o
LOAD ./system/src/stm32f4-hal/stm32f4xx_hal_pwr.o
LOAD ./system/src/stm32f4-hal/stm32f4xx_hal_rcc.o
LOAD ./system/src/newlib/_cxx.o
LOAD ./system/src/newlib/_exit.o
LOAD ./system/src/newlib/_sbrk.o
LOAD ./system/src/newlib/_startup.o
LOAD ./system/src/newlib/_syscalls.o
LOAD ./system/src/newlib/assert.o
LOAD ./system/src/diag/Trace.o
LOAD ./system/src/diag/trace_impl.o
LOAD ./system/src/cortexm/_initialize_hardware.o
LOAD ./system/src/cortexm/_reset_hardware.o
LOAD ./system/src/cortexm/exception_handlers.o
LOAD ./system/src/cmsis/system_stm32f4xx.o
LOAD ./system/src/cmsis/vectors_stm32f401xc.o
LOAD ./src/RTOS/RTOS_prg.o
LOAD ./src/MCAL/SYSTICK/SYSTICK_prg.o
LOAD ./src/MCAL/S2P/S2P_cfg.o
LOAD ./src/MCAL/S2P/S2P_prg.o
LOAD ./src/MCAL/RCC/RCC_prg.o
LOAD ./src/MCAL/NVIC/NVIC_prg.o
LOAD ./src/MCAL/GPIO/GPIO_prg.o
LOAD ./src/MCAL/EXTI/EXTI_prg.o
LOAD ./src/HAL/LedMatrix_cfg.o
LOAD ./src/HAL/LedMatrix_prg.o
LOAD ./src/_write.o
LOAD ./src/main.o
LOAD ./src/stm32f4xx_hal_msp.o
LOAD c:/users/moham/onedrive/desktop/arm tools/03- imt sdk/03- imt sdk/imt_sdk_win_64/winarm/armgcc/bin/../lib/gcc/arm-none-eabi/7.2.1/../../../../arm-none-eabi/lib/thumb/v7e-m\libstdc++_nano.a
LOAD c:/users/moham/onedrive/desktop/arm tools/03- imt sdk/03- imt sdk/imt_sdk_win_64/winarm/armgcc/bin/../lib/gcc/arm-none-eabi/7.2.1/../../../../arm-none-eabi/lib/thumb/v7e-m\libm.a
START GROUP
LOAD c:/users/moham/onedrive/desktop/arm tools/03- imt sdk/03- imt sdk/imt_sdk_win_64/winarm/armgcc/bin/../lib/gcc/arm-none-eabi/7.2.1/thumb/v7e-m\libgcc.a
LOAD c:/users/moham/onedrive/desktop/arm tools/03- imt sdk/03- imt sdk/imt_sdk_win_64/winarm/armgcc/bin/../lib/gcc/arm-none-eabi/7.2.1/../../../../arm-none-eabi/lib/thumb/v7e-m\libg_nano.a
LOAD c:/users/moham/onedrive/desktop/arm tools/03- imt sdk/03- imt sdk/imt_sdk_win_64/winarm/armgcc/bin/../lib/gcc/arm-none-eabi/7.2.1/../../../../arm-none-eabi/lib/thumb/v7e-m\libc_nano.a
END GROUP
START GROUP
LOAD c:/users/moham/onedrive/desktop/arm tools/03- imt sdk/03- imt sdk/imt_sdk_win_64/winarm/armgcc/bin/../lib/gcc/arm-none-eabi/7.2.1/thumb/v7e-m\libgcc.a
LOAD c:/users/moham/onedrive/desktop/arm tools/03- imt sdk/03- imt sdk/imt_sdk_win_64/winarm/armgcc/bin/../lib/gcc/arm-none-eabi/7.2.1/../../../../arm-none-eabi/lib/thumb/v7e-m\libc_nano.a
END GROUP
                0x20010000                __stack = (ORIGIN (RAM) + LENGTH (RAM))
                0x20010000                _estack = __stack
                0x00000400                __Main_Stack_Size = 0x400
                [!provide]                PROVIDE (_Main_Stack_Size, __Main_Stack_Size)
                0x2000fc00                __Main_Stack_Limit = (__stack - __Main_Stack_Size)
                [!provide]                PROVIDE (_Main_Stack_Limit, __Main_Stack_Limit)
                0x00000100                _Minimum_Stack_Size = 0x100
                0x200001d0                PROVIDE (_Heap_Begin, _end_noinit)
                0x2000fc00                PROVIDE (_Heap_Limit, (__stack - __Main_Stack_Size))

.isr_vector     0x08000000      0x3f4
 FILL mask 0xff
                0x08000000                __vectors_start = ABSOLUTE (.)
                0x08000000                __vectors_start__ = ABSOLUTE (.)
 *(.isr_vector)
 .isr_vector    0x08000000      0x194 ./system/src/cmsis/vectors_stm32f401xc.o
                0x08000000                __isr_vectors
 *(.cfmconfig)
 *(.after_vectors .after_vectors.*)
 .after_vectors
                0x08000194      0x130 ./system/src/newlib/_startup.o
                0x08000194                _start
 .after_vectors
                0x080002c4      0x12c ./system/src/cortexm/exception_handlers.o
                0x080002c4                Reset_Handler
                0x080002ca                NMI_Handler
                0x080002ce                HardFault_Handler
                0x080002e2                HardFault_Handler_C
                0x08000340                MemManage_Handler
                0x08000344                BusFault_Handler
                0x08000358                BusFault_Handler_C
                0x0800038c                UsageFault_Handler
                0x080003a0                UsageFault_Handler_C
                0x080003d4                SVC_Handler
                0x080003d8                DebugMon_Handler
                0x080003dc                PendSV_Handler
                0x080003e0                SysTick_Handler
 .after_vectors
                0x080003f0        0x4 ./system/src/cmsis/vectors_stm32f401xc.o
                0x080003f0                RTC_Alarm_IRQHandler
                0x080003f0                EXTI2_IRQHandler
                0x080003f0                SPI4_IRQHandler
                0x080003f0                TIM1_CC_IRQHandler
                0x080003f0                DMA2_Stream5_IRQHandler
                0x080003f0                DMA1_Stream5_IRQHandler
                0x080003f0                PVD_IRQHandler
                0x080003f0                SDIO_IRQHandler
                0x080003f0                TAMP_STAMP_IRQHandler
                0x080003f0                EXTI3_IRQHandler
                0x080003f0                TIM1_UP_TIM10_IRQHandler
                0x080003f0                I2C3_ER_IRQHandler
                0x080003f0                I2C2_EV_IRQHandler
                0x080003f0                DMA1_Stream2_IRQHandler
                0x080003f0                FPU_IRQHandler
                0x080003f0                DMA2_Stream2_IRQHandler
                0x080003f0                SPI1_IRQHandler
                0x080003f0                TIM1_BRK_TIM9_IRQHandler
                0x080003f0                DMA2_Stream3_IRQHandler
                0x080003f0                USART6_IRQHandler
                0x080003f0                DMA2_Stream0_IRQHandler
                0x080003f0                TIM4_IRQHandler
                0x080003f0                I2C1_EV_IRQHandler
                0x080003f0                DMA1_Stream6_IRQHandler
                0x080003f0                DMA1_Stream1_IRQHandler
                0x080003f0                TIM3_IRQHandler
                0x080003f0                RCC_IRQHandler
                0x080003f0                Default_Handler
                0x080003f0                EXTI15_10_IRQHandler
                0x080003f0                ADC_IRQHandler
                0x080003f0                DMA1_Stream7_IRQHandler
                0x080003f0                TIM5_IRQHandler
                0x080003f0                DMA2_Stream7_IRQHandler
                0x080003f0                I2C3_EV_IRQHandler
                0x080003f0                EXTI9_5_IRQHandler
                0x080003f0                RTC_WKUP_IRQHandler
                0x080003f0                SPI2_IRQHandler
                0x080003f0                DMA1_Stream0_IRQHandler
                0x080003f0                EXTI4_IRQHandler
                0x080003f0                WWDG_IRQHandler
                0x080003f0                TIM2_IRQHandler
                0x080003f0                OTG_FS_WKUP_IRQHandler
                0x080003f0                TIM1_TRG_COM_TIM11_IRQHandler
                0x080003f0                EXTI1_IRQHandler
                0x080003f0                USART2_IRQHandler
                0x080003f0                I2C2_ER_IRQHandler
                0x080003f0                DMA2_Stream1_IRQHandler
                0x080003f0                FLASH_IRQHandler
                0x080003f0                DMA2_Stream4_IRQHandler
                0x080003f0                USART1_IRQHandler
                0x080003f0                OTG_FS_IRQHandler
                0x080003f0                SPI3_IRQHandler
                0x080003f0                DMA1_Stream4_IRQHandler
                0x080003f0                I2C1_ER_IRQHandler
                0x080003f0                DMA2_Stream6_IRQHandler
                0x080003f0                DMA1_Stream3_IRQHandler

.inits          0x080003f4       0x28
                0x080003f4                __data_regions_array_start = .
                0x080003f4        0x4 LONG 0x8001654 LOADADDR (.data)
                0x080003f8        0x4 LONG 0x20000000 ADDR (.data)
                0x080003fc        0x4 LONG 0x20000074 (ADDR (.data) + SIZEOF (.data))
                0x08000400        0x4 LONG 0x8001654 LOADADDR (.data_CCMRAM)
                0x08000404        0x4 LONG 0x10000000 ADDR (.data_CCMRAM)
                0x08000408        0x4 LONG 0x10000000 (ADDR (.data_CCMRAM) + SIZEOF (.data_CCMRAM))
                0x0800040c                __data_regions_array_end = .
                0x0800040c                __bss_regions_array_start = .
                0x0800040c        0x4 LONG 0x20000074 ADDR (.bss)
                0x08000410        0x4 LONG 0x200001d0 (ADDR (.bss) + SIZEOF (.bss))
                0x08000414        0x4 LONG 0x10000000 ADDR (.bss_CCMRAM)
                0x08000418        0x4 LONG 0x10000000 (ADDR (.bss_CCMRAM) + SIZEOF (.bss_CCMRAM))
                0x0800041c                __bss_regions_array_end = .
 *(.init)
 *(.fini)
                0x0800041c                . = ALIGN (0x4)
                0x0800041c                PROVIDE (__preinit_array_start, .)
 *(.preinit_array_sysinit .preinit_array_sysinit.*)
 *(.preinit_array_platform .preinit_array_platform.*)
 *(.preinit_array .preinit_array.*)
                0x0800041c                PROVIDE (__preinit_array_end, .)
                0x0800041c                . = ALIGN (0x4)
                0x0800041c                PROVIDE (__init_array_start, .)
 *(SORT_BY_NAME(.init_array.*))
 *(.init_array)
                0x0800041c                PROVIDE (__init_array_end, .)
                0x0800041c                . = ALIGN (0x4)
                0x0800041c                PROVIDE (__fini_array_start, .)
 *(SORT_BY_NAME(.fini_array.*))
 *(.fini_array)
                0x0800041c                PROVIDE (__fini_array_end, .)

.flashtext
 *(.flashtext .flashtext.*)

.text           0x08000420     0x1233
 *(.text .text.*)
 .text._exit    0x08000420        0x2 ./system/src/newlib/_exit.o
                0x08000420                _exit
 *fill*         0x08000422        0x2 
 .text._sbrk    0x08000424       0x44 ./system/src/newlib/_sbrk.o
                0x08000424                _sbrk
 .text.__initialize_args
                0x08000468       0x10 ./system/src/newlib/_syscalls.o
                0x08000468                __initialize_args
 .text.trace_printf
                0x08000478       0x30 ./system/src/diag/Trace.o
                0x08000478                trace_printf
 .text._trace_write_semihosting_debug
                0x080004a8       0x60 ./system/src/diag/trace_impl.o
 .text.trace_write
                0x08000508        0x8 ./system/src/diag/trace_impl.o
                0x08000508                trace_write
 .text.__initialize_hardware_early
                0x08000510       0x18 ./system/src/cortexm/_initialize_hardware.o
                0x08000510                __initialize_hardware_early
 .text.dumpExceptionStack
                0x08000528       0xf4 ./system/src/cortexm/exception_handlers.o
                0x08000528                dumpExceptionStack
 .text.isSemihosting
                0x0800061c       0x20 ./system/src/cortexm/exception_handlers.o
                0x0800061c                isSemihosting
 .text.SystemInit
                0x0800063c       0x40 ./system/src/cmsis/system_stm32f4xx.o
                0x0800063c                SystemInit
 .text.RTOS_u8CreateTask
                0x0800067c       0x38 ./src/RTOS/RTOS_prg.o
                0x0800067c                RTOS_u8CreateTask
 .text.Scheduler
                0x080006b4       0x4c ./src/RTOS/RTOS_prg.o
                0x080006b4                Scheduler
 .text.MSTK_vInit
                0x08000700        0x2 ./src/MCAL/SYSTICK/SYSTICK_prg.o
                0x08000700                MSTK_vInit
 *fill*         0x08000702        0x2 
 .text.MSTK_vSetBusyWait
                0x08000704       0x2c ./src/MCAL/SYSTICK/SYSTICK_prg.o
                0x08000704                MSTK_vSetBusyWait
 .text.MSTK_vSetInterval_Periodic
                0x08000730       0x28 ./src/MCAL/SYSTICK/SYSTICK_prg.o
                0x08000730                MSTK_vSetInterval_Periodic
 .text.MRCC_vInit
                0x08000758       0x4c ./src/MCAL/RCC/RCC_prg.o
                0x08000758                MRCC_vInit
 .text.MRCC_vEnableClock
                0x080007a4       0x44 ./src/MCAL/RCC/RCC_prg.o
                0x080007a4                MRCC_vEnableClock
 .text.MGPIO_vSetPinMode
                0x080007e8       0x70 ./src/MCAL/GPIO/GPIO_prg.o
                0x080007e8                MGPIO_vSetPinMode
 .text.MGPIO_vSetPinOutputType
                0x08000858       0x94 ./src/MCAL/GPIO/GPIO_prg.o
                0x08000858                MGPIO_vSetPinOutputType
 .text.MGPIO_vSetPinOutputSpeed
                0x080008ec       0x70 ./src/MCAL/GPIO/GPIO_prg.o
                0x080008ec                MGPIO_vSetPinOutputSpeed
 .text.MGPIO_vSetPinInputPull
                0x0800095c       0x70 ./src/MCAL/GPIO/GPIO_prg.o
                0x0800095c                MGPIO_vSetPinInputPull
 .text.MGPIO_vSetPinValue
                0x080009cc       0x94 ./src/MCAL/GPIO/GPIO_prg.o
                0x080009cc                MGPIO_vSetPinValue
 .text.MGPIO_vInit
                0x08000a60       0x38 ./src/MCAL/GPIO/GPIO_prg.o
                0x08000a60                MGPIO_vInit
 .text.EXTI0_IRQHandler
                0x08000a98       0x20 ./src/MCAL/EXTI/EXTI_prg.o
                0x08000a98                EXTI0_IRQHandler
 .text.LED1_Task
                0x08000ab8       0x2c ./src/main.o
                0x08000ab8                LED1_Task
 .text.LED2_Task
                0x08000ae4       0x2c ./src/main.o
                0x08000ae4                LED2_Task
 .text.LED3_Task
                0x08000b10       0x2c ./src/main.o
                0x08000b10                LED3_Task
 .text.__initialize_hardware
                0x08000b3c        0x2 ./src/main.o
                0x08000b3c                __initialize_hardware
 *fill*         0x08000b3e        0x2 
 .text.main     0x08000b40       0xb0 ./src/main.o
                0x08000b40                main
 .text.__errno  0x08000bf0        0xc c:/users/moham/onedrive/desktop/arm tools/03- imt sdk/03- imt sdk/imt_sdk_win_64/winarm/armgcc/bin/../lib/gcc/arm-none-eabi/7.2.1/../../../../arm-none-eabi/lib/thumb/v7e-m\libg_nano.a(lib_a-errno.o)
                0x08000bf0                __errno
 .text._vsnprintf_r
                0x08000bfc       0x58 c:/users/moham/onedrive/desktop/arm tools/03- imt sdk/03- imt sdk/imt_sdk_win_64/winarm/armgcc/bin/../lib/gcc/arm-none-eabi/7.2.1/../../../../arm-none-eabi/lib/thumb/v7e-m\libg_nano.a(lib_a-vsnprintf.o)
                0x08000bfc                _vsniprintf_r
                0x08000bfc                _vsnprintf_r
 .text.vsnprintf
                0x08000c54       0x1c c:/users/moham/onedrive/desktop/arm tools/03- imt sdk/03- imt sdk/imt_sdk_win_64/winarm/armgcc/bin/../lib/gcc/arm-none-eabi/7.2.1/../../../../arm-none-eabi/lib/thumb/v7e-m\libg_nano.a(lib_a-vsnprintf.o)
                0x08000c54                vsniprintf
                0x08000c54                vsnprintf
 .text.__ssputs_r
                0x08000c70       0xb4 c:/users/moham/onedrive/desktop/arm tools/03- imt sdk/03- imt sdk/imt_sdk_win_64/winarm/armgcc/bin/../lib/gcc/arm-none-eabi/7.2.1/../../../../arm-none-eabi/lib/thumb/v7e-m\libg_nano.a(lib_a-nano-svfprintf.o)
                0x08000c70                __ssputs_r
 .text._svfprintf_r
                0x08000d24      0x1ec c:/users/moham/onedrive/desktop/arm tools/03- imt sdk/03- imt sdk/imt_sdk_win_64/winarm/armgcc/bin/../lib/gcc/arm-none-eabi/7.2.1/../../../../arm-none-eabi/lib/thumb/v7e-m\libg_nano.a(lib_a-nano-svfprintf.o)
                0x08000d24                _svfiprintf_r
                0x08000d24                _svfprintf_r
 .text._printf_common
                0x08000f10       0xea c:/users/moham/onedrive/desktop/arm tools/03- imt sdk/03- imt sdk/imt_sdk_win_64/winarm/armgcc/bin/../lib/gcc/arm-none-eabi/7.2.1/../../../../arm-none-eabi/lib/thumb/v7e-m\libg_nano.a(lib_a-nano-vfprintf_i.o)
                0x08000f10                _printf_common
 *fill*         0x08000ffa        0x2 
 .text._printf_i
                0x08000ffc      0x224 c:/users/moham/onedrive/desktop/arm tools/03- imt sdk/03- imt sdk/imt_sdk_win_64/winarm/armgcc/bin/../lib/gcc/arm-none-eabi/7.2.1/../../../../arm-none-eabi/lib/thumb/v7e-m\libg_nano.a(lib_a-nano-vfprintf_i.o)
                0x08000ffc                _printf_i
 .text          0x08001220       0xa0 c:/users/moham/onedrive/desktop/arm tools/03- imt sdk/03- imt sdk/imt_sdk_win_64/winarm/armgcc/bin/../lib/gcc/arm-none-eabi/7.2.1/../../../../arm-none-eabi/lib/thumb/v7e-m\libg_nano.a(lib_a-memchr.o)
                0x08001220                memchr
 .text.memcpy   0x080012c0       0x16 c:/users/moham/onedrive/desktop/arm tools/03- imt sdk/03- imt sdk/imt_sdk_win_64/winarm/armgcc/bin/../lib/gcc/arm-none-eabi/7.2.1/../../../../arm-none-eabi/lib/thumb/v7e-m\libg_nano.a(lib_a-memcpy-stub.o)
                0x080012c0                memcpy
 .text.memmove  0x080012d6       0x32 c:/users/moham/onedrive/desktop/arm tools/03- imt sdk/03- imt sdk/imt_sdk_win_64/winarm/armgcc/bin/../lib/gcc/arm-none-eabi/7.2.1/../../../../arm-none-eabi/lib/thumb/v7e-m\libg_nano.a(lib_a-memmove.o)
                0x080012d6                memmove
 .text._free_r  0x08001308       0x9c c:/users/moham/onedrive/desktop/arm tools/03- imt sdk/03- imt sdk/imt_sdk_win_64/winarm/armgcc/bin/../lib/gcc/arm-none-eabi/7.2.1/../../../../arm-none-eabi/lib/thumb/v7e-m\libg_nano.a(lib_a-nano-freer.o)
                0x08001308                _free_r
 .text._malloc_r
                0x080013a4       0xb4 c:/users/moham/onedrive/desktop/arm tools/03- imt sdk/03- imt sdk/imt_sdk_win_64/winarm/armgcc/bin/../lib/gcc/arm-none-eabi/7.2.1/../../../../arm-none-eabi/lib/thumb/v7e-m\libg_nano.a(lib_a-nano-mallocr.o)
                0x080013a4                _malloc_r
 .text._realloc_r
                0x08001458       0x4c c:/users/moham/onedrive/desktop/arm tools/03- imt sdk/03- imt sdk/imt_sdk_win_64/winarm/armgcc/bin/../lib/gcc/arm-none-eabi/7.2.1/../../../../arm-none-eabi/lib/thumb/v7e-m\libg_nano.a(lib_a-nano-reallocr.o)
                0x08001458                _realloc_r
 .text._sbrk_r  0x080014a4       0x20 c:/users/moham/onedrive/desktop/arm tools/03- imt sdk/03- imt sdk/imt_sdk_win_64/winarm/armgcc/bin/../lib/gcc/arm-none-eabi/7.2.1/../../../../arm-none-eabi/lib/thumb/v7e-m\libg_nano.a(lib_a-sbrkr.o)
                0x080014a4                _sbrk_r
 .text.__malloc_lock
                0x080014c4        0x2 c:/users/moham/onedrive/desktop/arm tools/03- imt sdk/03- imt sdk/imt_sdk_win_64/winarm/armgcc/bin/../lib/gcc/arm-none-eabi/7.2.1/../../../../arm-none-eabi/lib/thumb/v7e-m\libg_nano.a(lib_a-mlock.o)
                0x080014c4                __malloc_lock
 .text.__malloc_unlock
                0x080014c6        0x2 c:/users/moham/onedrive/desktop/arm tools/03- imt sdk/03- imt sdk/imt_sdk_win_64/winarm/armgcc/bin/../lib/gcc/arm-none-eabi/7.2.1/../../../../arm-none-eabi/lib/thumb/v7e-m\libg_nano.a(lib_a-mlock.o)
                0x080014c6                __malloc_unlock
 .text._malloc_usable_size_r
                0x080014c8       0x10 c:/users/moham/onedrive/desktop/arm tools/03- imt sdk/03- imt sdk/imt_sdk_win_64/winarm/armgcc/bin/../lib/gcc/arm-none-eabi/7.2.1/../../../../arm-none-eabi/lib/thumb/v7e-m\libg_nano.a(lib_a-nano-msizer.o)
                0x080014c8                _malloc_usable_size_r
 *(.rodata .rodata.* .constdata .constdata.*)
 .rodata.dumpExceptionStack.str1.4
                0x080014d8      0x11a ./system/src/cortexm/exception_handlers.o
 *fill*         0x080015f2        0x2 
 .rodata.str1.4
                0x080015f4       0x2c ./system/src/cortexm/exception_handlers.o
                                 0x2a (size before relaxing)
 .rodata._svfprintf_r.str1.1
                0x08001620       0x11 c:/users/moham/onedrive/desktop/arm tools/03- imt sdk/03- imt sdk/imt_sdk_win_64/winarm/armgcc/bin/../lib/gcc/arm-none-eabi/7.2.1/../../../../arm-none-eabi/lib/thumb/v7e-m\libg_nano.a(lib_a-nano-svfprintf.o)
 .rodata._printf_i.str1.1
                0x08001631       0x22 c:/users/moham/onedrive/desktop/arm tools/03- imt sdk/03- imt sdk/imt_sdk_win_64/winarm/armgcc/bin/../lib/gcc/arm-none-eabi/7.2.1/../../../../arm-none-eabi/lib/thumb/v7e-m\libg_nano.a(lib_a-nano-vfprintf_i.o)
 *(vtable)
 *(.eh_frame*)
 *(.glue_7)
 .glue_7        0x08001653        0x0 linker stubs
 *(.glue_7t)
 .glue_7t       0x08001653        0x0 linker stubs

.vfp11_veneer   0x08001654        0x0
 .vfp11_veneer  0x08001654        0x0 linker stubs

.v4_bx          0x08001654        0x0
 .v4_bx         0x08001654        0x0 linker stubs

.iplt           0x08001654        0x0
 .iplt          0x08001654        0x0 ./system/src/newlib/_exit.o

.rel.dyn        0x08001654        0x0
 .rel.iplt      0x08001654        0x0 ./system/src/newlib/_exit.o

.ARM.extab
 *(.ARM.extab* .gnu.linkonce.armextab.*)
                0x08001654                . = ALIGN (0x4)
                0x08001654                __exidx_start = .

.ARM.exidx
 *(.ARM.exidx* .gnu.linkonce.armexidx.*)
                0x08001654                __exidx_end = .
                0x08001654                . = ALIGN (0x4)
                0x08001654                _etext = .
                0x08001654                __etext = .

.data_CCMRAM    0x10000000        0x0 load address 0x08001654
 FILL mask 0xff
 *(.data.CCMRAM .data.CCMRAM.*)
                0x10000000                . = ALIGN (0x4)
                0x08001654                _sidata = LOADADDR (.data)

.data           0x20000000       0x74 load address 0x08001654
 FILL mask 0xff
                0x20000000                _sdata = .
                0x20000000                __data_start__ = .
 *(.data_begin .data_begin.*)
 .data_begin    0x20000000        0x4 ./system/src/newlib/_startup.o
 *(.data .data.*)
 .data.argv.4310
                0x20000004        0x8 ./system/src/newlib/_syscalls.o
 .data._impure_ptr
                0x2000000c        0x4 c:/users/moham/onedrive/desktop/arm tools/03- imt sdk/03- imt sdk/imt_sdk_win_64/winarm/armgcc/bin/../lib/gcc/arm-none-eabi/7.2.1/../../../../arm-none-eabi/lib/thumb/v7e-m\libg_nano.a(lib_a-impure.o)
                0x2000000c                _impure_ptr
 .data.impure_data
                0x20000010       0x60 c:/users/moham/onedrive/desktop/arm tools/03- imt sdk/03- imt sdk/imt_sdk_win_64/winarm/armgcc/bin/../lib/gcc/arm-none-eabi/7.2.1/../../../../arm-none-eabi/lib/thumb/v7e-m\libg_nano.a(lib_a-impure.o)
 *(.data_end .data_end.*)
 .data_end      0x20000070        0x4 ./system/src/newlib/_startup.o
                0x20000074                . = ALIGN (0x4)
                0x20000074                _edata = .
                0x20000074                __data_end__ = .

.igot.plt       0x20000074        0x0 load address 0x080016c8
 .igot.plt      0x20000074        0x0 ./system/src/newlib/_exit.o

.bss_CCMRAM     0x10000000        0x0
 *(.bss.CCMRAM .bss.CCMRAM.*)

.bss            0x20000074      0x15c
                0x20000074                __bss_start__ = .
                0x20000074                _sbss = .
 *(.bss_begin .bss_begin.*)
 .bss_begin     0x20000074        0x4 ./system/src/newlib/_startup.o
 *(.bss .bss.*)
 .bss.current_heap_end.3961
                0x20000078        0x4 ./system/src/newlib/_sbrk.o
 .bss.name.4309
                0x2000007c        0x1 ./system/src/newlib/_syscalls.o
 *fill*         0x2000007d        0x3 
 .bss.buf.5205  0x20000080       0x80 ./system/src/diag/Trace.o
 .bss.SystemTasks
                0x20000100       0xa0 ./src/RTOS/RTOS_prg.o
                0x20000100                SystemTasks
 .bss.G_u8SingleFlag
                0x200001a0        0x1 ./src/MCAL/SYSTICK/SYSTICK_prg.o
 *fill*         0x200001a1        0x3 
 .bss.STK_Callback
                0x200001a4        0x4 ./src/MCAL/SYSTICK/SYSTICK_prg.o
 .bss.EXTI_LINE_CALLBACK
                0x200001a8        0x4 ./src/MCAL/EXTI/EXTI_prg.o
 .bss.__malloc_free_list
                0x200001ac        0x4 c:/users/moham/onedrive/desktop/arm tools/03- imt sdk/03- imt sdk/imt_sdk_win_64/winarm/armgcc/bin/../lib/gcc/arm-none-eabi/7.2.1/../../../../arm-none-eabi/lib/thumb/v7e-m\libg_nano.a(lib_a-nano-mallocr.o)
                0x200001ac                __malloc_free_list
 .bss.__malloc_sbrk_start
                0x200001b0        0x4 c:/users/moham/onedrive/desktop/arm tools/03- imt sdk/03- imt sdk/imt_sdk_win_64/winarm/armgcc/bin/../lib/gcc/arm-none-eabi/7.2.1/../../../../arm-none-eabi/lib/thumb/v7e-m\libg_nano.a(lib_a-nano-mallocr.o)
                0x200001b0                __malloc_sbrk_start
 *(COMMON)
 COMMON         0x200001b4        0x4 ./system/src/newlib/_syscalls.o
                0x200001b4                errno
 COMMON         0x200001b8       0x14 ./src/RTOS/RTOS_prg.o
                0x200001b8                TaskTiming
 *(.bss_end .bss_end.*)
 .bss_end       0x200001cc        0x4 ./system/src/newlib/_startup.o
                0x200001d0                . = ALIGN (0x4)
                0x200001d0                __bss_end__ = .
                0x200001d0                _ebss = .

.noinit_CCMRAM
 *(.noinit.CCMRAM .noinit.CCMRAM.*)

.noinit         0x200001d0        0x0
                0x200001d0                _noinit = .
 *(.noinit .noinit.*)
                0x200001d0                . = ALIGN (0x4)
                0x200001d0                _end_noinit = .
                [!provide]                PROVIDE (end, _end_noinit)
                [!provide]                PROVIDE (_end, _end_noinit)
                [!provide]                PROVIDE (__end, _end_noinit)
                [!provide]                PROVIDE (__end__, _end_noinit)

._check_stack   0x200001d0      0x100
                0x200002d0                . = (. + _Minimum_Stack_Size)
 *fill*         0x200001d0      0x100 

.b1text
 *(.b1text)
 *(.b1rodata)
 *(.b1rodata.*)

.eb0text
 *(.eb0text)
 *(.eb0rodata)
 *(.eb0rodata.*)

.eb1text
 *(.eb1text)
 *(.eb1rodata)
 *(.eb1rodata.*)

.eb2text
 *(.eb2text)
 *(.eb2rodata)
 *(.eb2rodata.*)

.eb3text
 *(.eb3text)
 *(.eb3rodata)
 *(.eb3rodata.*)

.stab
 *(.stab)

.stabstr
 *(.stabstr)

.stab.excl
 *(.stab.excl)

.stab.exclstr
 *(.stab.exclstr)

.stab.index
 *(.stab.index)

.stab.indexstr
 *(.stab.indexstr)

.comment        0x00000000       0x7e
 *(.comment)
 .comment       0x00000000       0x7e ./system/src/newlib/_exit.o
                                 0x7f (size before relaxing)
 .comment       0x0000007e       0x7f ./system/src/newlib/_sbrk.o
 .comment       0x0000007e       0x7f ./system/src/newlib/_startup.o
 .comment       0x0000007e       0x7f ./system/src/newlib/_syscalls.o
 .comment       0x0000007e       0x7f ./system/src/diag/Trace.o
 .comment       0x0000007e       0x7f ./system/src/diag/trace_impl.o
 .comment       0x0000007e       0x7f ./system/src/cortexm/_initialize_hardware.o
 .comment       0x0000007e       0x7f ./system/src/cortexm/exception_handlers.o
 .comment       0x0000007e       0x7f ./system/src/cmsis/system_stm32f4xx.o
 .comment       0x0000007e       0x7f ./system/src/cmsis/vectors_stm32f401xc.o
 .comment       0x0000007e       0x7f ./src/RTOS/RTOS_prg.o
 .comment       0x0000007e       0x7f ./src/MCAL/SYSTICK/SYSTICK_prg.o
 .comment       0x0000007e       0x7f ./src/MCAL/RCC/RCC_prg.o
 .comment       0x0000007e       0x7f ./src/MCAL/GPIO/GPIO_prg.o
 .comment       0x0000007e       0x7f ./src/MCAL/EXTI/EXTI_prg.o
 .comment       0x0000007e       0x7f ./src/main.o

.ARM.attributes
                0x00000000       0x31
 .ARM.attributes
                0x00000000       0x33 ./system/src/newlib/_exit.o
 .ARM.attributes
                0x00000033       0x33 ./system/src/newlib/_sbrk.o
 .ARM.attributes
                0x00000066       0x33 ./system/src/newlib/_startup.o
 .ARM.attributes
                0x00000099       0x33 ./system/src/newlib/_syscalls.o
 .ARM.attributes
                0x000000cc       0x33 ./system/src/diag/Trace.o
 .ARM.attributes
                0x000000ff       0x33 ./system/src/diag/trace_impl.o
 .ARM.attributes
                0x00000132       0x33 ./system/src/cortexm/_initialize_hardware.o
 .ARM.attributes
                0x00000165       0x33 ./system/src/cortexm/exception_handlers.o
 .ARM.attributes
                0x00000198       0x33 ./system/src/cmsis/system_stm32f4xx.o
 .ARM.attributes
                0x000001cb       0x33 ./system/src/cmsis/vectors_stm32f401xc.o
 .ARM.attributes
                0x000001fe       0x33 ./src/RTOS/RTOS_prg.o
 .ARM.attributes
                0x00000231       0x33 ./src/MCAL/SYSTICK/SYSTICK_prg.o
 .ARM.attributes
                0x00000264       0x33 ./src/MCAL/RCC/RCC_prg.o
 .ARM.attributes
                0x00000297       0x33 ./src/MCAL/GPIO/GPIO_prg.o
 .ARM.attributes
                0x000002ca       0x33 ./src/MCAL/EXTI/EXTI_prg.o
 .ARM.attributes
                0x000002fd       0x33 ./src/main.o
 .ARM.attributes
                0x00000330       0x2e c:/users/moham/onedrive/desktop/arm tools/03- imt sdk/03- imt sdk/imt_sdk_win_64/winarm/armgcc/bin/../lib/gcc/arm-none-eabi/7.2.1/../../../../arm-none-eabi/lib/thumb/v7e-m\libg_nano.a(lib_a-errno.o)
 .ARM.attributes
                0x0000035e       0x2e c:/users/moham/onedrive/desktop/arm tools/03- imt sdk/03- imt sdk/imt_sdk_win_64/winarm/armgcc/bin/../lib/gcc/arm-none-eabi/7.2.1/../../../../arm-none-eabi/lib/thumb/v7e-m\libg_nano.a(lib_a-impure.o)
 .ARM.attributes
                0x0000038c       0x2e c:/users/moham/onedrive/desktop/arm tools/03- imt sdk/03- imt sdk/imt_sdk_win_64/winarm/armgcc/bin/../lib/gcc/arm-none-eabi/7.2.1/../../../../arm-none-eabi/lib/thumb/v7e-m\libg_nano.a(lib_a-vsnprintf.o)
 .ARM.attributes
                0x000003ba       0x2e c:/users/moham/onedrive/desktop/arm tools/03- imt sdk/03- imt sdk/imt_sdk_win_64/winarm/armgcc/bin/../lib/gcc/arm-none-eabi/7.2.1/../../../../arm-none-eabi/lib/thumb/v7e-m\libg_nano.a(lib_a-nano-svfprintf.o)
 .ARM.attributes
                0x000003e8       0x2e c:/users/moham/onedrive/desktop/arm tools/03- imt sdk/03- imt sdk/imt_sdk_win_64/winarm/armgcc/bin/../lib/gcc/arm-none-eabi/7.2.1/../../../../arm-none-eabi/lib/thumb/v7e-m\libg_nano.a(lib_a-nano-vfprintf_i.o)
 .ARM.attributes
                0x00000416       0x1c c:/users/moham/onedrive/desktop/arm tools/03- imt sdk/03- imt sdk/imt_sdk_win_64/winarm/armgcc/bin/../lib/gcc/arm-none-eabi/7.2.1/../../../../arm-none-eabi/lib/thumb/v7e-m\libg_nano.a(lib_a-memchr.o)
 .ARM.attributes
                0x00000432       0x2e c:/users/moham/onedrive/desktop/arm tools/03- imt sdk/03- imt sdk/imt_sdk_win_64/winarm/armgcc/bin/../lib/gcc/arm-none-eabi/7.2.1/../../../../arm-none-eabi/lib/thumb/v7e-m\libg_nano.a(lib_a-memcpy-stub.o)
 .ARM.attributes
                0x00000460       0x2e c:/users/moham/onedrive/desktop/arm tools/03- imt sdk/03- imt sdk/imt_sdk_win_64/winarm/armgcc/bin/../lib/gcc/arm-none-eabi/7.2.1/../../../../arm-none-eabi/lib/thumb/v7e-m\libg_nano.a(lib_a-memmove.o)
 .ARM.attributes
                0x0000048e       0x2e c:/users/moham/onedrive/desktop/arm tools/03- imt sdk/03- imt sdk/imt_sdk_win_64/winarm/armgcc/bin/../lib/gcc/arm-none-eabi/7.2.1/../../../../arm-none-eabi/lib/thumb/v7e-m\libg_nano.a(lib_a-nano-freer.o)
 .ARM.attributes
                0x000004bc       0x2e c:/users/moham/onedrive/desktop/arm tools/03- imt sdk/03- imt sdk/imt_sdk_win_64/winarm/armgcc/bin/../lib/gcc/arm-none-eabi/7.2.1/../../../../arm-none-eabi/lib/thumb/v7e-m\libg_nano.a(lib_a-nano-mallocr.o)
 .ARM.attributes
                0x000004ea       0x2e c:/users/moham/onedrive/desktop/arm tools/03- imt sdk/03- imt sdk/imt_sdk_win_64/winarm/armgcc/bin/../lib/gcc/arm-none-eabi/7.2.1/../../../../arm-none-eabi/lib/thumb/v7e-m\libg_nano.a(lib_a-nano-reallocr.o)
 .ARM.attributes
                0x00000518       0x2e c:/users/moham/onedrive/desktop/arm tools/03- imt sdk/03- imt sdk/imt_sdk_win_64/winarm/armgcc/bin/../lib/gcc/arm-none-eabi/7.2.1/../../../../arm-none-eabi/lib/thumb/v7e-m\libg_nano.a(lib_a-sbrkr.o)
 .ARM.attributes
                0x00000546       0x2e c:/users/moham/onedrive/desktop/arm tools/03- imt sdk/03- imt sdk/imt_sdk_win_64/winarm/armgcc/bin/../lib/gcc/arm-none-eabi/7.2.1/../../../../arm-none-eabi/lib/thumb/v7e-m\libg_nano.a(lib_a-mlock.o)
 .ARM.attributes
                0x00000574       0x2e c:/users/moham/onedrive/desktop/arm tools/03- imt sdk/03- imt sdk/imt_sdk_win_64/winarm/armgcc/bin/../lib/gcc/arm-none-eabi/7.2.1/../../../../arm-none-eabi/lib/thumb/v7e-m\libg_nano.a(lib_a-nano-msizer.o)

.debug
 *(.debug)

.line
 *(.line)

.debug_srcinfo
 *(.debug_srcinfo)

.debug_sfnames
 *(.debug_sfnames)

.debug_aranges  0x00000000      0x3f0
 *(.debug_aranges)
 .debug_aranges
                0x00000000       0x28 ./system/src/newlib/_exit.o
 .debug_aranges
                0x00000028       0x20 ./system/src/newlib/_sbrk.o
 .debug_aranges
                0x00000048       0x40 ./system/src/newlib/_startup.o
 .debug_aranges
                0x00000088       0x30 ./system/src/newlib/_syscalls.o
 .debug_aranges
                0x000000b8       0x38 ./system/src/diag/Trace.o
 .debug_aranges
                0x000000f0       0x30 ./system/src/diag/trace_impl.o
 .debug_aranges
                0x00000120       0x28 ./system/src/cortexm/_initialize_hardware.o
 .debug_aranges
                0x00000148       0x90 ./system/src/cortexm/exception_handlers.o
 .debug_aranges
                0x000001d8       0x28 ./system/src/cmsis/system_stm32f4xx.o
 .debug_aranges
                0x00000200       0x20 ./system/src/cmsis/vectors_stm32f401xc.o
 .debug_aranges
                0x00000220       0x48 ./src/RTOS/RTOS_prg.o
 .debug_aranges
                0x00000268       0x60 ./src/MCAL/SYSTICK/SYSTICK_prg.o
 .debug_aranges
                0x000002c8       0x30 ./src/MCAL/RCC/RCC_prg.o
 .debug_aranges
                0x000002f8       0x60 ./src/MCAL/GPIO/GPIO_prg.o
 .debug_aranges
                0x00000358       0x58 ./src/MCAL/EXTI/EXTI_prg.o
 .debug_aranges
                0x000003b0       0x40 ./src/main.o

.debug_pubnames
 *(.debug_pubnames)

.debug_info     0x00000000     0x73ab
 *(.debug_info .gnu.linkonce.wi.*)
 .debug_info    0x00000000      0x956 ./system/src/newlib/_exit.o
 .debug_info    0x00000956      0x942 ./system/src/newlib/_sbrk.o
 .debug_info    0x00001298      0x4bf ./system/src/newlib/_startup.o
 .debug_info    0x00001757      0xa19 ./system/src/newlib/_syscalls.o
 .debug_info    0x00002170      0xb2a ./system/src/diag/Trace.o
 .debug_info    0x00002c9a      0xb6b ./system/src/diag/trace_impl.o
 .debug_info    0x00003805      0xade ./system/src/cortexm/_initialize_hardware.o
 .debug_info    0x000042e3     0x115a ./system/src/cortexm/exception_handlers.o
 .debug_info    0x0000543d      0xcfe ./system/src/cmsis/system_stm32f4xx.o
 .debug_info    0x0000613b       0xca ./system/src/cmsis/vectors_stm32f401xc.o
 .debug_info    0x00006205      0x2d2 ./src/RTOS/RTOS_prg.o
 .debug_info    0x000064d7      0x1e7 ./src/MCAL/SYSTICK/SYSTICK_prg.o
 .debug_info    0x000066be      0x231 ./src/MCAL/RCC/RCC_prg.o
 .debug_info    0x000068ef      0x3be ./src/MCAL/GPIO/GPIO_prg.o
 .debug_info    0x00006cad      0x2e5 ./src/MCAL/EXTI/EXTI_prg.o
 .debug_info    0x00006f92      0x419 ./src/main.o

.debug_abbrev   0x00000000     0x1b3e
 *(.debug_abbrev)
 .debug_abbrev  0x00000000      0x1f3 ./system/src/newlib/_exit.o
 .debug_abbrev  0x000001f3      0x1fc ./system/src/newlib/_sbrk.o
 .debug_abbrev  0x000003ef      0x1cb ./system/src/newlib/_startup.o
 .debug_abbrev  0x000005ba      0x234 ./system/src/newlib/_syscalls.o
 .debug_abbrev  0x000007ee      0x276 ./system/src/diag/Trace.o
 .debug_abbrev  0x00000a64      0x2ef ./system/src/diag/trace_impl.o
 .debug_abbrev  0x00000d53      0x1de ./system/src/cortexm/_initialize_hardware.o
 .debug_abbrev  0x00000f31      0x32b ./system/src/cortexm/exception_handlers.o
 .debug_abbrev  0x0000125c      0x216 ./system/src/cmsis/system_stm32f4xx.o
 .debug_abbrev  0x00001472       0x9d ./system/src/cmsis/vectors_stm32f401xc.o
 .debug_abbrev  0x0000150f      0x14a ./src/RTOS/RTOS_prg.o
 .debug_abbrev  0x00001659       0xf9 ./src/MCAL/SYSTICK/SYSTICK_prg.o
 .debug_abbrev  0x00001752       0xa8 ./src/MCAL/RCC/RCC_prg.o
 .debug_abbrev  0x000017fa       0xf6 ./src/MCAL/GPIO/GPIO_prg.o
 .debug_abbrev  0x000018f0      0x132 ./src/MCAL/EXTI/EXTI_prg.o
 .debug_abbrev  0x00001a22      0x11c ./src/main.o

.debug_line     0x00000000     0x4c00
 *(.debug_line)
 .debug_line    0x00000000      0x3f3 ./system/src/newlib/_exit.o
 .debug_line    0x000003f3      0x3a7 ./system/src/newlib/_sbrk.o
 .debug_line    0x0000079a      0x46f ./system/src/newlib/_startup.o
 .debug_line    0x00000c09      0x4e6 ./system/src/newlib/_syscalls.o
 .debug_line    0x000010ef      0x46f ./system/src/diag/Trace.o
 .debug_line    0x0000155e      0xb63 ./system/src/diag/trace_impl.o
 .debug_line    0x000020c1      0xacc ./system/src/cortexm/_initialize_hardware.o
 .debug_line    0x00002b8d      0xc1a ./system/src/cortexm/exception_handlers.o
 .debug_line    0x000037a7      0xad2 ./system/src/cmsis/system_stm32f4xx.o
 .debug_line    0x00004279      0x12b ./system/src/cmsis/vectors_stm32f401xc.o
 .debug_line    0x000043a4      0x15c ./src/RTOS/RTOS_prg.o
 .debug_line    0x00004500      0x162 ./src/MCAL/SYSTICK/SYSTICK_prg.o
 .debug_line    0x00004662       0xe3 ./src/MCAL/RCC/RCC_prg.o
 .debug_line    0x00004745      0x1a6 ./src/MCAL/GPIO/GPIO_prg.o
 .debug_line    0x000048eb      0x167 ./src/MCAL/EXTI/EXTI_prg.o
 .debug_line    0x00004a52      0x1ae ./src/main.o

.debug_frame    0x00000000      0xa5c
 *(.debug_frame)
 .debug_frame   0x00000000       0x38 ./system/src/newlib/_exit.o
 .debug_frame   0x00000038       0x28 ./system/src/newlib/_sbrk.o
 .debug_frame   0x00000060       0x7c ./system/src/newlib/_startup.o
 .debug_frame   0x000000dc       0x50 ./system/src/newlib/_syscalls.o
 .debug_frame   0x0000012c       0x94 ./system/src/diag/Trace.o
 .debug_frame   0x000001c0       0x64 ./system/src/diag/trace_impl.o
 .debug_frame   0x00000224       0x40 ./system/src/cortexm/_initialize_hardware.o
 .debug_frame   0x00000264      0x158 ./system/src/cortexm/exception_handlers.o
 .debug_frame   0x000003bc       0x30 ./system/src/cmsis/system_stm32f4xx.o
 .debug_frame   0x000003ec       0x20 ./system/src/cmsis/vectors_stm32f401xc.o
 .debug_frame   0x0000040c       0x94 ./src/RTOS/RTOS_prg.o
 .debug_frame   0x000004a0       0xa8 ./src/MCAL/SYSTICK/SYSTICK_prg.o
 .debug_frame   0x00000548       0x40 ./src/MCAL/RCC/RCC_prg.o
 .debug_frame   0x00000588       0xcc ./src/MCAL/GPIO/GPIO_prg.o
 .debug_frame   0x00000654       0xb4 ./src/MCAL/EXTI/EXTI_prg.o
 .debug_frame   0x00000708       0x8c ./src/main.o
 .debug_frame   0x00000794       0x20 c:/users/moham/onedrive/desktop/arm tools/03- imt sdk/03- imt sdk/imt_sdk_win_64/winarm/armgcc/bin/../lib/gcc/arm-none-eabi/7.2.1/../../../../arm-none-eabi/lib/thumb/v7e-m\libg_nano.a(lib_a-errno.o)
 .debug_frame   0x000007b4       0x4c c:/users/moham/onedrive/desktop/arm tools/03- imt sdk/03- imt sdk/imt_sdk_win_64/winarm/armgcc/bin/../lib/gcc/arm-none-eabi/7.2.1/../../../../arm-none-eabi/lib/thumb/v7e-m\libg_nano.a(lib_a-vsnprintf.o)
 .debug_frame   0x00000800       0x90 c:/users/moham/onedrive/desktop/arm tools/03- imt sdk/03- imt sdk/imt_sdk_win_64/winarm/armgcc/bin/../lib/gcc/arm-none-eabi/7.2.1/../../../../arm-none-eabi/lib/thumb/v7e-m\libg_nano.a(lib_a-nano-svfprintf.o)
 .debug_frame   0x00000890       0x60 c:/users/moham/onedrive/desktop/arm tools/03- imt sdk/03- imt sdk/imt_sdk_win_64/winarm/armgcc/bin/../lib/gcc/arm-none-eabi/7.2.1/../../../../arm-none-eabi/lib/thumb/v7e-m\libg_nano.a(lib_a-nano-vfprintf_i.o)
 .debug_frame   0x000008f0       0x28 c:/users/moham/onedrive/desktop/arm tools/03- imt sdk/03- imt sdk/imt_sdk_win_64/winarm/armgcc/bin/../lib/gcc/arm-none-eabi/7.2.1/../../../../arm-none-eabi/lib/thumb/v7e-m\libg_nano.a(lib_a-memcpy-stub.o)
 .debug_frame   0x00000918       0x28 c:/users/moham/onedrive/desktop/arm tools/03- imt sdk/03- imt sdk/imt_sdk_win_64/winarm/armgcc/bin/../lib/gcc/arm-none-eabi/7.2.1/../../../../arm-none-eabi/lib/thumb/v7e-m\libg_nano.a(lib_a-memmove.o)
 .debug_frame   0x00000940       0x38 c:/users/moham/onedrive/desktop/arm tools/03- imt sdk/03- imt sdk/imt_sdk_win_64/winarm/armgcc/bin/../lib/gcc/arm-none-eabi/7.2.1/../../../../arm-none-eabi/lib/thumb/v7e-m\libg_nano.a(lib_a-nano-freer.o)
 .debug_frame   0x00000978       0x2c c:/users/moham/onedrive/desktop/arm tools/03- imt sdk/03- imt sdk/imt_sdk_win_64/winarm/armgcc/bin/../lib/gcc/arm-none-eabi/7.2.1/../../../../arm-none-eabi/lib/thumb/v7e-m\libg_nano.a(lib_a-nano-mallocr.o)
 .debug_frame   0x000009a4       0x3c c:/users/moham/onedrive/desktop/arm tools/03- imt sdk/03- imt sdk/imt_sdk_win_64/winarm/armgcc/bin/../lib/gcc/arm-none-eabi/7.2.1/../../../../arm-none-eabi/lib/thumb/v7e-m\libg_nano.a(lib_a-nano-reallocr.o)
 .debug_frame   0x000009e0       0x2c c:/users/moham/onedrive/desktop/arm tools/03- imt sdk/03- imt sdk/imt_sdk_win_64/winarm/armgcc/bin/../lib/gcc/arm-none-eabi/7.2.1/../../../../arm-none-eabi/lib/thumb/v7e-m\libg_nano.a(lib_a-sbrkr.o)
 .debug_frame   0x00000a0c       0x30 c:/users/moham/onedrive/desktop/arm tools/03- imt sdk/03- imt sdk/imt_sdk_win_64/winarm/armgcc/bin/../lib/gcc/arm-none-eabi/7.2.1/../../../../arm-none-eabi/lib/thumb/v7e-m\libg_nano.a(lib_a-mlock.o)
 .debug_frame   0x00000a3c       0x20 c:/users/moham/onedrive/desktop/arm tools/03- imt sdk/03- imt sdk/imt_sdk_win_64/winarm/armgcc/bin/../lib/gcc/arm-none-eabi/7.2.1/../../../../arm-none-eabi/lib/thumb/v7e-m\libg_nano.a(lib_a-nano-msizer.o)

.debug_str      0x00000000    0x73691
 *(.debug_str)
 .debug_str     0x00000000     0x7d2c ./system/src/newlib/_exit.o
                               0x7eff (size before relaxing)
 .debug_str     0x00007d2c      0x4f5 ./system/src/newlib/_sbrk.o
                               0x72b1 (size before relaxing)
 .debug_str     0x00008221      0xc23 ./system/src/newlib/_startup.o
                               0x6a52 (size before relaxing)
 .debug_str     0x00008e44      0xe8b ./system/src/newlib/_syscalls.o
                               0x818c (size before relaxing)
 .debug_str     0x00009ccf      0x826 ./system/src/diag/Trace.o
                               0x8677 (size before relaxing)
 .debug_str     0x0000a4f5    0x67a2e ./system/src/diag/trace_impl.o
                              0x7099d (size before relaxing)
 .debug_str     0x00071f23       0xc4 ./system/src/cortexm/_initialize_hardware.o
                              0x6f72f (size before relaxing)
 .debug_str     0x00071fe7      0x1a6 ./system/src/cortexm/exception_handlers.o
                              0x70b27 (size before relaxing)
 .debug_str     0x0007218d      0x13c ./system/src/cmsis/system_stm32f4xx.o
                              0x6f810 (size before relaxing)
 .debug_str     0x000722c9       0x59 ./system/src/cmsis/vectors_stm32f401xc.o
                               0x388f (size before relaxing)
 .debug_str     0x00072322      0x293 ./src/RTOS/RTOS_prg.o
                               0x3057 (size before relaxing)
 .debug_str     0x000725b5      0x23d ./src/MCAL/SYSTICK/SYSTICK_prg.o
                               0x30f6 (size before relaxing)
 .debug_str     0x000727f2      0x29d ./src/MCAL/RCC/RCC_prg.o
                               0x316a (size before relaxing)
 .debug_str     0x00072a8f      0x4da ./src/MCAL/GPIO/GPIO_prg.o
                               0x3381 (size before relaxing)
 .debug_str     0x00072f69      0x6bf ./src/MCAL/EXTI/EXTI_prg.o
                               0x355b (size before relaxing)
 .debug_str     0x00073628       0x69 ./src/main.o
                               0x3293 (size before relaxing)

.debug_loc      0x00000000     0x177a
 *(.debug_loc)
 .debug_loc     0x00000000       0x85 ./system/src/newlib/_sbrk.o
 .debug_loc     0x00000085      0x2cb ./system/src/newlib/_startup.o
 .debug_loc     0x00000350       0x63 ./system/src/newlib/_syscalls.o
 .debug_loc     0x000003b3       0xf6 ./system/src/diag/Trace.o
 .debug_loc     0x000004a9      0x121 ./system/src/diag/trace_impl.o
 .debug_loc     0x000005ca      0x291 ./system/src/cortexm/exception_handlers.o
 .debug_loc     0x0000085b      0x13e ./system/src/cmsis/system_stm32f4xx.o
 .debug_loc     0x00000999      0x29f ./src/RTOS/RTOS_prg.o
 .debug_loc     0x00000c38      0x14c ./src/MCAL/RCC/RCC_prg.o
 .debug_loc     0x00000d84      0x86e ./src/MCAL/GPIO/GPIO_prg.o
 .debug_loc     0x000015f2      0x188 ./src/MCAL/EXTI/EXTI_prg.o

.debug_macinfo
 *(.debug_macinfo)

.debug_weaknames
 *(.debug_weaknames)

.debug_funcnames
 *(.debug_funcnames)

.debug_typenames
 *(.debug_typenames)

.debug_varnames
 *(.debug_varnames)
OUTPUT(LED_MATRIX_driver.elf elf32-littlearm)

.debug_ranges   0x00000000      0x380
 .debug_ranges  0x00000000       0x18 ./system/src/newlib/_exit.o
 .debug_ranges  0x00000018       0x10 ./system/src/newlib/_sbrk.o
 .debug_ranges  0x00000028       0x90 ./system/src/newlib/_startup.o
 .debug_ranges  0x000000b8       0x20 ./system/src/newlib/_syscalls.o
 .debug_ranges  0x000000d8       0x28 ./system/src/diag/Trace.o
 .debug_ranges  0x00000100       0x50 ./system/src/diag/trace_impl.o
 .debug_ranges  0x00000150       0x18 ./system/src/cortexm/_initialize_hardware.o
 .debug_ranges  0x00000168       0x80 ./system/src/cortexm/exception_handlers.o
 .debug_ranges  0x000001e8       0x18 ./system/src/cmsis/system_stm32f4xx.o
 .debug_ranges  0x00000200       0x10 ./system/src/cmsis/vectors_stm32f401xc.o
 .debug_ranges  0x00000210       0x38 ./src/RTOS/RTOS_prg.o
 .debug_ranges  0x00000248       0x50 ./src/MCAL/SYSTICK/SYSTICK_prg.o
 .debug_ranges  0x00000298       0x20 ./src/MCAL/RCC/RCC_prg.o
 .debug_ranges  0x000002b8       0x50 ./src/MCAL/GPIO/GPIO_prg.o
 .debug_ranges  0x00000308       0x48 ./src/MCAL/EXTI/EXTI_prg.o
 .debug_ranges  0x00000350       0x30 ./src/main.o

.debug_macro    0x00000000     0x3820
 .debug_macro   0x00000000      0x1b4 ./system/src/newlib/_exit.o
 .debug_macro   0x000001b4      0x10e ./system/src/newlib/_exit.o
 .debug_macro   0x000002c2       0x8d ./system/src/newlib/_exit.o
 .debug_macro   0x0000034f       0x35 ./system/src/newlib/_exit.o
 .debug_macro   0x00000384      0x169 ./system/src/newlib/_sbrk.o
 .debug_macro   0x000004ed      0x174 ./system/src/newlib/_sbrk.o
 .debug_macro   0x00000661       0x10 ./system/src/newlib/_sbrk.o
 .debug_macro   0x00000671      0x23b ./system/src/newlib/_sbrk.o
 .debug_macro   0x000008ac      0x173 ./system/src/newlib/_startup.o
 .debug_macro   0x00000a1f      0xa72 ./system/src/newlib/_startup.o
 .debug_macro   0x00001491      0x217 ./system/src/newlib/_syscalls.o
 .debug_macro   0x000016a8       0x1c ./system/src/newlib/_syscalls.o
 .debug_macro   0x000016c4       0x10 ./system/src/newlib/_syscalls.o
 .debug_macro   0x000016d4       0x10 ./system/src/newlib/_syscalls.o
 .debug_macro   0x000016e4       0x10 ./system/src/newlib/_syscalls.o
 .debug_macro   0x000016f4       0x35 ./system/src/newlib/_syscalls.o
 .debug_macro   0x00001729      0x122 ./system/src/newlib/_syscalls.o
 .debug_macro   0x0000184b       0x88 ./system/src/newlib/_syscalls.o
 .debug_macro   0x000018d3       0x2b ./system/src/newlib/_syscalls.o
 .debug_macro   0x000018fe      0x118 ./system/src/newlib/_syscalls.o
 .debug_macro   0x00001a16      0x189 ./system/src/newlib/_syscalls.o
 .debug_macro   0x00001b9f       0x16 ./system/src/newlib/_syscalls.o
 .debug_macro   0x00001bb5      0x1fb ./system/src/diag/Trace.o
 .debug_macro   0x00001db0       0x4c ./system/src/diag/Trace.o
 .debug_macro   0x00001dfc       0x16 ./system/src/diag/Trace.o
 .debug_macro   0x00001e12      0x52a ./system/src/diag/trace_impl.o
 .debug_macro   0x0000233c       0x22 ./system/src/diag/trace_impl.o
 .debug_macro   0x0000235e      0x4ee ./system/src/cortexm/_initialize_hardware.o
 .debug_macro   0x0000284c      0x557 ./system/src/cortexm/exception_handlers.o
 .debug_macro   0x00002da3       0x3b ./system/src/cortexm/exception_handlers.o
 .debug_macro   0x00002dde      0x4ea ./system/src/cmsis/system_stm32f4xx.o
 .debug_macro   0x000032c8       0x34 ./system/src/cmsis/vectors_stm32f401xc.o
 .debug_macro   0x000032fc       0x4b ./src/RTOS/RTOS_prg.o
 .debug_macro   0x00003347       0x22 ./src/RTOS/RTOS_prg.o
 .debug_macro   0x00003369       0x10 ./src/RTOS/RTOS_prg.o
 .debug_macro   0x00003379       0x40 ./src/MCAL/SYSTICK/SYSTICK_prg.o
 .debug_macro   0x000033b9       0x16 ./src/MCAL/SYSTICK/SYSTICK_prg.o
 .debug_macro   0x000033cf       0x46 ./src/MCAL/SYSTICK/SYSTICK_prg.o
 .debug_macro   0x00003415       0x3f ./src/MCAL/RCC/RCC_prg.o
 .debug_macro   0x00003454       0x2e ./src/MCAL/RCC/RCC_prg.o
 .debug_macro   0x00003482       0x5e ./src/MCAL/RCC/RCC_prg.o
 .debug_macro   0x000034e0       0x16 ./src/MCAL/RCC/RCC_prg.o
 .debug_macro   0x000034f6       0x40 ./src/MCAL/GPIO/GPIO_prg.o
 .debug_macro   0x00003536       0x34 ./src/MCAL/GPIO/GPIO_prg.o
 .debug_macro   0x0000356a       0xdc ./src/MCAL/GPIO/GPIO_prg.o
 .debug_macro   0x00003646       0x48 ./src/MCAL/EXTI/EXTI_prg.o
 .debug_macro   0x0000368e       0xca ./src/MCAL/EXTI/EXTI_prg.o
 .debug_macro   0x00003758       0x16 ./src/MCAL/EXTI/EXTI_prg.o
 .debug_macro   0x0000376e       0x3a ./src/MCAL/EXTI/EXTI_prg.o
 .debug_macro   0x000037a8       0x16 ./src/MCAL/EXTI/EXTI_prg.o
 .debug_macro   0x000037be       0x62 ./src/main.o
