Archive member included to satisfy reference by file (symbol)

c:/program files (x86)/atmel/studio/7.0/toolchain/avr8/avr8-gnu-toolchain/bin/../lib/gcc/avr/5.4.0/avr5\libgcc.a(_udivmodhi4.o)
                              queue.o (__udivmodhi4)
c:/program files (x86)/atmel/studio/7.0/toolchain/avr8/avr8-gnu-toolchain/bin/../lib/gcc/avr/5.4.0/avr5\libgcc.a(_exit.o)
                              C:/Program Files (x86)/Atmel/Studio/7.0/Packs/atmel/ATmega_DFP/1.7.374/gcc/dev/atmega32/avr5/crtatmega32.o (exit)
c:/program files (x86)/atmel/studio/7.0/toolchain/avr8/avr8-gnu-toolchain/bin/../lib/gcc/avr/5.4.0/avr5\libgcc.a(_copy_data.o)
                              main.o (__do_copy_data)
c:/program files (x86)/atmel/studio/7.0/toolchain/avr8/avr8-gnu-toolchain/bin/../lib/gcc/avr/5.4.0/avr5\libgcc.a(_clear_bss.o)
                              heap_1.o (__do_clear_bss)
c:/program files (x86)/atmel/studio/7.0/toolchain/avr8/avr8-gnu-toolchain/bin/../lib/gcc/avr/5.4.0/../../../../avr/lib/avr5\libc.a(memcpy.o)
                              queue.o (memcpy)

Allocating common symbols
Common symbol       size              file

xQueue              0x2               main.o

Discarded input sections

 .data          0x00000000        0x0 C:/Program Files (x86)/Atmel/Studio/7.0/Packs/atmel/ATmega_DFP/1.7.374/gcc/dev/atmega32/avr5/crtatmega32.o
 .bss           0x00000000        0x0 C:/Program Files (x86)/Atmel/Studio/7.0/Packs/atmel/ATmega_DFP/1.7.374/gcc/dev/atmega32/avr5/crtatmega32.o
 .text          0x00000000        0x0 croutine.o
 .data          0x00000000        0x0 croutine.o
 .bss           0x00000000        0x0 croutine.o
 .debug_info    0x00000000       0x64 croutine.o
 .debug_abbrev  0x00000000       0x26 croutine.o
 .debug_aranges
                0x00000000       0x18 croutine.o
 .debug_line    0x00000000       0x1a croutine.o
 .debug_str     0x00000000      0x18a croutine.o
 .comment       0x00000000       0x31 croutine.o
 .text          0x00000000        0x0 event_groups.o
 .data          0x00000000        0x0 event_groups.o
 .bss           0x00000000        0x0 event_groups.o
 .text.prvTestWaitCondition
                0x00000000       0x26 event_groups.o
 .text.xEventGroupCreate
                0x00000000       0x26 event_groups.o
 .text.xEventGroupWaitBits
                0x00000000       0xe4 event_groups.o
 .text.xEventGroupClearBits
                0x00000000       0x1e event_groups.o
 .text.xEventGroupGetBitsFromISR
                0x00000000        0x8 event_groups.o
 .text.xEventGroupSetBits
                0x00000000       0xc8 event_groups.o
 .text.xEventGroupSync
                0x00000000       0xd6 event_groups.o
 .text.vEventGroupDelete
                0x00000000       0x2e event_groups.o
 .text.vEventGroupSetBitsCallback
                0x00000000        0x8 event_groups.o
 .text.vEventGroupClearBitsCallback
                0x00000000        0x8 event_groups.o
 .debug_info    0x00000000      0x8db event_groups.o
 .debug_abbrev  0x00000000      0x1dc event_groups.o
 .debug_loc     0x00000000      0xb41 event_groups.o
 .debug_aranges
                0x00000000       0x68 event_groups.o
 .debug_ranges  0x00000000       0x70 event_groups.o
 .debug_line    0x00000000      0x3fc event_groups.o
 .debug_str     0x00000000      0x59e event_groups.o
 .comment       0x00000000       0x31 event_groups.o
 .debug_frame   0x00000000      0x15c event_groups.o
 .text          0x00000000        0x0 heap_1.o
 .data          0x00000000        0x0 heap_1.o
 .bss           0x00000000        0x0 heap_1.o
 .text.vPortInitialiseBlocks
                0x00000000        0xa heap_1.o
 .text.xPortGetFreeHeapSize
                0x00000000       0x12 heap_1.o
 .text          0x00000000        0x0 list.o
 .data          0x00000000        0x0 list.o
 .bss           0x00000000        0x0 list.o
 .text.vListInsertEnd
                0x00000000       0x42 list.o
 .text          0x00000000        0x0 main.o
 .data          0x00000000        0x0 main.o
 .bss           0x00000000        0x0 main.o
 .text          0x00000000        0x0 port.o
 .data          0x00000000        0x0 port.o
 .bss           0x00000000        0x0 port.o
 .text.vPortEndScheduler
                0x00000000        0x2 port.o
 .text          0x00000000        0x0 queue.o
 .data          0x00000000        0x0 queue.o
 .bss           0x00000000        0x0 queue.o
 .text.xQueueGenericSendFromISR
                0x00000000       0x84 queue.o
 .text.xQueueGiveFromISR
                0x00000000       0x70 queue.o
 .text.xQueueSemaphoreTake
                0x00000000      0x106 queue.o
 .text.xQueuePeek
                0x00000000      0x122 queue.o
 .text.xQueueReceiveFromISR
                0x00000000       0x7a queue.o
 .text.xQueuePeekFromISR
                0x00000000       0x2e queue.o
 .text.uxQueueMessagesWaiting
                0x00000000       0x10 queue.o
 .text.uxQueueSpacesAvailable
                0x00000000       0x16 queue.o
 .text.uxQueueMessagesWaitingFromISR
                0x00000000        0x6 queue.o
 .text.vQueueDelete
                0x00000000        0x6 queue.o
 .text.xQueueIsQueueEmptyFromISR
                0x00000000       0x10 queue.o
 .text.xQueueIsQueueFullFromISR
                0x00000000       0x12 queue.o
 .text          0x00000000        0x0 stream_buffer.o
 .data          0x00000000        0x0 stream_buffer.o
 .bss           0x00000000        0x0 stream_buffer.o
 .text.prvBytesInBuffer
                0x00000000       0x26 stream_buffer.o
 .text.prvInitialiseNewStreamBuffer
                0x00000000       0x20 stream_buffer.o
 .text.prvWriteBytesToBuffer
                0x00000000       0x88 stream_buffer.o
 .text.prvWriteMessageToBuffer
                0x00000000       0x8e stream_buffer.o
 .text.prvReadBytesFromBuffer
                0x00000000       0x88 stream_buffer.o
 .text.prvReadMessageFromBuffer
                0x00000000       0x90 stream_buffer.o
 .text.xStreamBufferGenericCreate
                0x00000000       0x80 stream_buffer.o
 .text.vStreamBufferDelete
                0x00000000       0x1a stream_buffer.o
 .text.xStreamBufferReset
                0x00000000       0x56 stream_buffer.o
 .text.xStreamBufferSetTriggerLevel
                0x00000000       0x22 stream_buffer.o
 .text.xStreamBufferSpacesAvailable
                0x00000000       0x34 stream_buffer.o
 .text.xStreamBufferBytesAvailable
                0x00000000        0x6 stream_buffer.o
 .text.xStreamBufferSend
                0x00000000      0x174 stream_buffer.o
 .text.xStreamBufferSendFromISR
                0x00000000       0x8e stream_buffer.o
 .text.xStreamBufferReceive
                0x00000000      0x102 stream_buffer.o
 .text.xStreamBufferNextMessageLengthBytes
                0x00000000       0x54 stream_buffer.o
 .text.xStreamBufferReceiveFromISR
                0x00000000       0x8a stream_buffer.o
 .text.xStreamBufferIsEmpty
                0x00000000       0x18 stream_buffer.o
 .text.xStreamBufferIsFull
                0x00000000       0x2c stream_buffer.o
 .text.xStreamBufferSendCompletedFromISR
                0x00000000       0x4c stream_buffer.o
 .text.xStreamBufferReceiveCompletedFromISR
                0x00000000       0x4c stream_buffer.o
 .debug_info    0x00000000     0x1376 stream_buffer.o
 .debug_abbrev  0x00000000      0x200 stream_buffer.o
 .debug_loc     0x00000000     0x1c9f stream_buffer.o
 .debug_aranges
                0x00000000       0xc0 stream_buffer.o
 .debug_ranges  0x00000000       0xb0 stream_buffer.o
 .debug_line    0x00000000      0x775 stream_buffer.o
 .debug_str     0x00000000      0x841 stream_buffer.o
 .comment       0x00000000       0x31 stream_buffer.o
 .debug_frame   0x00000000      0x41c stream_buffer.o
 .text          0x00000000        0x0 tasks.o
 .data          0x00000000        0x0 tasks.o
 .bss           0x00000000        0x0 tasks.o
 .text.vTaskDelete
                0x00000000       0xb0 tasks.o
 .text.vTaskEndScheduler
                0x00000000        0xc tasks.o
 .text.xTaskGetTickCount
                0x00000000       0x14 tasks.o
 .text.xTaskGetTickCountFromISR
                0x00000000        0xa tasks.o
 .text.uxTaskGetNumberOfTasks
                0x00000000        0x6 tasks.o
 .text.pcTaskGetName
                0x00000000       0x10 tasks.o
 .text.xTaskDelayUntil
                0x00000000       0x84 tasks.o
 .text.vTaskDelay
                0x00000000       0x2c tasks.o
 .text.xTaskCatchUpTicks
                0x00000000       0x32 tasks.o
 .text.vTaskPlaceOnUnorderedEventList
                0x00000000       0x8c tasks.o
 .text.vTaskRemoveFromUnorderedEventList
                0x00000000      0x14c tasks.o
 .text.vTaskSetTimeOutState
                0x00000000       0x20 tasks.o
 .text.xTaskGetCurrentTaskHandle
                0x00000000        0xa tasks.o
 .text.uxTaskResetEventItemValue
                0x00000000       0x2e tasks.o
 .text.ulTaskGenericNotifyTake
                0x00000000      0x106 tasks.o
 .text.xTaskGenericNotifyWait
                0x00000000      0x142 tasks.o
 .text.xTaskGenericNotify
                0x00000000      0x20a tasks.o
 .text.xTaskGenericNotifyFromISR
                0x00000000      0x260 tasks.o
 .text.vTaskGenericNotifyGiveFromISR
                0x00000000      0x194 tasks.o
 .text.xTaskGenericNotifyStateClear
                0x00000000       0x34 tasks.o
 .text.ulTaskGenericNotifyValueClear
                0x00000000       0x6c tasks.o
 .text          0x00000000        0x0 timers.o
 .data          0x00000000        0x0 timers.o
 .bss           0x00000000        0x0 timers.o
 .debug_info    0x00000000       0x64 timers.o
 .debug_abbrev  0x00000000       0x26 timers.o
 .debug_aranges
                0x00000000       0x18 timers.o
 .debug_line    0x00000000       0x1a timers.o
 .debug_str     0x00000000      0x188 timers.o
 .comment       0x00000000       0x31 timers.o
 .text          0x00000000        0x0 UART.o
 .data          0x00000000        0x0 UART.o
 .bss           0x00000000        0x0 UART.o
 .text.UART_RX  0x00000000        0x8 UART.o
 .text          0x00000000        0x0 c:/program files (x86)/atmel/studio/7.0/toolchain/avr8/avr8-gnu-toolchain/bin/../lib/gcc/avr/5.4.0/avr5\libgcc.a(_udivmodhi4.o)
 .data          0x00000000        0x0 c:/program files (x86)/atmel/studio/7.0/toolchain/avr8/avr8-gnu-toolchain/bin/../lib/gcc/avr/5.4.0/avr5\libgcc.a(_udivmodhi4.o)
 .bss           0x00000000        0x0 c:/program files (x86)/atmel/studio/7.0/toolchain/avr8/avr8-gnu-toolchain/bin/../lib/gcc/avr/5.4.0/avr5\libgcc.a(_udivmodhi4.o)
 .text.libgcc.mul
                0x00000000        0x0 c:/program files (x86)/atmel/studio/7.0/toolchain/avr8/avr8-gnu-toolchain/bin/../lib/gcc/avr/5.4.0/avr5\libgcc.a(_udivmodhi4.o)
 .text.libgcc   0x00000000        0x0 c:/program files (x86)/atmel/studio/7.0/toolchain/avr8/avr8-gnu-toolchain/bin/../lib/gcc/avr/5.4.0/avr5\libgcc.a(_udivmodhi4.o)
 .text.libgcc.prologue
                0x00000000        0x0 c:/program files (x86)/atmel/studio/7.0/toolchain/avr8/avr8-gnu-toolchain/bin/../lib/gcc/avr/5.4.0/avr5\libgcc.a(_udivmodhi4.o)
 .text.libgcc.builtins
                0x00000000        0x0 c:/program files (x86)/atmel/studio/7.0/toolchain/avr8/avr8-gnu-toolchain/bin/../lib/gcc/avr/5.4.0/avr5\libgcc.a(_udivmodhi4.o)
 .text.libgcc.fmul
                0x00000000        0x0 c:/program files (x86)/atmel/studio/7.0/toolchain/avr8/avr8-gnu-toolchain/bin/../lib/gcc/avr/5.4.0/avr5\libgcc.a(_udivmodhi4.o)
 .text.libgcc.fixed
                0x00000000        0x0 c:/program files (x86)/atmel/studio/7.0/toolchain/avr8/avr8-gnu-toolchain/bin/../lib/gcc/avr/5.4.0/avr5\libgcc.a(_udivmodhi4.o)
 .text          0x00000000        0x0 c:/program files (x86)/atmel/studio/7.0/toolchain/avr8/avr8-gnu-toolchain/bin/../lib/gcc/avr/5.4.0/avr5\libgcc.a(_exit.o)
 .data          0x00000000        0x0 c:/program files (x86)/atmel/studio/7.0/toolchain/avr8/avr8-gnu-toolchain/bin/../lib/gcc/avr/5.4.0/avr5\libgcc.a(_exit.o)
 .bss           0x00000000        0x0 c:/program files (x86)/atmel/studio/7.0/toolchain/avr8/avr8-gnu-toolchain/bin/../lib/gcc/avr/5.4.0/avr5\libgcc.a(_exit.o)
 .text.libgcc.mul
                0x00000000        0x0 c:/program files (x86)/atmel/studio/7.0/toolchain/avr8/avr8-gnu-toolchain/bin/../lib/gcc/avr/5.4.0/avr5\libgcc.a(_exit.o)
 .text.libgcc.div
                0x00000000        0x0 c:/program files (x86)/atmel/studio/7.0/toolchain/avr8/avr8-gnu-toolchain/bin/../lib/gcc/avr/5.4.0/avr5\libgcc.a(_exit.o)
 .text.libgcc   0x00000000        0x0 c:/program files (x86)/atmel/studio/7.0/toolchain/avr8/avr8-gnu-toolchain/bin/../lib/gcc/avr/5.4.0/avr5\libgcc.a(_exit.o)
 .text.libgcc.prologue
                0x00000000        0x0 c:/program files (x86)/atmel/studio/7.0/toolchain/avr8/avr8-gnu-toolchain/bin/../lib/gcc/avr/5.4.0/avr5\libgcc.a(_exit.o)
 .text.libgcc.builtins
                0x00000000        0x0 c:/program files (x86)/atmel/studio/7.0/toolchain/avr8/avr8-gnu-toolchain/bin/../lib/gcc/avr/5.4.0/avr5\libgcc.a(_exit.o)
 .text.libgcc.fmul
                0x00000000        0x0 c:/program files (x86)/atmel/studio/7.0/toolchain/avr8/avr8-gnu-toolchain/bin/../lib/gcc/avr/5.4.0/avr5\libgcc.a(_exit.o)
 .text.libgcc.fixed
                0x00000000        0x0 c:/program files (x86)/atmel/studio/7.0/toolchain/avr8/avr8-gnu-toolchain/bin/../lib/gcc/avr/5.4.0/avr5\libgcc.a(_exit.o)
 .text          0x00000000        0x0 c:/program files (x86)/atmel/studio/7.0/toolchain/avr8/avr8-gnu-toolchain/bin/../lib/gcc/avr/5.4.0/avr5\libgcc.a(_copy_data.o)
 .data          0x00000000        0x0 c:/program files (x86)/atmel/studio/7.0/toolchain/avr8/avr8-gnu-toolchain/bin/../lib/gcc/avr/5.4.0/avr5\libgcc.a(_copy_data.o)
 .bss           0x00000000        0x0 c:/program files (x86)/atmel/studio/7.0/toolchain/avr8/avr8-gnu-toolchain/bin/../lib/gcc/avr/5.4.0/avr5\libgcc.a(_copy_data.o)
 .text.libgcc.mul
                0x00000000        0x0 c:/program files (x86)/atmel/studio/7.0/toolchain/avr8/avr8-gnu-toolchain/bin/../lib/gcc/avr/5.4.0/avr5\libgcc.a(_copy_data.o)
 .text.libgcc.div
                0x00000000        0x0 c:/program files (x86)/atmel/studio/7.0/toolchain/avr8/avr8-gnu-toolchain/bin/../lib/gcc/avr/5.4.0/avr5\libgcc.a(_copy_data.o)
 .text.libgcc   0x00000000        0x0 c:/program files (x86)/atmel/studio/7.0/toolchain/avr8/avr8-gnu-toolchain/bin/../lib/gcc/avr/5.4.0/avr5\libgcc.a(_copy_data.o)
 .text.libgcc.prologue
                0x00000000        0x0 c:/program files (x86)/atmel/studio/7.0/toolchain/avr8/avr8-gnu-toolchain/bin/../lib/gcc/avr/5.4.0/avr5\libgcc.a(_copy_data.o)
 .text.libgcc.builtins
                0x00000000        0x0 c:/program files (x86)/atmel/studio/7.0/toolchain/avr8/avr8-gnu-toolchain/bin/../lib/gcc/avr/5.4.0/avr5\libgcc.a(_copy_data.o)
 .text.libgcc.fmul
                0x00000000        0x0 c:/program files (x86)/atmel/studio/7.0/toolchain/avr8/avr8-gnu-toolchain/bin/../lib/gcc/avr/5.4.0/avr5\libgcc.a(_copy_data.o)
 .text.libgcc.fixed
                0x00000000        0x0 c:/program files (x86)/atmel/studio/7.0/toolchain/avr8/avr8-gnu-toolchain/bin/../lib/gcc/avr/5.4.0/avr5\libgcc.a(_copy_data.o)
 .text          0x00000000        0x0 c:/program files (x86)/atmel/studio/7.0/toolchain/avr8/avr8-gnu-toolchain/bin/../lib/gcc/avr/5.4.0/avr5\libgcc.a(_clear_bss.o)
 .data          0x00000000        0x0 c:/program files (x86)/atmel/studio/7.0/toolchain/avr8/avr8-gnu-toolchain/bin/../lib/gcc/avr/5.4.0/avr5\libgcc.a(_clear_bss.o)
 .bss           0x00000000        0x0 c:/program files (x86)/atmel/studio/7.0/toolchain/avr8/avr8-gnu-toolchain/bin/../lib/gcc/avr/5.4.0/avr5\libgcc.a(_clear_bss.o)
 .text.libgcc.mul
                0x00000000        0x0 c:/program files (x86)/atmel/studio/7.0/toolchain/avr8/avr8-gnu-toolchain/bin/../lib/gcc/avr/5.4.0/avr5\libgcc.a(_clear_bss.o)
 .text.libgcc.div
                0x00000000        0x0 c:/program files (x86)/atmel/studio/7.0/toolchain/avr8/avr8-gnu-toolchain/bin/../lib/gcc/avr/5.4.0/avr5\libgcc.a(_clear_bss.o)
 .text.libgcc   0x00000000        0x0 c:/program files (x86)/atmel/studio/7.0/toolchain/avr8/avr8-gnu-toolchain/bin/../lib/gcc/avr/5.4.0/avr5\libgcc.a(_clear_bss.o)
 .text.libgcc.prologue
                0x00000000        0x0 c:/program files (x86)/atmel/studio/7.0/toolchain/avr8/avr8-gnu-toolchain/bin/../lib/gcc/avr/5.4.0/avr5\libgcc.a(_clear_bss.o)
 .text.libgcc.builtins
                0x00000000        0x0 c:/program files (x86)/atmel/studio/7.0/toolchain/avr8/avr8-gnu-toolchain/bin/../lib/gcc/avr/5.4.0/avr5\libgcc.a(_clear_bss.o)
 .text.libgcc.fmul
                0x00000000        0x0 c:/program files (x86)/atmel/studio/7.0/toolchain/avr8/avr8-gnu-toolchain/bin/../lib/gcc/avr/5.4.0/avr5\libgcc.a(_clear_bss.o)
 .text.libgcc.fixed
                0x00000000        0x0 c:/program files (x86)/atmel/studio/7.0/toolchain/avr8/avr8-gnu-toolchain/bin/../lib/gcc/avr/5.4.0/avr5\libgcc.a(_clear_bss.o)
 .text          0x00000000        0x0 c:/program files (x86)/atmel/studio/7.0/toolchain/avr8/avr8-gnu-toolchain/bin/../lib/gcc/avr/5.4.0/../../../../avr/lib/avr5\libc.a(memcpy.o)
 .data          0x00000000        0x0 c:/program files (x86)/atmel/studio/7.0/toolchain/avr8/avr8-gnu-toolchain/bin/../lib/gcc/avr/5.4.0/../../../../avr/lib/avr5\libc.a(memcpy.o)
 .bss           0x00000000        0x0 c:/program files (x86)/atmel/studio/7.0/toolchain/avr8/avr8-gnu-toolchain/bin/../lib/gcc/avr/5.4.0/../../../../avr/lib/avr5\libc.a(memcpy.o)

Memory Configuration

Name             Origin             Length             Attributes
text             0x00000000         0x00008000         xr
data             0x00800060         0x00000800         rw !x
eeprom           0x00810000         0x00000400         rw !x
fuse             0x00820000         0x00000002         rw !x
lock             0x00830000         0x00000400         rw !x
signature        0x00840000         0x00000400         rw !x
user_signatures  0x00850000         0x00000400         rw !x
*default*        0x00000000         0xffffffff

Linker script and memory map

LOAD C:/Program Files (x86)/Atmel/Studio/7.0/Packs/atmel/ATmega_DFP/1.7.374/gcc/dev/atmega32/avr5/crtatmega32.o
LOAD croutine.o
LOAD event_groups.o
LOAD heap_1.o
LOAD list.o
LOAD main.o
LOAD port.o
LOAD queue.o
LOAD stream_buffer.o
LOAD tasks.o
LOAD timers.o
LOAD UART.o
START GROUP
LOAD c:/program files (x86)/atmel/studio/7.0/toolchain/avr8/avr8-gnu-toolchain/bin/../lib/gcc/avr/5.4.0/../../../../avr/lib/avr5\libm.a
END GROUP
START GROUP
LOAD c:/program files (x86)/atmel/studio/7.0/toolchain/avr8/avr8-gnu-toolchain/bin/../lib/gcc/avr/5.4.0/avr5\libgcc.a
LOAD c:/program files (x86)/atmel/studio/7.0/toolchain/avr8/avr8-gnu-toolchain/bin/../lib/gcc/avr/5.4.0/../../../../avr/lib/avr5\libm.a
LOAD c:/program files (x86)/atmel/studio/7.0/toolchain/avr8/avr8-gnu-toolchain/bin/../lib/gcc/avr/5.4.0/../../../../avr/lib/avr5\libc.a
LOAD C:/Program Files (x86)/Atmel/Studio/7.0/Packs/atmel/ATmega_DFP/1.7.374/gcc/dev/atmega32/avr5\libatmega32.a
END GROUP
                0x00000000                __TEXT_REGION_ORIGIN__ = DEFINED (__TEXT_REGION_ORIGIN__)?__TEXT_REGION_ORIGIN__:0x0
                [0x00800060]                __DATA_REGION_ORIGIN__ = DEFINED (__DATA_REGION_ORIGIN__)?__DATA_REGION_ORIGIN__:0x800060
                [0x00008000]                __TEXT_REGION_LENGTH__ = DEFINED (__TEXT_REGION_LENGTH__)?__TEXT_REGION_LENGTH__:0x20000
                [0x00000800]                __DATA_REGION_LENGTH__ = DEFINED (__DATA_REGION_LENGTH__)?__DATA_REGION_LENGTH__:0xffa0
                [0x00000400]                __EEPROM_REGION_LENGTH__ = DEFINED (__EEPROM_REGION_LENGTH__)?__EEPROM_REGION_LENGTH__:0x10000
                [0x00000002]                __FUSE_REGION_LENGTH__ = DEFINED (__FUSE_REGION_LENGTH__)?__FUSE_REGION_LENGTH__:0x400
                0x00000400                __LOCK_REGION_LENGTH__ = DEFINED (__LOCK_REGION_LENGTH__)?__LOCK_REGION_LENGTH__:0x400
                0x00000400                __SIGNATURE_REGION_LENGTH__ = DEFINED (__SIGNATURE_REGION_LENGTH__)?__SIGNATURE_REGION_LENGTH__:0x400
                0x00000400                __USER_SIGNATURE_REGION_LENGTH__ = DEFINED (__USER_SIGNATURE_REGION_LENGTH__)?__USER_SIGNATURE_REGION_LENGTH__:0x400

.hash
 *(.hash)

.dynsym
 *(.dynsym)

.dynstr
 *(.dynstr)

.gnu.version
 *(.gnu.version)

.gnu.version_d
 *(.gnu.version_d)

.gnu.version_r
 *(.gnu.version_r)

.rel.init
 *(.rel.init)

.rela.init
 *(.rela.init)

.rel.text
 *(.rel.text)
 *(.rel.text.*)
 *(.rel.gnu.linkonce.t*)

.rela.text
 *(.rela.text)
 *(.rela.text.*)
 *(.rela.gnu.linkonce.t*)

.rel.fini
 *(.rel.fini)

.rela.fini
 *(.rela.fini)

.rel.rodata
 *(.rel.rodata)
 *(.rel.rodata.*)
 *(.rel.gnu.linkonce.r*)

.rela.rodata
 *(.rela.rodata)
 *(.rela.rodata.*)
 *(.rela.gnu.linkonce.r*)

.rel.data
 *(.rel.data)
 *(.rel.data.*)
 *(.rel.gnu.linkonce.d*)

.rela.data
 *(.rela.data)
 *(.rela.data.*)
 *(.rela.gnu.linkonce.d*)

.rel.ctors
 *(.rel.ctors)

.rela.ctors
 *(.rela.ctors)

.rel.dtors
 *(.rel.dtors)

.rela.dtors
 *(.rela.dtors)

.rel.got
 *(.rel.got)

.rela.got
 *(.rela.got)

.rel.bss
 *(.rel.bss)

.rela.bss
 *(.rela.bss)

.rel.plt
 *(.rel.plt)

.rela.plt
 *(.rela.plt)

.text           0x00000000     0x15f8
 *(.vectors)
 .vectors       0x00000000       0x54 C:/Program Files (x86)/Atmel/Studio/7.0/Packs/atmel/ATmega_DFP/1.7.374/gcc/dev/atmega32/avr5/crtatmega32.o
                0x00000000                __vector_default
                0x00000000                __vectors
 *(.vectors)
 *(.progmem.gcc*)
                0x00000054                . = ALIGN (0x2)
                0x00000054                __trampolines_start = .
 *(.trampolines)
 .trampolines   0x00000054        0x0 linker stubs
 *(.trampolines*)
                0x00000054                __trampolines_end = .
 *libprintf_flt.a:*(.progmem.data)
 *libc.a:*(.progmem.data)
 *(.progmem*)
                0x00000054                . = ALIGN (0x2)
 *(.jumptables)
 *(.jumptables*)
 *(.lowtext)
 *(.lowtext*)
                0x00000054                __ctors_start = .
 *(.ctors)
                0x00000054                __ctors_end = .
                0x00000054                __dtors_start = .
 *(.dtors)
                0x00000054                __dtors_end = .
 SORT(*)(.ctors)
 SORT(*)(.dtors)
 *(.init0)
 .init0         0x00000054        0x0 C:/Program Files (x86)/Atmel/Studio/7.0/Packs/atmel/ATmega_DFP/1.7.374/gcc/dev/atmega32/avr5/crtatmega32.o
                0x00000054                __init
 *(.init0)
 *(.init1)
 *(.init1)
 *(.init2)
 .init2         0x00000054        0xc C:/Program Files (x86)/Atmel/Studio/7.0/Packs/atmel/ATmega_DFP/1.7.374/gcc/dev/atmega32/avr5/crtatmega32.o
 *(.init2)
 *(.init3)
 *(.init3)
 *(.init4)
 .init4         0x00000060       0x16 c:/program files (x86)/atmel/studio/7.0/toolchain/avr8/avr8-gnu-toolchain/bin/../lib/gcc/avr/5.4.0/avr5\libgcc.a(_copy_data.o)
                0x00000060                __do_copy_data
 .init4         0x00000076       0x10 c:/program files (x86)/atmel/studio/7.0/toolchain/avr8/avr8-gnu-toolchain/bin/../lib/gcc/avr/5.4.0/avr5\libgcc.a(_clear_bss.o)
                0x00000076                __do_clear_bss
 *(.init4)
 *(.init5)
 *(.init5)
 *(.init6)
 *(.init6)
 *(.init7)
 *(.init7)
 *(.init8)
 *(.init8)
 *(.init9)
 .init9         0x00000086        0x8 C:/Program Files (x86)/Atmel/Studio/7.0/Packs/atmel/ATmega_DFP/1.7.374/gcc/dev/atmega32/avr5/crtatmega32.o
 *(.init9)
 *(.text)
 .text          0x0000008e        0x4 C:/Program Files (x86)/Atmel/Studio/7.0/Packs/atmel/ATmega_DFP/1.7.374/gcc/dev/atmega32/avr5/crtatmega32.o
                0x0000008e                __vector_1
                0x0000008e                __vector_12
                0x0000008e                __bad_interrupt
                0x0000008e                __vector_6
                0x0000008e                __vector_3
                0x0000008e                __vector_11
                0x0000008e                __vector_13
                0x0000008e                __vector_17
                0x0000008e                __vector_19
                0x0000008e                __vector_5
                0x0000008e                __vector_4
                0x0000008e                __vector_9
                0x0000008e                __vector_2
                0x0000008e                __vector_15
                0x0000008e                __vector_8
                0x0000008e                __vector_14
                0x0000008e                __vector_10
                0x0000008e                __vector_16
                0x0000008e                __vector_18
                0x0000008e                __vector_20
                0x00000092                . = ALIGN (0x2)
 *(.text.*)
 .text.pvPortMalloc
                0x00000092       0x74 heap_1.o
                0x00000092                pvPortMalloc
 .text.vPortFree
                0x00000106        0x2 heap_1.o
                0x00000106                vPortFree
 .text.vListInitialise
                0x00000108       0x1c list.o
                0x00000108                vListInitialise
 .text.vListInitialiseItem
                0x00000124        0x8 list.o
                0x00000124                vListInitialiseItem
 .text.vListInsert
                0x0000012c       0x62 list.o
                0x0000012c                vListInsert
 .text.uxListRemove
                0x0000018e       0x4e list.o
                0x0000018e                uxListRemove
 .text.Sender   0x000001dc       0x1c main.o
                0x000001dc                Sender
 .text.Receiver
                0x000001f8       0x34 main.o
                0x000001f8                Receiver
 .text.main     0x0000022c       0x64 main.o
                0x0000022c                main
 .text.prvSetupTimerInterrupt
                0x00000290       0x12 port.o
 .text.pxPortInitialiseStack
                0x000002a2       0xd8 port.o
                0x000002a2                pxPortInitialiseStack
 .text.xPortStartScheduler
                0x0000037a       0x5e port.o
                0x0000037a                xPortStartScheduler
 .text.vPortYield
                0x000003d8       0xb2 port.o
                0x000003d8                vPortYield
 .text.vPortYieldFromTick
                0x0000048a       0xb8 port.o
                0x0000048a                vPortYieldFromTick
 .text.__vector_7
                0x00000542        0x6 port.o
                0x00000542                __vector_7
 .text.prvIsQueueEmpty
                0x00000548       0x1a queue.o
 .text.prvIsQueueFull
                0x00000562       0x1c queue.o
 .text.prvCopyDataToQueue
                0x0000057e       0x92 queue.o
 .text.prvCopyDataFromQueue
                0x00000610       0x34 queue.o
 .text.prvUnlockQueue
                0x00000644       0x68 queue.o
 .text.xQueueGenericReset
                0x000006ac       0xc0 queue.o
                0x000006ac                xQueueGenericReset
 .text.prvInitialiseNewQueue
                0x0000076c       0x26 queue.o
 .text.xQueueGenericCreate
                0x00000792       0x82 queue.o
                0x00000792                xQueueGenericCreate
 .text.xQueueGenericSend
                0x00000814      0x124 queue.o
                0x00000814                xQueueGenericSend
 .text.xQueueReceive
                0x00000938      0x11e queue.o
                0x00000938                xQueueReceive
 .text.prvResetNextTaskUnblockTime
                0x00000a56       0x38 tasks.o
 .text.prvDeleteTCB
                0x00000a8e       0x1a tasks.o
 .text.prvInitialiseNewTask
                0x00000aa8       0xd2 tasks.o
 .text.prvInitialiseTaskLists
                0x00000b7a       0x66 tasks.o
 .text.prvAddNewTaskToReadyList
                0x00000be0       0xfa tasks.o
 .text.prvCheckTasksWaitingTermination
                0x00000cda       0x4c tasks.o
 .text.prvIdleTask
                0x00000d26       0x12 tasks.o
 .text.prvAddCurrentTaskToDelayedList
                0x00000d38       0x88 tasks.o
 .text.xTaskCreate
                0x00000dc0       0xb2 tasks.o
                0x00000dc0                xTaskCreate
 .text.vTaskStartScheduler
                0x00000e72       0x58 tasks.o
                0x00000e72                vTaskStartScheduler
 .text.vTaskSuspendAll
                0x00000eca        0xc tasks.o
                0x00000eca                vTaskSuspendAll
 .text.xTaskIncrementTick
                0x00000ed6      0x234 tasks.o
                0x00000ed6                xTaskIncrementTick
 .text.xTaskResumeAll
                0x0000110a      0x1aa tasks.o
                0x0000110a                xTaskResumeAll
 .text.vTaskSwitchContext
                0x000012b4       0xa8 tasks.o
                0x000012b4                vTaskSwitchContext
 .text.vTaskPlaceOnEventList
                0x0000135c       0x24 tasks.o
                0x0000135c                vTaskPlaceOnEventList
 .text.xTaskRemoveFromEventList
                0x00001380      0x17a tasks.o
                0x00001380                xTaskRemoveFromEventList
 .text.vTaskInternalSetTimeOutState
                0x000014fa       0x16 tasks.o
                0x000014fa                vTaskInternalSetTimeOutState
 .text.xTaskCheckForTimeOut
                0x00001510       0x64 tasks.o
                0x00001510                xTaskCheckForTimeOut
 .text.vTaskMissedYield
                0x00001574        0x8 tasks.o
                0x00001574                vTaskMissedYield
 .text.UART_INT
                0x0000157c       0x10 UART.o
                0x0000157c                UART_INT
 .text.UART_SENDCHAR
                0x0000158c        0x8 UART.o
                0x0000158c                UART_SENDCHAR
 .text.UART_SENDSTRING
                0x00001594       0x26 UART.o
                0x00001594                UART_SENDSTRING
 .text.libgcc.div
                0x000015ba       0x28 c:/program files (x86)/atmel/studio/7.0/toolchain/avr8/avr8-gnu-toolchain/bin/../lib/gcc/avr/5.4.0/avr5\libgcc.a(_udivmodhi4.o)
                0x000015ba                __udivmodhi4
 .text.avr-libc
                0x000015e2       0x12 c:/program files (x86)/atmel/studio/7.0/toolchain/avr8/avr8-gnu-toolchain/bin/../lib/gcc/avr/5.4.0/../../../../avr/lib/avr5\libc.a(memcpy.o)
                0x000015e2                memcpy
                0x000015f4                . = ALIGN (0x2)
 *(.fini9)
 .fini9         0x000015f4        0x0 c:/program files (x86)/atmel/studio/7.0/toolchain/avr8/avr8-gnu-toolchain/bin/../lib/gcc/avr/5.4.0/avr5\libgcc.a(_exit.o)
                0x000015f4                _exit
                0x000015f4                exit
 *(.fini9)
 *(.fini8)
 *(.fini8)
 *(.fini7)
 *(.fini7)
 *(.fini6)
 *(.fini6)
 *(.fini5)
 *(.fini5)
 *(.fini4)
 *(.fini4)
 *(.fini3)
 *(.fini3)
 *(.fini2)
 *(.fini2)
 *(.fini1)
 *(.fini1)
 *(.fini0)
 .fini0         0x000015f4        0x4 c:/program files (x86)/atmel/studio/7.0/toolchain/avr8/avr8-gnu-toolchain/bin/../lib/gcc/avr/5.4.0/avr5\libgcc.a(_exit.o)
 *(.fini0)
                0x000015f8                _etext = .

.data           0x00800060       0x46 load address 0x000015f8
                0x00800060                PROVIDE (__data_start, .)
 *(.data)
 *(.data*)
 .data.uxTopUsedPriority
                0x00800060        0x1 tasks.o
                0x00800060                uxTopUsedPriority
 *(.gnu.linkonce.d*)
 *(.rodata)
 *(.rodata*)
 .rodata.str1.1
                0x00800061       0x37 main.o
 .rodata.senderData
                0x00800098        0x8 main.o
 .rodata.str1.1
                0x008000a0        0x5 tasks.o
 *(.gnu.linkonce.r*)
                0x008000a6                . = ALIGN (0x2)
 *fill*         0x008000a5        0x1 
                0x008000a6                _edata = .
                0x008000a6                PROVIDE (__data_end, .)

.bss            0x008000a6      0x640
                0x008000a6                PROVIDE (__bss_start, .)
 *(.bss)
 *(.bss*)
 .bss.pucAlignedHeap.2111
                0x008000a6        0x2 heap_1.o
 .bss.xNextFreeByte
                0x008000a8        0x2 heap_1.o
 .bss.ucHeap    0x008000aa      0x5dc heap_1.o
 .bss.uxSchedulerSuspended
                0x00800686        0x1 tasks.o
 .bss.xIdleTaskHandle
                0x00800687        0x2 tasks.o
 .bss.xNextTaskUnblockTime
                0x00800689        0x2 tasks.o
 .bss.uxTaskNumber
                0x0080068b        0x1 tasks.o
 .bss.xNumOfOverflows
                0x0080068c        0x1 tasks.o
 .bss.xYieldPending
                0x0080068d        0x1 tasks.o
 .bss.xPendedTicks
                0x0080068e        0x2 tasks.o
 .bss.xSchedulerRunning
                0x00800690        0x1 tasks.o
 .bss.uxTopReadyPriority
                0x00800691        0x1 tasks.o
 .bss.xTickCount
                0x00800692        0x2 tasks.o
 .bss.uxCurrentNumberOfTasks
                0x00800694        0x1 tasks.o
 .bss.uxDeletedTasksWaitingCleanUp
                0x00800695        0x1 tasks.o
 .bss.xTasksWaitingTermination
                0x00800696        0x9 tasks.o
 .bss.xPendingReadyList
                0x0080069f        0x9 tasks.o
 .bss.pxOverflowDelayedTaskList
                0x008006a8        0x2 tasks.o
 .bss.pxDelayedTaskList
                0x008006aa        0x2 tasks.o
 .bss.xDelayedTaskList2
                0x008006ac        0x9 tasks.o
 .bss.xDelayedTaskList1
                0x008006b5        0x9 tasks.o
 .bss.pxReadyTasksLists
                0x008006be       0x24 tasks.o
 .bss.pxCurrentTCB
                0x008006e2        0x2 tasks.o
                0x008006e2                pxCurrentTCB
 *(COMMON)
 COMMON         0x008006e4        0x2 main.o
                0x008006e4                xQueue
                0x008006e6                PROVIDE (__bss_end, .)
                0x000015f8                __data_load_start = LOADADDR (.data)
                0x0000163e                __data_load_end = (__data_load_start + SIZEOF (.data))

.noinit         0x008006e6        0x0
                [!provide]                PROVIDE (__noinit_start, .)
 *(.noinit*)
                [!provide]                PROVIDE (__noinit_end, .)
                0x008006e6                _end = .
                [!provide]                PROVIDE (__heap_start, .)

.eeprom         0x00810000        0x0
 *(.eeprom*)
                0x00810000                __eeprom_end = .

.fuse
 *(.fuse)
 *(.lfuse)
 *(.hfuse)
 *(.efuse)

.lock
 *(.lock*)

.signature
 *(.signature*)

.user_signatures
 *(.user_signatures*)

.stab
 *(.stab)

.stabstr
 *(.stabstr)

.stab.excl
 *(.stab.excl)

.stab.exclstr
 *(.stab.exclstr)

.stab.index
 *(.stab.index)

.stab.indexstr
 *(.stab.indexstr)

.comment        0x00000000       0x30
 *(.comment)
 .comment       0x00000000       0x30 heap_1.o
                                 0x31 (size before relaxing)
 .comment       0x00000030       0x31 list.o
 .comment       0x00000030       0x31 main.o
 .comment       0x00000030       0x31 port.o
 .comment       0x00000030       0x31 queue.o
 .comment       0x00000030       0x31 tasks.o
 .comment       0x00000030       0x31 UART.o

.note.gnu.avr.deviceinfo
                0x00000000       0x3c
 .note.gnu.avr.deviceinfo
                0x00000000       0x3c C:/Program Files (x86)/Atmel/Studio/7.0/Packs/atmel/ATmega_DFP/1.7.374/gcc/dev/atmega32/avr5/crtatmega32.o

.note.gnu.build-id
 *(.note.gnu.build-id)

.debug
 *(.debug)

.line
 *(.line)

.debug_srcinfo
 *(.debug_srcinfo)

.debug_sfnames
 *(.debug_sfnames)

.debug_aranges  0x00000000      0x350
 *(.debug_aranges)
 .debug_aranges
                0x00000000       0x38 heap_1.o
 .debug_aranges
                0x00000038       0x40 list.o
 .debug_aranges
                0x00000078       0x30 main.o
 .debug_aranges
                0x000000a8       0x50 port.o
 .debug_aranges
                0x000000f8       0xc8 queue.o
 .debug_aranges
                0x000001c0      0x158 tasks.o
 .debug_aranges
                0x00000318       0x38 UART.o

.debug_pubnames
 *(.debug_pubnames)

.debug_info     0x00000000     0x3f4f
 *(.debug_info .gnu.linkonce.wi.*)
 .debug_info    0x00000000      0x4e6 C:/Program Files (x86)/Atmel/Studio/7.0/Packs/atmel/ATmega_DFP/1.7.374/gcc/dev/atmega32/avr5/crtatmega32.o
 .debug_info    0x000004e6      0x1a4 heap_1.o
 .debug_info    0x0000068a      0x2d8 list.o
 .debug_info    0x00000962      0x3d1 main.o
 .debug_info    0x00000d33      0x24e port.o
 .debug_info    0x00000f81     0x14f8 queue.o
 .debug_info    0x00002479     0x19c4 tasks.o
 .debug_info    0x00003e3d      0x112 UART.o

.debug_abbrev   0x00000000      0xf09
 *(.debug_abbrev)
 .debug_abbrev  0x00000000      0x4a3 C:/Program Files (x86)/Atmel/Studio/7.0/Packs/atmel/ATmega_DFP/1.7.374/gcc/dev/atmega32/avr5/crtatmega32.o
 .debug_abbrev  0x000004a3      0x11c heap_1.o
 .debug_abbrev  0x000005bf       0xff list.o
 .debug_abbrev  0x000006be      0x16d main.o
 .debug_abbrev  0x0000082b      0x143 port.o
 .debug_abbrev  0x0000096e      0x227 queue.o
 .debug_abbrev  0x00000b95      0x294 tasks.o
 .debug_abbrev  0x00000e29       0xe0 UART.o

.debug_line     0x00000000     0x23e4
 *(.debug_line .debug_line.* .debug_line_end)
 .debug_line    0x00000000      0x116 C:/Program Files (x86)/Atmel/Studio/7.0/Packs/atmel/ATmega_DFP/1.7.374/gcc/dev/atmega32/avr5/crtatmega32.o
 .debug_line    0x00000116      0x1ad heap_1.o
 .debug_line    0x000002c3      0x1d0 list.o
 .debug_line    0x00000493      0x145 main.o
 .debug_line    0x000005d8      0x29d port.o
 .debug_line    0x00000875      0xaa5 queue.o
 .debug_line    0x0000131a      0xf9f tasks.o
 .debug_line    0x000022b9      0x12b UART.o

.debug_frame    0x00000000      0xa3c
 *(.debug_frame)
 .debug_frame   0x00000000       0x60 heap_1.o
 .debug_frame   0x00000060       0x88 list.o
 .debug_frame   0x000000e8       0x54 main.o
 .debug_frame   0x0000013c       0x84 port.o
 .debug_frame   0x000001c0      0x2fc queue.o
 .debug_frame   0x000004bc      0x51c tasks.o
 .debug_frame   0x000009d8       0x64 UART.o

.debug_str      0x00000000     0x130a
 *(.debug_str)
 .debug_str     0x00000000      0x196 C:/Program Files (x86)/Atmel/Studio/7.0/Packs/atmel/ATmega_DFP/1.7.374/gcc/dev/atmega32/avr5/crtatmega32.o
 .debug_str     0x00000196      0x201 heap_1.o
                                0x23a (size before relaxing)
 .debug_str     0x00000397      0x140 list.o
                                0x2c9 (size before relaxing)
 .debug_str     0x000004d7       0xe1 main.o
                                0x28e (size before relaxing)
 .debug_str     0x000005b8      0x116 port.o
                                0x2c2 (size before relaxing)
 .debug_str     0x000006ce      0x490 queue.o
                                0x7b1 (size before relaxing)
 .debug_str     0x00000b5e      0x78a tasks.o
                                0xc6c (size before relaxing)
 .debug_str     0x000012e8       0x22 UART.o
                                0x1b9 (size before relaxing)

.debug_loc      0x00000000     0x3c5a
 *(.debug_loc)
 .debug_loc     0x00000000      0x10f heap_1.o
 .debug_loc     0x0000010f      0x145 list.o
 .debug_loc     0x00000254       0x96 main.o
 .debug_loc     0x000002ea      0x2a0 port.o
 .debug_loc     0x0000058a     0x18dd queue.o
 .debug_loc     0x00001e67     0x1d62 tasks.o
 .debug_loc     0x00003bc9       0x91 UART.o

.debug_macinfo
 *(.debug_macinfo)

.debug_weaknames
 *(.debug_weaknames)

.debug_funcnames
 *(.debug_funcnames)

.debug_typenames
 *(.debug_typenames)

.debug_varnames
 *(.debug_varnames)

.debug_pubtypes
 *(.debug_pubtypes)

.debug_ranges   0x00000000      0x368
 *(.debug_ranges)
 .debug_ranges  0x00000000       0x28 heap_1.o
 .debug_ranges  0x00000028       0x30 list.o
 .debug_ranges  0x00000058       0x20 main.o
 .debug_ranges  0x00000078       0x40 port.o
 .debug_ranges  0x000000b8      0x100 queue.o
 .debug_ranges  0x000001b8      0x188 tasks.o
 .debug_ranges  0x00000340       0x28 UART.o

.debug_macro
 *(.debug_macro)
OUTPUT(RTOS_queue_struct.elf elf32-avr)
LOAD linker stubs
